#"Step"     "Time (ps)"     "Potential Energy (kJ/mole)"     "Temperature (K)"     "Time Remaining"
500     1.0000000000000007     103.78762580408664     349.1841179529882     --
1000     2.0000000000000013     93.99906421376109     372.27919767141253     2:06:43
1500     2.999999999999891     77.42184272122492     332.11856500762747     2:06:58
2000     3.999999999999781     92.7129877473442     236.54995141205745     2:06:55
2500     4.999999999999671     106.76058719842793     241.18057654036193     2:06:53
3000     5.999999999999561     110.5192310464894     320.2787801307668     2:06:50
3500     6.999999999999451     118.83510511933648     225.67858421334125     2:06:44
4000     7.999999999999341     87.2894592225908     552.8132850844116     2:06:38
4500     8.999999999999675     84.61754232269593     467.09284911363994     2:06:29
5000     10.000000000000009     116.43900092983095     274.42273461904443     2:06:23
5500     11.000000000000343     104.9332108899618     326.1153004706348     2:06:22
6000     12.000000000000677     90.39723512056892     287.9655365318014     2:06:22
6500     13.00000000000101     98.95999127825473     266.69473411651467     2:06:17
7000     14.000000000001345     81.99285842104258     311.0601857304063     2:06:08
7500     15.000000000001679     92.53321764757825     202.27535502491222     2:06:00
8000     16.00000000000201     88.6752870878338     222.48470446320295     2:05:51
8500     17.000000000001457     82.65749806260229     255.34759883655096     2:05:43
9000     18.000000000000902     81.46507000098751     220.71594262915772     2:05:36
9500     19.000000000000348     96.82611477769787     256.6338134345988     2:05:28
10000     19.999999999999794     86.4124106998445     288.88384323854797     2:05:19
10500     20.99999999999924     101.30028402270307     252.80372777848214     2:05:13
11000     21.999999999998685     105.91911581207793     279.10754512308483     2:05:04
11500     22.99999999999813     92.23496687832021     359.4203869958816     2:04:56
12000     23.999999999997577     104.53084403725146     348.45124578912214     2:04:48
12500     24.999999999997023     94.07035853391987     334.9344360926362     2:04:40
13000     25.99999999999647     103.1388422275909     360.451984988793     2:04:33
13500     26.999999999995914     97.95752903551417     374.77797825063254     2:04:27
14000     27.99999999999536     102.28368904105511     230.43283479509915     2:04:20
14500     28.999999999994806     94.28299740959649     338.68153098983873     2:04:14
15000     29.99999999999425     87.748102482003     334.3616304463789     2:04:08
15500     30.999999999993697     78.54102082182399     301.22112970426247     2:04:02
16000     31.999999999993143     84.98945438518955     392.5650388145362     2:03:55
16500     32.999999999994365     113.12309657206583     350.26939105512145     2:03:49
17000     33.99999999999559     87.2634812853564     338.1238736952305     2:03:43
17500     34.99999999999681     84.84408617737331     309.9890162451668     2:03:38
18000     35.99999999999803     95.18068379470351     448.4896281142717     2:03:31
18500     36.999999999999254     104.0561293424407     283.3494500110812     2:03:24
19000     38.000000000000476     99.50677019835378     311.9926200928722     2:03:17
19500     39.0000000000017     100.90131037213624     217.45913910342207     2:03:11
20000     40.00000000000292     85.78079750640862     245.37867191942587     2:03:04
20500     41.00000000000414     93.06690311156895     195.94762833606651     2:02:58
21000     42.000000000005365     90.14890384534505     203.74347042179576     2:02:51
21500     43.00000000000659     107.80597885039893     197.48159298825323     2:02:45
22000     44.00000000000781     91.09260497145837     384.95098296331065     2:02:38
22500     45.00000000000903     110.34491338072796     383.4704195122413     2:02:32
23000     46.00000000001025     109.15548718587601     346.0809839679227     2:02:25
23500     47.000000000011475     87.30891249416172     317.542617330986     2:02:20
24000     48.0000000000127     98.52844454174937     266.4065946690148     2:02:13
24500     49.00000000001392     98.20753402177748     282.65293423645255     2:02:07
25000     50.00000000001514     79.66856103156684     356.1069351513833     2:02:01
25500     51.000000000016364     92.39570470418623     242.94867150793687     2:01:54
26000     52.000000000017586     87.77322991119712     364.07354202099293     2:01:47
26500     53.00000000001881     76.98553741670415     348.1390042776204     2:01:40
27000     54.00000000002003     86.26205768836455     293.33138072926     2:01:34
27500     55.00000000002125     103.50121506337615     227.9006296432026     2:01:26
28000     56.000000000022474     106.04206615065898     265.24812095461596     2:01:19
28500     57.0000000000237     124.998571279081     282.4737714319917     2:01:13
29000     58.00000000002492     86.2363218256135     285.3497716148015     2:01:07
29500     59.00000000002614     97.34864133849304     312.3400395256499     2:01:01
30000     60.00000000002736     95.0441649945106     351.3217450760726     2:00:54
30500     61.000000000028585     88.50414167475007     273.4926014053541     2:00:47
31000     62.00000000002981     94.01134831511584     233.37446519086112     2:00:40
31500     63.00000000003103     71.90861597450737     318.8790607585144     2:00:33
32000     64.00000000003224     93.04104906365322     345.2166661264665     2:00:26
32500     65.00000000002991     87.30548817691002     482.79576622050394     2:00:19
33000     66.00000000002758     108.31958990412454     378.95257606860395     2:00:12
33500     67.00000000002525     88.50260685816338     351.5749905431899     2:00:05
34000     68.00000000002292     91.32033344735913     311.6122394306912     1:59:57
34500     69.00000000002059     84.02035870692148     278.47437286143304     1:59:50
35000     70.00000000001826     73.13922843731082     315.6312955514637     1:59:43
35500     71.00000000001593     89.60538666283809     213.89162548854782     1:59:37
36000     72.0000000000136     79.79890258095735     275.4806154032173     1:59:30
36500     73.00000000001127     104.62829193874356     195.91034274776698     1:59:23
37000     74.00000000000894     97.04721199469503     310.7914756178821     1:59:15
37500     75.00000000000661     82.8983580404237     301.34782303680316     1:59:08
38000     76.00000000000428     97.90841885068343     184.15087903187654     1:59:02
38500     77.00000000000195     113.4562190298836     287.22576353735093     1:58:54
39000     77.99999999999962     95.86642459019733     512.207684201868     1:58:47
39500     78.99999999999729     115.33943121011212     246.6845229618382     1:58:40
40000     79.99999999999496     95.07623294863176     247.5697918142571     1:58:33
40500     80.99999999999262     99.86723831712347     224.13510856587467     1:58:26
41000     81.9999999999903     75.42299451633762     285.0049166315858     1:58:18
41500     82.99999999998796     104.79899543626786     275.38618899532344     1:58:11
42000     83.99999999998563     99.3782945715135     241.70116692491908     1:58:04
42500     84.9999999999833     89.43135244613202     350.6106305101093     1:57:57
43000     85.99999999998097     86.55741083290297     357.0195875106507     1:57:49
43500     86.99999999997864     94.31998730616402     329.4549433576944     1:57:42
44000     87.99999999997631     83.42938608138941     244.0023868236979     1:57:34
44500     88.99999999997398     82.11160027925669     217.38887547029373     1:57:26
45000     89.99999999997165     66.72914768929094     293.84102890927676     1:57:19
45500     90.99999999996932     91.22235114011687     240.23893602591548     1:57:11
46000     91.99999999996699     96.35685064203858     357.9193189583946     1:57:04
46500     92.99999999996466     86.81237081171037     213.66442473079618     1:56:56
47000     93.99999999996233     92.95708304873382     281.5036614609655     1:56:49
47500     94.99999999996     91.43645201526796     423.8573438187322     1:56:41
48000     95.99999999995767     91.08054058878919     417.2447120004987     1:56:33
48500     96.99999999995534     97.88380622710801     386.96986115162224     1:56:26
49000     97.999999999953     83.18357392995935     183.36095157828555     1:56:18
49500     98.99999999995067     85.15853637865638     274.3215618551255     1:56:11
50000     99.99999999994834     90.91008826646078     196.1980609902622     1:56:03
50500     100.99999999994601     94.29900180192838     296.70063763497006     1:55:55
51000     101.99999999994368     91.0039827816208     133.0056656857107     1:55:48
51500     102.99999999994135     72.34512433593976     448.2649931571633     1:55:40
52000     103.99999999993902     96.39581036561623     349.3411432288123     1:55:33
52500     104.99999999993669     80.69421026429373     288.566392286619     1:55:25
53000     105.99999999993436     87.1788258412963     464.3226682948683     1:55:18
53500     106.99999999993203     105.3697565687015     306.4656504223397     1:55:10
54000     107.9999999999297     88.60784816292151     312.47569162604066     1:55:03
54500     108.99999999992737     93.76390458934657     380.1450932436587     1:54:55
55000     109.99999999992504     91.51056629409472     301.32679485282966     1:54:48
55500     110.99999999992271     88.34318350339426     231.74432108961526     1:54:40
56000     111.99999999992038     86.20396333465358     242.00752534388272     1:54:32
56500     112.99999999991805     81.29755492253622     199.9362663175024     1:54:25
57000     113.99999999991572     79.46333845775357     226.3948745453461     1:54:17
57500     114.99999999991338     91.86444629611623     155.77014002845897     1:54:09
58000     115.99999999991105     90.2463642448146     281.83533270618176     1:54:02
58500     116.99999999990872     109.21202049607301     267.0278493064245     1:53:54
59000     117.9999999999064     93.53017318540897     276.4734040193141     1:53:47
59500     118.99999999990406     84.43189784194207     368.8138866821145     1:53:39
60000     119.99999999990173     104.76088327197212     294.2712410765036     1:53:32
60500     120.9999999998994     112.3115569661119     306.82864409147646     1:53:24
61000     121.99999999989707     106.05645366469938     269.333170548146     1:53:17
61500     122.99999999989474     89.79380688730734     308.1718404449298     1:53:10
62000     123.99999999989241     76.11638478181887     414.81227465467515     1:53:02
62500     124.99999999989008     99.54985685726496     329.12825093116413     1:52:55
63000     125.99999999988775     86.38912111554659     303.90648675515894     1:52:47
63500     126.99999999988542     89.3286765312334     432.9554655687115     1:52:39
64000     127.99999999988309     86.58249919352774     259.58675709600936     1:52:32
64500     128.99999999988785     79.01829747182141     285.1984179496118     1:52:24
65000     129.99999999989262     104.38406046078758     258.02655307352126     1:52:16
65500     130.9999999998974     105.74626774003502     258.5096679029151     1:52:08
66000     131.99999999990217     101.92191605249985     257.01015308135993     1:52:00
66500     132.99999999990695     101.8589138849525     252.63422789055485     1:51:52
67000     133.99999999991172     94.90466175061394     275.9185174296149     1:51:44
67500     134.9999999999165     109.43814081825676     318.6567178508756     1:51:36
68000     135.99999999992127     113.86133516531987     239.75789760218763     1:51:28
68500     136.99999999992605     96.87675162199203     335.2624176664507     1:51:20
69000     137.99999999993082     96.18373339539689     389.77271987372916     1:51:12
69500     138.9999999999356     88.24718487818734     352.1464036279317     1:51:04
70000     139.99999999994037     81.82418667335111     287.84351860596985     1:50:56
70500     140.99999999994515     92.67082779424413     249.98040063207208     1:50:49
71000     141.99999999994992     106.44992122037299     234.84418640130693     1:50:41
71500     142.9999999999547     90.14444431258138     220.59074842598426     1:50:33
72000     143.99999999995947     82.47103098107914     218.3169725411111     1:50:25
72500     144.99999999996425     103.81523502671917     225.17641204622655     1:50:18
73000     145.99999999996902     97.87906341453679     192.58046745593987     1:50:10
73500     146.9999999999738     75.48772732077235     371.46639337605507     1:50:02
74000     147.99999999997857     90.38595737977187     192.46393439888357     1:49:55
74500     148.99999999998334     75.60033551498398     232.34506406643848     1:49:47
75000     149.99999999998812     81.15460392654339     229.60511378957784     1:49:39
75500     150.9999999999929     106.78579337883305     349.852241970906     1:49:31
76000     151.99999999999767     78.07646410839904     330.86087577951673     1:49:24
76500     153.00000000000244     76.23696639780667     243.998166988696     1:49:16
77000     154.00000000000722     94.60250846664721     315.41079512412756     1:49:08
77500     155.000000000012     98.1057927471826     367.720871074809     1:49:01
78000     156.00000000001677     95.82068699142798     279.0414466394728     1:48:53
78500     157.00000000002154     86.33470522024717     280.3074138736729     1:48:45
79000     158.00000000002632     83.14367387078407     216.96977821832715     1:48:38
79500     159.0000000000311     86.76126867635763     318.2979974339071     1:48:30
80000     160.00000000003587     79.84390952154428     236.51892431006314     1:48:23
80500     161.00000000004064     71.50099492611996     277.00711645381114     1:48:15
81000     162.00000000004542     103.57908796514438     237.87559401810182     1:48:07
81500     163.0000000000502     84.44681126590433     344.56908578552304     1:47:59
82000     164.00000000005497     84.35694478710595     211.38423981312513     1:47:51
82500     165.00000000005974     80.86860573573408     343.3112507684431     1:47:43
83000     166.00000000006452     94.48573057684328     190.8234342302148     1:47:35
83500     167.0000000000693     98.56633787087439     268.7073494023996     1:47:27
84000     168.00000000007407     110.5021071789018     290.24708579965517     1:47:20
84500     169.00000000007884     100.05746535960184     359.2800267361821     1:47:12
85000     170.00000000008362     99.97870795676003     309.36853525070995     1:47:04
85500     171.0000000000884     102.45323358575817     177.81054116180832     1:46:57
86000     172.00000000009317     98.22478807070226     241.31741874671735     1:46:49
86500     173.00000000009794     80.45469136667616     329.6296501551985     1:46:42
87000     174.00000000010272     84.22428808053678     278.68657478241187     1:46:34
87500     175.0000000001075     94.58347254157458     260.9565999587461     1:46:26
88000     176.00000000011227     84.10566729286037     250.2826840461141     1:46:19
88500     177.00000000011704     93.9497467125543     170.71442178702532     1:46:11
89000     178.00000000012182     105.97600795874263     183.25096050225588     1:46:03
89500     179.0000000001266     105.88647567157447     231.06911954072274     1:45:55
90000     180.00000000013137     95.3725188662073     209.29900630068443     1:45:48
90500     181.00000000013614     93.60614460471153     385.0602261161614     1:45:40
91000     182.00000000014091     118.02129064889738     312.0090917648499     1:45:32
91500     183.0000000001457     87.18115015571283     356.8970155307112     1:45:25
92000     184.00000000015046     92.80743727826687     312.1158368981084     1:45:17
92500     185.00000000015524     126.00709659834305     287.72303744525533     1:45:10
93000     186.00000000016001     96.15476293626872     264.35430401541663     1:45:02
93500     187.0000000001648     102.84020519529919     337.41817400986446     1:44:54
94000     188.00000000016956     104.75014636418359     242.69522944648844     1:44:47
94500     189.00000000017434     89.04104045919621     296.13998594115196     1:44:39
95000     190.0000000001791     102.02774282550538     245.4111027444459     1:44:32
95500     191.0000000001839     88.03838028295819     226.1587151668888     1:44:24
96000     192.00000000018866     89.49710787768254     418.5965713353483     1:44:16
96500     193.00000000019344     91.25623893046844     367.34804776989836     1:44:09
97000     194.0000000001982     97.52327875345466     460.364918683616     1:44:01
97500     195.000000000203     96.11781703339376     340.47205762388205     1:43:53
98000     196.00000000020776     84.67460755314394     394.31039673195073     1:43:45
98500     197.00000000021254     95.22671096373794     365.4959449439134     1:43:38
99000     198.0000000002173     74.5095501983159     415.04631218431     1:43:30
99500     199.0000000002221     82.6781936018532     355.1552342261259     1:43:22
100000     200.00000000022686     95.4762678122804     190.7449020896153     1:43:15
100500     201.00000000023164     78.21800673936539     309.1148532559413     1:43:07
101000     202.0000000002364     85.60986663330125     345.73012308605735     1:42:59
101500     203.0000000002412     112.28504444903677     380.7122035304134     1:42:52
102000     204.00000000024596     99.37419289225852     314.59088123799495     1:42:44
102500     205.00000000025074     110.65123062218588     328.3049284881397     1:42:36
103000     206.0000000002555     108.22581869690246     208.14093812809224     1:42:29
103500     207.0000000002603     81.03926569819056     256.2895585979049     1:42:21
104000     208.00000000026506     90.76483867867677     316.0111577107125     1:42:13
104500     209.00000000026984     78.5392212092835     379.0516843680026     1:42:05
105000     210.0000000002746     83.73355190509673     444.38187414100486     1:41:57
105500     211.00000000027939     82.56662589717153     465.5529107252519     1:41:49
106000     212.00000000028416     92.42771507177225     290.16169257126376     1:41:42
106500     213.00000000028894     70.25721354606252     306.6796337767563     1:41:34
107000     214.0000000002937     95.20288257185804     293.32219352815883     1:41:26
107500     215.00000000029848     88.50887840681432     268.78492648625615     1:41:18
108000     216.00000000030326     94.81222055127269     224.09506746731992     1:41:10
108500     217.00000000030803     79.23940410218603     309.7829847500874     1:41:02
109000     218.0000000003128     90.86244751264351     255.4459355891096     1:40:55
109500     219.00000000031758     93.0969128259928     274.5377046282605     1:40:47
110000     220.00000000032236     73.88043516529362     269.6788074322899     1:40:39
110500     221.00000000032713     82.74412153345858     239.0712738638646     1:40:31
111000     222.0000000003319     79.11406807568942     315.9072336552522     1:40:23
111500     223.00000000033668     110.46846444536175     301.35641633551796     1:40:15
112000     224.00000000034146     81.16278404844452     344.0046955432371     1:40:07
112500     225.00000000034623     94.81882356328155     264.1779961841301     1:39:59
113000     226.000000000351     94.86890757091214     289.78752462330834     1:39:51
113500     227.00000000035578     92.31274480367559     286.0578915465288     1:39:43
114000     228.00000000036056     74.05615422035895     237.04801398243052     1:39:35
114500     229.00000000036533     75.1424249042204     283.58674492946574     1:39:28
115000     230.0000000003701     100.96190846741327     366.7670523216158     1:39:20
115500     231.00000000037488     106.86833126930294     275.3027643125122     1:39:12
116000     232.00000000037966     102.74385036187542     256.5743258091157     1:39:04
116500     233.00000000038443     104.85118930732122     333.56622122787013     1:38:56
117000     234.0000000003892     93.93043026469164     229.94546479987207     1:38:48
117500     235.00000000039398     93.02088133537434     313.9445012668354     1:38:40
118000     236.00000000039876     109.79744763919118     297.4060376471357     1:38:33
118500     237.00000000040353     98.56562644426208     256.6836817770207     1:38:25
119000     238.0000000004083     96.71835513428735     280.77876976576755     1:38:17
119500     239.00000000041308     101.32909612549088     217.9980956257827     1:38:10
120000     240.00000000041786     83.20244520069575     263.2930816085963     1:38:02
120500     241.00000000042263     78.23515401123846     305.5678998885623     1:37:54
121000     242.0000000004274     117.52584270169402     357.3575996834694     1:37:46
121500     243.00000000043218     112.26918227602609     479.8691205027723     1:37:39
122000     244.00000000043696     94.94467213620078     489.07329248699193     1:37:31
122500     245.00000000044173     99.26892255560139     468.8634455969981     1:37:24
123000     246.0000000004465     114.87838689436538     335.0717109393571     1:37:16
123500     247.00000000045128     94.83687483591275     370.2059299391527     1:37:08
124000     248.00000000045605     110.64465755049264     485.8971029117241     1:37:01
124500     249.00000000046083     107.10158347024826     382.90551963954306     1:36:53
125000     250.0000000004656     119.3060469553882     221.82027494990905     1:36:46
125500     251.00000000047038     78.50363727973959     294.622757329975     1:36:38
126000     252.00000000047515     77.9806638217519     242.69175276744318     1:36:30
126500     253.00000000047993     105.72330062010616     298.2748399435488     1:36:23
127000     254.0000000004847     86.62539195964797     270.91921285508215     1:36:15
127500     255.00000000048948     110.62780830736266     252.85538996680913     1:36:07
128000     256.00000000049425     102.70456899960847     277.320039135298     1:35:59
128500     257.000000000499     86.46020848292186     345.7895562536524     1:35:52
129000     258.0000000005038     83.87217933617717     461.8287029557921     1:35:44
129500     259.0000000005086     85.8654643584454     375.9436293587604     1:35:36
130000     260.00000000051335     74.1766686719737     303.2259304606669     1:35:28
130500     261.0000000005181     103.53127797780736     278.3319898554269     1:35:20
131000     262.0000000005229     89.63804284564179     263.1205614903397     1:35:13
131500     263.0000000005277     105.39667310223335     292.4999049035436     1:35:05
132000     264.00000000053245     96.21811437481202     329.63578150261907     1:34:57
132500     265.0000000005372     118.22971259417152     333.72039935854934     1:34:49
133000     266.000000000542     116.31728747578589     354.7363015419751     1:34:41
133500     267.0000000005468     95.20069081508969     479.59712719058695     1:34:33
134000     268.00000000055155     89.56149020724743     393.9449533821655     1:34:26
134500     269.0000000005563     97.00887277161242     286.98212500782375     1:34:18
135000     270.0000000005611     91.8455264440368     390.3631964461586     1:34:10
135500     271.0000000005659     120.89667944836499     269.9691791285168     1:34:02
136000     272.00000000057065     94.57979329284387     263.79142323901     1:33:54
136500     273.0000000005754     108.74371860593669     245.5744089549024     1:33:46
137000     274.0000000005802     97.26394818109888     314.4675905361002     1:33:38
137500     275.000000000585     80.58815187829424     305.29465506581676     1:33:30
138000     276.00000000058975     87.13801200934569     258.9659899629937     1:33:22
138500     277.0000000005945     80.23778591056288     328.03190509526394     1:33:15
139000     278.0000000005993     94.93327863612643     354.3159717759749     1:33:07
139500     279.0000000006041     105.63336874763574     209.59996585876144     1:32:59
140000     280.00000000060885     103.83899647580297     325.1834542970288     1:32:51
140500     281.0000000006136     119.39258129184806     362.5701833679877     1:32:44
141000     282.0000000006184     102.51676561580695     260.50639703322383     1:32:36
141500     283.0000000006232     105.93139351239108     294.1184393484802     1:32:28
142000     284.00000000062795     88.39040586181788     348.5610482636207     1:32:20
142500     285.0000000006327     86.80759732074905     284.1755805543165     1:32:12
143000     286.0000000006375     95.62501073448324     415.7380190859957     1:32:05
143500     287.0000000006423     86.9360246532947     260.05421767484177     1:31:57
144000     288.00000000064705     101.03307342553322     239.2292494164358     1:31:49
144500     289.0000000006518     96.08916988857662     254.39436113273695     1:31:42
145000     290.0000000006566     102.34329741996027     224.2545536567869     1:31:34
145500     291.0000000006614     86.37478835877191     333.64345617481     1:31:26
146000     292.00000000066615     110.08434119057668     320.46983577352586     1:31:18
146500     293.0000000006709     101.88655031006179     396.0609386504291     1:31:11
147000     294.0000000006757     97.14242110130152     349.6591471456305     1:31:03
147500     295.0000000006805     94.66823696415275     283.7103760263645     1:30:55
148000     296.00000000068525     95.50252155057441     211.73482704115074     1:30:48
148500     297.00000000069     91.14761644875121     257.2865044068577     1:30:40
149000     298.0000000006948     91.67069213961524     166.8824264449632     1:30:33
149500     299.0000000006996     93.58782140734345     140.19740031167208     1:30:25
150000     300.00000000070435     86.34826031400503     264.7635654101755     1:30:17
150500     301.0000000007091     86.91582682789492     311.9899968868367     1:30:10
151000     302.0000000007139     95.28079314385661     237.20899397663024     1:30:02
151500     303.00000000071867     88.16202769085533     235.99896983361592     1:29:54
152000     304.00000000072345     77.00557894433172     289.0046354724579     1:29:47
152500     305.0000000007282     91.91700378752135     380.5483622227069     1:29:39
153000     306.000000000733     85.17979692867613     275.7154993617879     1:29:32
153500     307.00000000073777     91.72900965238381     257.8453525653352     1:29:24
154000     308.00000000074255     98.0604043497202     381.610260907044     1:29:16
154500     309.0000000007473     117.77692800835506     351.1078003979052     1:29:09
155000     310.0000000007521     101.99257061221957     399.07921582571333     1:29:01
155500     311.00000000075687     90.6503212624747     345.16227828815784     1:28:53
156000     312.00000000076164     105.38160164024512     516.7785414972975     1:28:46
156500     313.0000000007664     98.35210940098835     325.14965302252693     1:28:38
157000     314.0000000007712     87.16997421142625     321.5642516059293     1:28:31
157500     315.00000000077597     96.19907831633917     390.50831380091637     1:28:23
158000     316.00000000078074     83.72252139032011     252.68433951666742     1:28:15
158500     317.0000000007855     84.20250131518087     363.50642840272235     1:28:07
159000     318.0000000007903     98.08892963041473     276.42045957651163     1:28:00
159500     319.00000000079507     85.89897376018504     288.3771881302028     1:27:52
160000     320.00000000079984     88.72534642883929     285.9851032214453     1:27:44
160500     321.0000000008046     79.00165790198835     322.32216448937515     1:27:37
161000     322.0000000008094     98.97393381734081     248.6259112801233     1:27:29
161500     323.00000000081417     92.87825829017072     261.9501077327657     1:27:21
162000     324.00000000081894     89.00678054735342     257.33083568551694     1:27:14
162500     325.0000000008237     106.87759505665099     253.31218671863414     1:27:06
163000     326.0000000008285     137.77594699529448     314.2139682179088     1:26:58
163500     327.00000000083327     112.45169122916138     343.8611441660787     1:26:51
164000     328.00000000083804     94.36212325237763     464.38331825550574     1:26:43
164500     329.0000000008428     93.81707846709341     420.5830794732182     1:26:35
165000     330.0000000008476     90.4941141023617     274.91904381736975     1:26:28
165500     331.00000000085237     78.28472664147331     289.77269663177077     1:26:20
166000     332.00000000085714     113.34648801628437     155.48166753078803     1:26:12
166500     333.0000000008619     95.56658996302073     220.85342456552144     1:26:05
167000     334.0000000008667     86.72426751456214     228.80057660442318     1:25:57
167500     335.00000000087147     79.09941711947629     337.3824084381839     1:25:49
168000     336.00000000087624     79.52710960120817     280.2431414744621     1:25:42
168500     337.000000000881     82.26429543929518     273.1859199754947     1:25:34
169000     338.0000000008858     76.34481938889355     321.1390245332935     1:25:26
169500     339.00000000089057     94.81880402286883     137.67991458324883     1:25:19
170000     340.00000000089534     108.47188851802387     296.8124507670717     1:25:11
170500     341.0000000009001     111.19310847307773     347.9362478042319     1:25:04
171000     342.0000000009049     101.74771179915585     335.37361957137466     1:24:57
171500     343.00000000090967     86.2931360843172     302.97240902792043     1:24:49
172000     344.00000000091444     95.9067945325726     307.64378359330135     1:24:42
172500     345.0000000009192     95.12977164866291     270.55636426709987     1:24:34
173000     346.000000000924     109.28320289666996     196.82702322022206     1:24:27
173500     347.00000000092876     96.74271841864905     382.10934505074215     1:24:20
174000     348.00000000093354     108.86844172006862     369.61649428329713     1:24:13
174500     349.0000000009383     88.30347065353992     197.43796629899455     1:24:05
175000     350.0000000009431     93.95874784485991     225.08893116222268     1:23:58
175500     351.00000000094786     109.56572457040888     302.3874059473318     1:23:51
176000     352.00000000095264     84.23596506488452     389.5668303871218     1:23:44
176500     353.0000000009574     100.31107786694092     321.03612484037393     1:23:37
177000     354.0000000009622     100.13306910823925     306.11034035431584     1:23:30
177500     355.00000000096696     92.9383427625151     273.24323439330857     1:23:23
178000     356.00000000097174     101.38922827295036     255.55490739085997     1:23:15
178500     357.0000000009765     75.48162132929671     258.3045089944661     1:23:08
179000     358.0000000009813     74.79468386564422     252.05912445805583     1:23:00
179500     359.00000000098606     91.01844694887062     144.36985866914372     1:22:53
180000     360.00000000099084     82.55883422120107     300.1862297999388     1:22:46
180500     361.0000000009956     91.4264912510244     274.7654222183997     1:22:38
181000     362.0000000010004     66.48237737195232     363.99760871540855     1:22:31
181500     363.00000000100516     102.06046714963811     273.79850679557177     1:22:23
182000     364.00000000100994     71.42875221587138     309.4086621428086     1:22:16
182500     365.0000000010147     75.20413994042529     323.95063467033725     1:22:08
183000     366.0000000010195     90.82334093525012     230.1595401363811     1:22:01
183500     367.00000000102426     85.3356461455676     350.52714728434336     1:21:53
184000     368.00000000102904     110.43713708836448     370.87407640267304     1:21:46
184500     369.0000000010338     95.5964568420548     310.61821680725535     1:21:39
185000     370.0000000010386     73.64330891192505     220.07696799274837     1:21:31
185500     371.00000000104336     91.77067902433402     194.62686921904594     1:21:24
186000     372.00000000104814     77.64104695520719     287.7506618014844     1:21:16
186500     373.0000000010529     71.35286612514163     366.22287332981676     1:21:09
187000     374.0000000010577     90.70132065152926     207.97825301410998     1:21:01
187500     375.00000000106246     79.55018301714149     302.7759041111354     1:20:54
188000     376.00000000106724     85.46392386458632     277.68807732281635     1:20:46
188500     377.000000001072     89.2088983560394     383.9500020512327     1:20:39
189000     378.0000000010768     94.1596159042351     271.5552893218025     1:20:31
189500     379.00000000108156     122.86506529016606     197.4802545730817     1:20:24
190000     380.00000000108633     89.49381105998764     180.62806251231942     1:20:16
190500     381.0000000010911     84.01226094488987     233.52252906752472     1:20:09
191000     382.0000000010959     103.32180224221203     212.90306710935218     1:20:01
191500     383.00000000110066     77.79945056344971     284.3257032310017     1:19:54
192000     384.00000000110543     108.27609832760041     292.3174638568753     1:19:46
192500     385.0000000011102     111.43182295336364     303.56926553659514     1:19:39
193000     386.000000001115     115.33757186692269     320.8530210936277     1:19:32
193500     387.00000000111976     110.31704986585503     300.8357094029372     1:19:24
194000     388.00000000112453     89.6015387765664     371.2480999661993     1:19:16
194500     389.0000000011293     101.75811933228432     290.000126993639     1:19:09
195000     390.0000000011341     118.2507339941172     407.09694120911644     1:19:01
195500     391.00000000113886     110.27904569758671     380.26890243641463     1:18:54
196000     392.00000000114363     95.05611741118051     188.05895667298242     1:18:46
196500     393.0000000011484     84.67428757102367     296.24505938370083     1:18:39
197000     394.0000000011532     104.36131070982276     288.4977194797077     1:18:31
197500     395.00000000115796     106.75575820243102     343.1944157659553     1:18:23
198000     396.00000000116273     110.92082570684052     440.61378141703534     1:18:16
198500     397.0000000011675     105.58785371045606     311.2472579809234     1:18:08
199000     398.0000000011723     105.61261254970428     261.92493070056605     1:18:00
199500     399.00000000117706     85.36712405029475     314.7268003186096     1:17:52
200000     400.00000000118183     92.60173125072953     232.78032360330982     1:17:45
200500     401.0000000011866     101.32779185356188     339.6274230784341     1:17:37
201000     402.0000000011914     86.89650695158761     360.5256661314858     1:17:29
201500     403.00000000119616     99.37735685261885     268.63915077958166     1:17:21
202000     404.00000000120093     86.56904411078243     293.3562919667511     1:17:13
202500     405.0000000012057     110.89942700785527     167.95868546285345     1:17:06
203000     406.0000000012105     83.98151969592375     291.5976664038758     1:17:04
203500     407.00000000121526     91.756333516705     360.14360798392005     1:16:56
204000     408.00000000122003     107.58129705655347     275.7147063006252     1:16:48
204500     409.0000000012248     90.27610701787735     472.6127871879161     1:16:41
205000     410.0000000012296     118.96077155684011     289.37816618805044     1:16:33
205500     411.00000000123435     106.64270782233073     337.0726492802603     1:16:25
206000     412.00000000123913     94.56893856401771     286.28036787348526     1:16:17
206500     413.0000000012439     88.03652838538497     240.62673953087278     1:16:09
207000     414.0000000012487     88.87424584129019     280.00767430940545     1:16:01
207500     415.00000000125345     94.16638712808776     197.36655367597848     1:15:54
208000     416.00000000125823     87.78420093159203     202.5472511008853     1:15:46
208500     417.000000001263     91.13086363423463     359.649997576443     1:15:38
209000     418.0000000012678     95.09917673373664     263.7520916366901     1:15:30
209500     419.00000000127255     102.76839597103843     316.0531771308624     1:15:22
210000     420.00000000127733     131.5497573433221     295.2652375312202     1:15:14
210500     421.0000000012821     73.87631258955122     260.72682683600465     1:15:07
211000     422.0000000012869     82.39986549091135     261.982771213067     1:14:59
211500     423.00000000129165     75.60375238884569     307.2290423044409     1:14:53
212000     424.0000000012964     91.11867744153399     238.91916907168047     1:14:48
212500     425.0000000013012     83.7866148062073     240.51940716793257     1:14:42
213000     426.000000001306     91.44621635099274     384.84177724625926     1:14:35
213500     427.00000000131075     118.52209033867824     328.2150372296735     1:14:27
214000     428.0000000013155     109.13374340624847     323.1452309303983     1:14:19
214500     429.0000000013203     89.00883696075985     276.04694672051056     1:14:12
215000     430.0000000013251     100.02164311185811     178.36682811255696     1:14:04
215500     431.00000000132985     98.34927519291516     353.1038375235243     1:13:56
216000     432.0000000013346     84.92021247661319     330.46133960935424     1:13:49
216500     433.0000000013394     91.15451321672134     287.5709913217138     1:13:41
217000     434.0000000013442     89.42887866154187     241.56446724632428     1:13:33
217500     435.00000000134895     92.5652254098558     161.79079776665452     1:13:25
218000     436.0000000013537     90.57591729189237     290.7098512925539     1:13:18
218500     437.0000000013585     110.48742863573587     353.4291089998488     1:13:10
219000     438.0000000013633     87.65610654825947     326.0111614125492     1:13:02
219500     439.00000000136805     109.70667853461858     261.7290268593762     1:12:54
220000     440.0000000013728     106.91820116353715     354.2655863989136     1:12:47
220500     441.0000000013776     87.32766782920645     310.8627253426485     1:12:39
221000     442.0000000013824     96.14658670192358     276.4176145119255     1:12:31
221500     443.00000000138715     76.41944496952854     300.2294455759106     1:12:24
222000     444.0000000013919     101.01642343319374     242.34359213785692     1:12:16
222500     445.0000000013967     81.45660830754827     301.58909078379645     1:12:08
223000     446.0000000014015     95.4252215675276     284.92892977296594     1:12:00
223500     447.00000000140625     86.04673867273718     227.90557719009848     1:11:53
224000     448.000000001411     100.58315586529011     227.54940062893172     1:11:45
224500     449.0000000014158     92.89575672111029     248.32993468710552     1:11:37
225000     450.0000000014206     115.74589847850356     261.18961102602253     1:11:29
225500     451.00000000142535     97.82208645859299     285.99341550558097     1:11:22
226000     452.0000000014301     95.17667538641592     255.38542368766372     1:11:14
226500     453.0000000014349     102.72991930673842     374.72852970784925     1:11:06
227000     454.0000000014397     93.4980695775644     324.77925058693893     1:10:59
227500     455.00000000144445     86.84328679936701     222.11357951946616     1:10:51
228000     456.0000000014492     93.51441176973562     245.10436422115185     1:10:43
228500     457.000000001454     105.71617937914054     197.80706915487198     1:10:36
229000     458.0000000014588     81.45767203701183     371.10517664759226     1:10:28
229500     459.00000000146355     93.38674241351772     235.64936603374738     1:10:20
230000     460.0000000014683     84.89840245213566     323.543088068685     1:10:13
230500     461.0000000014731     79.30183577791273     274.6792211860246     1:10:05
231000     462.0000000014779     82.57941799413987     297.67479125857363     1:09:57
231500     463.00000000148265     91.26924512925109     360.29964394621277     1:09:50
232000     464.0000000014874     94.48289272508843     298.3718527399269     1:09:42
232500     465.0000000014922     103.8070492450431     362.4813138222889     1:09:34
233000     466.00000000149697     81.85991903632657     254.73912287082422     1:09:27
233500     467.00000000150175     92.28453896941822     346.7575272838291     1:09:19
234000     468.0000000015065     94.32472465843794     315.8993209579072     1:09:11
234500     469.0000000015113     99.58943809853997     254.13848714575627     1:09:04
235000     470.00000000151607     105.82616908885045     383.3605705807687     1:08:56
235500     471.00000000152085     97.43424209224959     235.92258152383786     1:08:48
236000     472.0000000015256     100.97547920466153     350.12284872359936     1:08:41
236500     473.0000000015304     79.8300060905829     443.0859061332598     1:08:33
237000     474.00000000153517     91.91953433759586     294.53603674000817     1:08:25
237500     475.00000000153995     77.3540177616076     239.94152994976653     1:08:17
238000     476.0000000015447     86.4014959808993     227.2941427737453     1:08:10
238500     477.0000000015495     73.66367769948928     290.85601692359114     1:08:02
239000     478.00000000155427     88.8243671363245     188.1650714030746     1:07:54
239500     479.00000000155904     81.70115053051404     300.50910246299026     1:07:47
240000     480.0000000015638     91.91348895309561     325.70209404632686     1:07:39
240500     481.0000000015686     106.47155355291383     298.6377836437406     1:07:31
241000     482.00000000157337     95.72743913634605     262.0066043747203     1:07:24
241500     483.00000000157814     98.3133577472918     363.62303102523157     1:07:16
242000     484.0000000015829     91.89356073335678     304.6682042776841     1:07:08
242500     485.0000000015877     91.10028739224573     321.24574028107446     1:07:01
243000     486.00000000159247     87.29532797199012     202.47552297997547     1:06:53
243500     487.00000000159724     86.00557722070837     190.46871024251618     1:06:45
244000     488.000000001602     79.41219043197209     212.22095977127904     1:06:37
244500     489.0000000016068     87.22672126114824     266.2370272258981     1:06:30
245000     490.00000000161157     111.66477473911715     499.2026077572604     1:06:22
245500     491.00000000161634     127.28642897081663     268.77152225161996     1:06:14
246000     492.0000000016211     99.90350784468507     307.1271439148423     1:06:07
246500     493.0000000016259     83.4704053310644     344.5320421052272     1:05:59
247000     494.00000000163067     101.61586346312784     377.44480216936284     1:05:51
247500     495.00000000163544     105.87410912105807     403.0986921332849     1:05:43
248000     496.0000000016402     99.29026313456825     455.11338615635     1:05:36
