(8000, 306) (2000, 306)
VAE(
    # attributes
    input_size = 306
    hidden_layers = [306, 306, 306]
    dropout_rates = [0.3, 0.4, 0.5]
    latents = 34
)
INITIALIZATION COMPLETE
START RMSD
epoch 0 atom_rmsd_nm 1.0342E+00 1.0342E+00 dPotEnr 9.4074E+37 2.7100E+37 Summation 1.0359E+01 1.0359E+01 L=0.0000E+00
epoch 1 atom_rmsd_nm 1.0015E+00 1.0017E+00 dPotEnr 7.2011E+44 1.6890E+37 Summation 1.0030E+01 1.0031E+01 L=0.0000E+00
epoch 2 atom_rmsd_nm 9.7632E-01 9.7617E-01 dPotEnr 7.0258E+48 7.5198E+33 Summation 9.7764E+00 9.7754E+00 L=0.0000E+00
epoch 3 atom_rmsd_nm 9.7846E-01 9.7870E-01 dPotEnr 3.7540E+48 5.3612E+38 Summation 9.7977E+00 9.8001E+00 L=0.0000E+00
epoch 4 atom_rmsd_nm 9.4791E-01 9.4823E-01 dPotEnr 1.7896E+40 2.1541E+41 Summation 9.4881E+00 9.4910E+00 L=0.0000E+00
epoch 5 atom_rmsd_nm 9.3821E-01 9.3823E-01 dPotEnr 1.7603E+48 2.8955E+45 Summation 9.3919E+00 9.3920E+00 L=0.0000E+00
epoch 6 atom_rmsd_nm 9.1708E-01 9.1722E-01 dPotEnr 1.5567E+43 2.9552E+39 Summation 9.1803E+00 9.1818E+00 L=0.0000E+00
epoch 7 atom_rmsd_nm 9.1047E-01 9.1039E-01 dPotEnr 5.0850E+39 3.4176E+41 Summation 9.1142E+00 9.1134E+00 L=0.0000E+00
epoch 8 atom_rmsd_nm 8.9765E-01 8.9787E-01 dPotEnr 4.6236E+46 5.4451E+42 Summation 8.9848E+00 8.9870E+00 L=0.0000E+00
epoch 9 atom_rmsd_nm 8.7911E-01 8.7945E-01 dPotEnr 1.2900E+53 6.0645E+57 Summation 8.7980E+00 8.8015E+00 L=0.0000E+00
epoch 10 atom_rmsd_nm 8.7564E-01 8.7556E-01 dPotEnr 7.4464E+43 4.5708E+36 Summation 8.7653E+00 8.7645E+00 L=0.0000E+00
epoch 11 atom_rmsd_nm 8.6303E-01 8.6319E-01 dPotEnr 3.0631E+42 8.5727E+36 Summation 8.6372E+00 8.6388E+00 L=0.0000E+00
epoch 12 atom_rmsd_nm 8.5171E-01 8.5213E-01 dPotEnr 6.4330E+48 7.1885E+37 Summation 8.5237E+00 8.5279E+00 L=0.0000E+00
epoch 13 atom_rmsd_nm 8.3721E-01 8.3760E-01 dPotEnr 1.5377E+49 6.3603E+52 Summation 8.3781E+00 8.3822E+00 L=0.0000E+00
epoch 14 atom_rmsd_nm 8.2553E-01 8.2575E-01 dPotEnr 5.8412E+45 1.6175E+38 Summation 8.2612E+00 8.2634E+00 L=0.0000E+00
epoch 15 atom_rmsd_nm 8.1754E-01 8.1763E-01 dPotEnr 1.1510E+50 9.4464E+37 Summation 8.1816E+00 8.1827E+00 L=0.0000E+00
epoch 16 atom_rmsd_nm 8.0754E-01 8.0787E-01 dPotEnr 8.8753E+50 1.1159E+47 Summation 8.0812E+00 8.0847E+00 L=0.0000E+00
epoch 17 atom_rmsd_nm 7.9620E-01 7.9611E-01 dPotEnr 5.0483E+43 9.7773E+42 Summation 7.9673E+00 7.9663E+00 L=0.0000E+00
epoch 18 atom_rmsd_nm 7.8132E-01 7.8148E-01 dPotEnr 4.4071E+45 2.7564E+35 Summation 7.8178E+00 7.8195E+00 L=0.0000E+00
epoch 19 atom_rmsd_nm 7.6889E-01 7.6922E-01 dPotEnr 2.0701E+40 8.7780E+40 Summation 7.6941E+00 7.6974E+00 L=0.0000E+00
epoch 20 atom_rmsd_nm 7.6357E-01 7.6367E-01 dPotEnr 4.8042E+47 8.4765E+45 Summation 7.6422E+00 7.6436E+00 L=0.0000E+00
epoch 21 atom_rmsd_nm 7.5229E-01 7.5259E-01 dPotEnr 8.8926E+42 4.0986E+41 Summation 7.5285E+00 7.5315E+00 L=0.0000E+00
epoch 22 atom_rmsd_nm 7.4491E-01 7.4521E-01 dPotEnr 1.1045E+48 1.3874E+42 Summation 7.4557E+00 7.4587E+00 L=0.0000E+00
epoch 23 atom_rmsd_nm 7.2539E-01 7.2547E-01 dPotEnr 6.7421E+46 8.2847E+39 Summation 7.2591E+00 7.2599E+00 L=0.0000E+00
epoch 24 atom_rmsd_nm 7.1558E-01 7.1567E-01 dPotEnr 2.9175E+41 7.7392E+37 Summation 7.1606E+00 7.1616E+00 L=0.0000E+00
epoch 25 atom_rmsd_nm 6.9963E-01 6.9972E-01 dPotEnr 2.0440E+42 6.5965E+40 Summation 7.0030E+00 7.0039E+00 L=0.0000E+00
epoch 26 atom_rmsd_nm 6.9361E-01 6.9348E-01 dPotEnr 1.8306E+43 2.4849E+42 Summation 6.9424E+00 6.9412E+00 L=0.0000E+00
epoch 27 atom_rmsd_nm 6.8348E-01 6.8371E-01 dPotEnr 5.8266E+48 1.2357E+45 Summation 6.8428E+00 6.8452E+00 L=0.0000E+00
epoch 28 atom_rmsd_nm 6.7237E-01 6.7288E-01 dPotEnr 2.4178E+42 1.4752E+41 Summation 6.7310E+00 6.7363E+00 L=0.0000E+00
epoch 29 atom_rmsd_nm 6.5638E-01 6.5679E-01 dPotEnr 3.7707E+44 7.8006E+34 Summation 6.5728E+00 6.5770E+00 L=0.0000E+00
epoch 30 atom_rmsd_nm 6.5052E-01 6.5067E-01 dPotEnr 9.4317E+42 1.0158E+42 Summation 6.5153E+00 6.5161E+00 L=0.0000E+00
epoch 31 atom_rmsd_nm 6.3164E-01 6.3192E-01 dPotEnr 3.7848E+51 5.0865E+43 Summation 6.3255E+00 6.3283E+00 L=0.0000E+00
epoch 32 atom_rmsd_nm 6.2067E-01 6.2076E-01 dPotEnr 1.8939E+46 9.1420E+43 Summation 6.2160E+00 6.2165E+00 L=0.0000E+00
epoch 33 atom_rmsd_nm 6.0241E-01 6.0235E-01 dPotEnr 6.4795E+40 5.2183E+33 Summation 6.0332E+00 6.0334E+00 L=0.0000E+00
epoch 34 atom_rmsd_nm 5.9296E-01 5.9320E-01 dPotEnr 6.2004E+41 1.2808E+42 Summation 5.9415E+00 5.9443E+00 L=0.0000E+00
epoch 35 atom_rmsd_nm 5.8029E-01 5.8010E-01 dPotEnr 1.4966E+42 8.1101E+40 Summation 5.8174E+00 5.8156E+00 L=0.0000E+00
epoch 36 atom_rmsd_nm 5.6937E-01 5.6931E-01 dPotEnr 5.4090E+45 5.8413E+39 Summation 5.7069E+00 5.7061E+00 L=0.0000E+00
epoch 37 atom_rmsd_nm 5.5402E-01 5.5389E-01 dPotEnr 1.6926E+45 3.8439E+40 Summation 5.5556E+00 5.5545E+00 L=0.0000E+00
epoch 38 atom_rmsd_nm 5.4846E-01 5.4873E-01 dPotEnr 1.1206E+48 2.0942E+50 Summation 5.5013E+00 5.5038E+00 L=0.0000E+00
epoch 39 atom_rmsd_nm 5.3267E-01 5.3296E-01 dPotEnr 9.1859E+49 1.2628E+40 Summation 5.3439E+00 5.3463E+00 L=0.0000E+00
epoch 40 atom_rmsd_nm 5.2313E-01 5.2361E-01 dPotEnr 1.2218E+55 1.6669E+38 Summation 5.2499E+00 5.2555E+00 L=0.0000E+00
epoch 41 atom_rmsd_nm 5.0618E-01 5.0628E-01 dPotEnr 5.5323E+51 9.5551E+40 Summation 5.0785E+00 5.0790E+00 L=0.0000E+00
epoch 42 atom_rmsd_nm 4.9770E-01 4.9777E-01 dPotEnr 1.8301E+44 7.9194E+45 Summation 4.9968E+00 4.9987E+00 L=0.0000E+00
epoch 43 atom_rmsd_nm 4.8465E-01 4.8431E-01 dPotEnr 6.5511E+40 2.0642E+41 Summation 4.8652E+00 4.8630E+00 L=0.0000E+00
epoch 44 atom_rmsd_nm 4.7577E-01 4.7551E-01 dPotEnr 3.9571E+46 3.2657E+37 Summation 4.7827E+00 4.7806E+00 L=0.0000E+00
epoch 45 atom_rmsd_nm 4.6202E-01 4.6198E-01 dPotEnr 3.6105E+42 1.6413E+38 Summation 4.6434E+00 4.6435E+00 L=0.0000E+00
epoch 46 atom_rmsd_nm 4.4843E-01 4.4824E-01 dPotEnr 9.1797E+46 5.1107E+40 Summation 4.5077E+00 4.5069E+00 L=0.0000E+00
epoch 47 atom_rmsd_nm 4.4176E-01 4.4222E-01 dPotEnr 7.7354E+44 7.5739E+55 Summation 4.4443E+00 4.4494E+00 L=0.0000E+00
epoch 48 atom_rmsd_nm 4.3327E-01 4.3372E-01 dPotEnr 8.6482E+40 3.1527E+32 Summation 4.3611E+00 4.3657E+00 L=0.0000E+00
epoch 49 atom_rmsd_nm 4.1914E-01 4.1923E-01 dPotEnr 1.7092E+45 9.3534E+39 Summation 4.2200E+00 4.2215E+00 L=0.0000E+00
epoch 50 atom_rmsd_nm 4.1056E-01 4.1040E-01 dPotEnr 3.7675E+42 7.8521E+35 Summation 4.1363E+00 4.1365E+00 L=0.0000E+00
epoch 51 atom_rmsd_nm 4.0095E-01 4.0082E-01 dPotEnr 7.7402E+39 1.5215E+35 Summation 4.0410E+00 4.0417E+00 L=0.0000E+00
epoch 52 atom_rmsd_nm 3.8515E-01 3.8500E-01 dPotEnr 3.8808E+49 9.3124E+40 Summation 3.8869E+00 3.8868E+00 L=0.0000E+00
epoch 53 atom_rmsd_nm 3.7650E-01 3.7624E-01 dPotEnr 2.0361E+42 7.5050E+49 Summation 3.7994E+00 3.7979E+00 L=0.0000E+00
epoch 54 atom_rmsd_nm 3.7090E-01 3.7101E-01 dPotEnr 2.5810E+40 3.7958E+41 Summation 3.7470E+00 3.7488E+00 L=0.0000E+00
epoch 55 atom_rmsd_nm 3.6484E-01 3.6477E-01 dPotEnr 2.2516E+42 1.6348E+41 Summation 3.6876E+00 3.6880E+00 L=0.0000E+00
epoch 56 atom_rmsd_nm 3.5452E-01 3.5440E-01 dPotEnr 3.9344E+45 2.0021E+37 Summation 3.5858E+00 3.5863E+00 L=0.0000E+00
epoch 57 atom_rmsd_nm 3.4698E-01 3.4747E-01 dPotEnr 6.7236E+39 3.0002E+40 Summation 3.5123E+00 3.5177E+00 L=0.0000E+00
epoch 58 atom_rmsd_nm 3.3780E-01 3.3771E-01 dPotEnr 2.8522E+42 5.2870E+42 Summation 3.4234E+00 3.4244E+00 L=0.0000E+00
epoch 59 atom_rmsd_nm 3.3372E-01 3.3368E-01 dPotEnr 1.5456E+45 6.0596E+49 Summation 3.3834E+00 3.3856E+00 L=0.0000E+00
epoch 60 atom_rmsd_nm 3.2690E-01 3.2692E-01 dPotEnr 3.6859E+52 4.0874E+37 Summation 3.3178E+00 3.3188E+00 L=0.0000E+00
epoch 61 atom_rmsd_nm 3.1815E-01 3.1809E-01 dPotEnr 8.6128E+43 6.6376E+42 Summation 3.2315E+00 3.2324E+00 L=0.0000E+00
epoch 62 atom_rmsd_nm 3.1622E-01 3.1598E-01 dPotEnr 1.8809E+42 2.8605E+44 Summation 3.2135E+00 3.2119E+00 L=0.0000E+00
epoch 63 atom_rmsd_nm 3.1062E-01 3.1066E-01 dPotEnr 2.0565E+42 2.1062E+42 Summation 3.1585E+00 3.1610E+00 L=0.0000E+00
epoch 64 atom_rmsd_nm 3.0512E-01 3.0524E-01 dPotEnr 9.9221E+45 1.8137E+35 Summation 3.1055E+00 3.1088E+00 L=0.0000E+00
epoch 65 atom_rmsd_nm 3.0046E-01 3.0004E-01 dPotEnr 6.2498E+43 7.2711E+42 Summation 3.0608E+00 3.0586E+00 L=0.0000E+00
epoch 66 atom_rmsd_nm 2.9823E-01 2.9811E-01 dPotEnr 5.8072E+37 1.9428E+37 Summation 3.0383E+00 3.0381E+00 L=0.0000E+00
epoch 67 atom_rmsd_nm 2.9159E-01 2.9149E-01 dPotEnr 9.3106E+41 5.4563E+42 Summation 2.9754E+00 2.9768E+00 L=0.0000E+00
epoch 68 atom_rmsd_nm 2.8968E-01 2.8938E-01 dPotEnr 3.4317E+44 6.9333E+43 Summation 2.9566E+00 2.9563E+00 L=0.0000E+00
epoch 69 atom_rmsd_nm 2.8581E-01 2.8588E-01 dPotEnr 3.7340E+45 6.1749E+39 Summation 2.9182E+00 2.9210E+00 L=0.0000E+00
epoch 70 atom_rmsd_nm 2.8450E-01 2.8419E-01 dPotEnr 1.5228E+47 1.9743E+45 Summation 2.9067E+00 2.9053E+00 L=0.0000E+00
epoch 71 atom_rmsd_nm 2.7984E-01 2.7942E-01 dPotEnr 2.1847E+49 9.0907E+39 Summation 2.8609E+00 2.8588E+00 L=0.0000E+00
epoch 72 atom_rmsd_nm 2.7781E-01 2.7775E-01 dPotEnr 2.0002E+45 3.0896E+35 Summation 2.8419E+00 2.8434E+00 L=0.0000E+00
epoch 73 atom_rmsd_nm 2.7617E-01 2.7583E-01 dPotEnr 4.6415E+44 1.7887E+40 Summation 2.8253E+00 2.8245E+00 L=0.0000E+00
epoch 74 atom_rmsd_nm 2.7488E-01 2.7497E-01 dPotEnr 2.5685E+58 4.2157E+42 Summation 2.8129E+00 2.8164E+00 L=0.0000E+00
epoch 75 atom_rmsd_nm 2.7180E-01 2.7170E-01 dPotEnr 2.3456E+46 4.1433E+43 Summation 2.7835E+00 2.7850E+00 L=0.0000E+00
epoch 76 atom_rmsd_nm 2.6914E-01 2.6912E-01 dPotEnr 9.6127E+43 4.1445E+40 Summation 2.7581E+00 2.7601E+00 L=0.0000E+00
epoch 77 atom_rmsd_nm 2.6925E-01 2.6898E-01 dPotEnr 1.5676E+48 1.3819E+40 Summation 2.7590E+00 2.7591E+00 L=0.0000E+00
epoch 78 atom_rmsd_nm 2.6638E-01 2.6618E-01 dPotEnr 5.8956E+39 1.5773E+39 Summation 2.7312E+00 2.7313E+00 L=0.0000E+00
epoch 79 atom_rmsd_nm 2.6333E-01 2.6310E-01 dPotEnr 6.7835E+57 7.2488E+44 Summation 2.7023E+00 2.7020E+00 L=0.0000E+00
epoch 80 atom_rmsd_nm 2.6382E-01 2.6353E-01 dPotEnr 6.1711E+46 2.0203E+42 Summation 2.7065E+00 2.7057E+00 L=0.0000E+00
epoch 81 atom_rmsd_nm 2.6062E-01 2.6057E-01 dPotEnr 9.5280E+40 9.4376E+42 Summation 2.6765E+00 2.6790E+00 L=0.0000E+00
epoch 82 atom_rmsd_nm 2.5920E-01 2.5916E-01 dPotEnr 7.7944E+46 1.2805E+40 Summation 2.6627E+00 2.6645E+00 L=0.0000E+00
epoch 83 atom_rmsd_nm 2.5887E-01 2.5883E-01 dPotEnr 2.8582E+44 6.6792E+36 Summation 2.6592E+00 2.6608E+00 L=0.0000E+00
epoch 84 atom_rmsd_nm 2.5726E-01 2.5687E-01 dPotEnr 1.3782E+40 2.3832E+38 Summation 2.6436E+00 2.6421E+00 L=0.0000E+00
epoch 85 atom_rmsd_nm 2.5557E-01 2.5539E-01 dPotEnr 2.4452E+50 1.8621E+34 Summation 2.6276E+00 2.6280E+00 L=0.0000E+00
epoch 86 atom_rmsd_nm 2.5355E-01 2.5338E-01 dPotEnr 2.3230E+48 5.7900E+42 Summation 2.6081E+00 2.6090E+00 L=0.0000E+00
epoch 87 atom_rmsd_nm 2.5339E-01 2.5321E-01 dPotEnr 2.5011E+42 9.9166E+35 Summation 2.6063E+00 2.6072E+00 L=0.0000E+00
epoch 88 atom_rmsd_nm 2.5161E-01 2.5148E-01 dPotEnr 9.9096E+45 4.0200E+45 Summation 2.5893E+00 2.5902E+00 L=0.0000E+00
epoch 89 atom_rmsd_nm 2.4996E-01 2.4969E-01 dPotEnr 9.6069E+45 1.9930E+41 Summation 2.5734E+00 2.5731E+00 L=0.0000E+00
epoch 90 atom_rmsd_nm 2.4876E-01 2.4844E-01 dPotEnr 1.9358E+40 3.8539E+38 Summation 2.5619E+00 2.5616E+00 L=0.0000E+00
epoch 91 atom_rmsd_nm 2.4647E-01 2.4617E-01 dPotEnr 1.3144E+43 6.0458E+42 Summation 2.5400E+00 2.5397E+00 L=0.0000E+00
epoch 92 atom_rmsd_nm 2.4550E-01 2.4522E-01 dPotEnr 2.0273E+41 1.9338E+34 Summation 2.5306E+00 2.5305E+00 L=0.0000E+00
epoch 93 atom_rmsd_nm 2.4479E-01 2.4458E-01 dPotEnr 3.4171E+40 1.1913E+38 Summation 2.5238E+00 2.5245E+00 L=0.0000E+00
epoch 94 atom_rmsd_nm 2.4280E-01 2.4255E-01 dPotEnr 6.7974E+42 8.7816E+64 Summation 2.5050E+00 2.5052E+00 L=0.0000E+00
epoch 95 atom_rmsd_nm 2.4190E-01 2.4159E-01 dPotEnr 1.1341E+49 1.4924E+37 Summation 2.4964E+00 2.4959E+00 L=0.0000E+00
epoch 96 atom_rmsd_nm 2.4024E-01 2.4007E-01 dPotEnr 3.4307E+44 7.0224E+37 Summation 2.4803E+00 2.4812E+00 L=0.0000E+00
epoch 97 atom_rmsd_nm 2.3853E-01 2.3820E-01 dPotEnr 1.0060E+44 4.5815E+39 Summation 2.4642E+00 2.4639E+00 L=0.0000E+00
epoch 98 atom_rmsd_nm 2.3772E-01 2.3733E-01 dPotEnr 6.7225E+39 2.9828E+36 Summation 2.4563E+00 2.4554E+00 L=0.0000E+00
epoch 99 atom_rmsd_nm 2.3669E-01 2.3648E-01 dPotEnr 2.6450E+40 1.8943E+37 Summation 2.4465E+00 2.4476E+00 L=0.0000E+00
END RMSD
epoch 100 atom_rmsd_nm 2.3513E-01 2.3487E-01 dPotEnr 1.8847E+36 1.9774E+34 Summation 2.4321E+00 2.4321E+00 L=0.0000E+00
epoch 101 atom_rmsd_nm 2.3322E-01 2.3292E-01 dPotEnr 3.2394E+46 4.6569E+43 Summation 2.4139E+00 2.4134E+00 L=0.0000E+00
epoch 102 atom_rmsd_nm 2.3141E-01 2.3114E-01 dPotEnr 3.3041E+39 7.8493E+42 Summation 2.3967E+00 2.3969E+00 L=0.0000E+00
epoch 103 atom_rmsd_nm 2.3064E-01 2.3044E-01 dPotEnr 2.1218E+43 1.4517E+39 Summation 2.3895E+00 2.3898E+00 L=0.0000E+00
epoch 104 atom_rmsd_nm 2.2920E-01 2.2892E-01 dPotEnr 2.3251E+39 3.8347E+34 Summation 2.3760E+00 2.3763E+00 L=0.0000E+00
epoch 105 atom_rmsd_nm 2.2787E-01 2.2757E-01 dPotEnr 9.0826E+44 3.2186E+49 Summation 2.3632E+00 2.3633E+00 L=0.0000E+00
epoch 106 atom_rmsd_nm 2.2587E-01 2.2559E-01 dPotEnr 3.1479E+42 1.6948E+39 Summation 2.3443E+00 2.3440E+00 L=0.0000E+00
epoch 107 atom_rmsd_nm 2.2437E-01 2.2417E-01 dPotEnr 8.8562E+45 2.0788E+41 Summation 2.3303E+00 2.3314E+00 L=0.0000E+00
epoch 108 atom_rmsd_nm 2.2319E-01 2.2290E-01 dPotEnr 1.6014E+48 3.1320E+42 Summation 2.3192E+00 2.3191E+00 L=0.0000E+00
epoch 109 atom_rmsd_nm 2.2182E-01 2.2144E-01 dPotEnr 5.4049E+44 6.3985E+40 Summation 2.3065E+00 2.3055E+00 L=0.0000E+00
epoch 110 atom_rmsd_nm 2.2060E-01 2.2035E-01 dPotEnr 1.3669E+41 4.3570E+36 Summation 2.2950E+00 2.2955E+00 L=0.0000E+00
epoch 111 atom_rmsd_nm 2.1890E-01 2.1867E-01 dPotEnr 7.5911E+46 1.8014E+36 Summation 2.2789E+00 2.2798E+00 L=0.0000E+00
epoch 112 atom_rmsd_nm 2.1763E-01 2.1732E-01 dPotEnr 1.5384E+51 5.4246E+37 Summation 2.2671E+00 2.2668E+00 L=0.0000E+00
epoch 113 atom_rmsd_nm 2.1637E-01 2.1608E-01 dPotEnr 8.7222E+48 9.0351E+45 Summation 2.2554E+00 2.2557E+00 L=0.0000E+00
epoch 114 atom_rmsd_nm 2.1487E-01 2.1466E-01 dPotEnr 4.4781E+50 7.3036E+36 Summation 2.2412E+00 2.2417E+00 L=0.0000E+00
epoch 115 atom_rmsd_nm 2.1340E-01 2.1307E-01 dPotEnr 2.3734E+41 5.4940E+35 Summation 2.2273E+00 2.2268E+00 L=0.0000E+00
epoch 116 atom_rmsd_nm 2.1212E-01 2.1179E-01 dPotEnr 1.0507E+48 5.8989E+40 Summation 2.2154E+00 2.2149E+00 L=0.0000E+00
epoch 117 atom_rmsd_nm 2.1055E-01 2.1036E-01 dPotEnr 1.8864E+39 5.6746E+42 Summation 2.2005E+00 2.2015E+00 L=0.0000E+00
epoch 118 atom_rmsd_nm 2.0930E-01 2.0900E-01 dPotEnr 3.1221E+38 1.5826E+48 Summation 2.1890E+00 2.1885E+00 L=0.0000E+00
epoch 119 atom_rmsd_nm 2.0818E-01 2.0779E-01 dPotEnr 1.2641E+44 9.0879E+42 Summation 2.1784E+00 2.1770E+00 L=0.0000E+00
epoch 120 atom_rmsd_nm 2.0671E-01 2.0636E-01 dPotEnr 2.4927E+40 9.1344E+41 Summation 2.1643E+00 2.1633E+00 L=0.0000E+00
epoch 121 atom_rmsd_nm 2.0595E-01 2.0559E-01 dPotEnr 2.0296E+47 2.9060E+38 Summation 2.1571E+00 2.1562E+00 L=0.0000E+00
epoch 122 atom_rmsd_nm 2.0420E-01 2.0396E-01 dPotEnr 2.7426E+45 4.6067E+41 Summation 2.1405E+00 2.1408E+00 L=0.0000E+00
epoch 123 atom_rmsd_nm 2.0282E-01 2.0255E-01 dPotEnr 2.2818E+37 4.1283E+39 Summation 2.1277E+00 2.1276E+00 L=0.0000E+00
epoch 124 atom_rmsd_nm 2.0138E-01 2.0111E-01 dPotEnr 5.3941E+41 1.1379E+41 Summation 2.1138E+00 2.1138E+00 L=0.0000E+00
epoch 125 atom_rmsd_nm 2.0044E-01 2.0003E-01 dPotEnr 2.8202E+39 4.5371E+40 Summation 2.1049E+00 2.1035E+00 L=0.0000E+00
epoch 126 atom_rmsd_nm 1.9890E-01 1.9855E-01 dPotEnr 1.2177E+41 9.0829E+31 Summation 2.0902E+00 2.0890E+00 L=0.0000E+00
epoch 127 atom_rmsd_nm 1.9764E-01 1.9732E-01 dPotEnr 5.6417E+42 1.2540E+32 Summation 2.0781E+00 2.0774E+00 L=0.0000E+00
epoch 128 atom_rmsd_nm 1.9643E-01 1.9608E-01 dPotEnr 8.6102E+38 2.4085E+50 Summation 2.0668E+00 2.0658E+00 L=0.0000E+00
epoch 129 atom_rmsd_nm 1.9511E-01 1.9477E-01 dPotEnr 5.0266E+45 6.2911E+35 Summation 2.0542E+00 2.0534E+00 L=0.0000E+00
epoch 130 atom_rmsd_nm 1.9374E-01 1.9336E-01 dPotEnr 1.0610E+38 1.1399E+31 Summation 2.0410E+00 2.0396E+00 L=0.0000E+00
epoch 131 atom_rmsd_nm 1.9228E-01 1.9195E-01 dPotEnr 2.7445E+43 2.0313E+37 Summation 2.0273E+00 2.0263E+00 L=0.0000E+00
epoch 132 atom_rmsd_nm 1.9119E-01 1.9085E-01 dPotEnr 6.1083E+49 8.3837E+32 Summation 2.0166E+00 2.0157E+00 L=0.0000E+00
epoch 133 atom_rmsd_nm 1.8999E-01 1.8964E-01 dPotEnr 5.8596E+41 8.4283E+38 Summation 2.0051E+00 2.0037E+00 L=0.0000E+00
epoch 134 atom_rmsd_nm 1.8889E-01 1.8851E-01 dPotEnr 7.9267E+39 5.2201E+34 Summation 1.9945E+00 1.9931E+00 L=0.0000E+00
epoch 135 atom_rmsd_nm 1.8766E-01 1.8729E-01 dPotEnr 3.0510E+42 1.9128E+43 Summation 1.9827E+00 1.9811E+00 L=0.0000E+00
epoch 136 atom_rmsd_nm 1.8652E-01 1.8611E-01 dPotEnr 1.1527E+53 2.5020E+37 Summation 1.9715E+00 1.9695E+00 L=0.0000E+00
epoch 137 atom_rmsd_nm 1.8528E-01 1.8490E-01 dPotEnr 1.5901E+42 1.2877E+39 Summation 1.9596E+00 1.9577E+00 L=0.0000E+00
epoch 138 atom_rmsd_nm 1.8415E-01 1.8378E-01 dPotEnr 4.5268E+49 4.8585E+36 Summation 1.9486E+00 1.9470E+00 L=0.0000E+00
epoch 139 atom_rmsd_nm 1.8309E-01 1.8273E-01 dPotEnr 1.1415E+46 1.2449E+33 Summation 1.9383E+00 1.9367E+00 L=0.0000E+00
epoch 140 atom_rmsd_nm 1.8192E-01 1.8150E-01 dPotEnr 1.0118E+48 2.9655E+35 Summation 1.9270E+00 1.9249E+00 L=0.0000E+00
epoch 141 atom_rmsd_nm 1.8077E-01 1.8039E-01 dPotEnr 5.8903E+44 4.6678E+49 Summation 1.9160E+00 1.9139E+00 L=0.0000E+00
epoch 142 atom_rmsd_nm 1.7971E-01 1.7930E-01 dPotEnr 9.2330E+41 6.2894E+37 Summation 1.9057E+00 1.9035E+00 L=0.0000E+00
epoch 143 atom_rmsd_nm 1.7859E-01 1.7816E-01 dPotEnr 1.8791E+40 2.8973E+33 Summation 1.8950E+00 1.8925E+00 L=0.0000E+00
epoch 144 atom_rmsd_nm 1.7752E-01 1.7710E-01 dPotEnr 5.4826E+41 8.4305E+42 Summation 1.8846E+00 1.8821E+00 L=0.0000E+00
epoch 145 atom_rmsd_nm 1.7646E-01 1.7605E-01 dPotEnr 5.3936E+39 3.6753E+34 Summation 1.8743E+00 1.8720E+00 L=0.0000E+00
epoch 146 atom_rmsd_nm 1.7543E-01 1.7502E-01 dPotEnr 2.8113E+45 1.0824E+36 Summation 1.8645E+00 1.8620E+00 L=0.0000E+00
epoch 147 atom_rmsd_nm 1.7438E-01 1.7393E-01 dPotEnr 2.8508E+48 1.5417E+37 Summation 1.8544E+00 1.8514E+00 L=0.0000E+00
epoch 148 atom_rmsd_nm 1.7328E-01 1.7288E-01 dPotEnr 6.9134E+38 6.3081E+35 Summation 1.8439E+00 1.8415E+00 L=0.0000E+00
epoch 149 atom_rmsd_nm 1.7236E-01 1.7196E-01 dPotEnr 8.5474E+39 1.7523E+41 Summation 1.8349E+00 1.8325E+00 L=0.0000E+00
epoch 150 atom_rmsd_nm 1.7133E-01 1.7091E-01 dPotEnr 9.6848E+45 9.8866E+34 Summation 1.8251E+00 1.8223E+00 L=0.0000E+00
epoch 151 atom_rmsd_nm 1.7043E-01 1.7004E-01 dPotEnr 4.1231E+47 8.9356E+38 Summation 1.8163E+00 1.8139E+00 L=0.0000E+00
epoch 152 atom_rmsd_nm 1.6941E-01 1.6899E-01 dPotEnr 8.7452E+53 9.3862E+42 Summation 1.8066E+00 1.8038E+00 L=0.0000E+00
epoch 153 atom_rmsd_nm 1.6848E-01 1.6806E-01 dPotEnr 6.5853E+43 1.8740E+38 Summation 1.7977E+00 1.7946E+00 L=0.0000E+00
epoch 154 atom_rmsd_nm 1.6744E-01 1.6701E-01 dPotEnr 4.6548E+41 1.1585E+37 Summation 1.7878E+00 1.7846E+00 L=0.0000E+00
epoch 155 atom_rmsd_nm 1.6655E-01 1.6613E-01 dPotEnr 3.3662E+45 2.2370E+37 Summation 1.7792E+00 1.7762E+00 L=0.0000E+00
epoch 156 atom_rmsd_nm 1.6566E-01 1.6520E-01 dPotEnr 3.0536E+37 1.2909E+35 Summation 1.7705E+00 1.7671E+00 L=0.0000E+00
epoch 157 atom_rmsd_nm 1.6467E-01 1.6424E-01 dPotEnr 4.9365E+42 1.0205E+31 Summation 1.7610E+00 1.7576E+00 L=0.0000E+00
epoch 158 atom_rmsd_nm 1.6381E-01 1.6335E-01 dPotEnr 1.5610E+43 8.5086E+36 Summation 1.7527E+00 1.7491E+00 L=0.0000E+00
epoch 159 atom_rmsd_nm 1.6292E-01 1.6251E-01 dPotEnr 1.6224E+55 9.0116E+35 Summation 1.7442E+00 1.7411E+00 L=0.0000E+00
epoch 160 atom_rmsd_nm 1.6202E-01 1.6158E-01 dPotEnr 1.8650E+37 5.2283E+30 Summation 1.7355E+00 1.7321E+00 L=0.0000E+00
epoch 161 atom_rmsd_nm 1.6116E-01 1.6074E-01 dPotEnr 3.7429E+38 2.3532E+47 Summation 1.7273E+00 1.7240E+00 L=0.0000E+00
epoch 162 atom_rmsd_nm 1.6033E-01 1.5987E-01 dPotEnr 9.0101E+38 8.0231E+37 Summation 1.7193E+00 1.7157E+00 L=0.0000E+00
epoch 163 atom_rmsd_nm 1.5955E-01 1.5908E-01 dPotEnr 9.3228E+35 1.3381E+38 Summation 1.7117E+00 1.7078E+00 L=0.0000E+00
epoch 164 atom_rmsd_nm 1.5868E-01 1.5825E-01 dPotEnr 3.9918E+47 8.6223E+31 Summation 1.7035E+00 1.6998E+00 L=0.0000E+00
epoch 165 atom_rmsd_nm 1.5782E-01 1.5739E-01 dPotEnr 1.0657E+41 1.6323E+48 Summation 1.6953E+00 1.6917E+00 L=0.0000E+00
epoch 166 atom_rmsd_nm 1.5703E-01 1.5661E-01 dPotEnr 1.5475E+35 5.5218E+37 Summation 1.6877E+00 1.6841E+00 L=0.0000E+00
epoch 167 atom_rmsd_nm 1.5630E-01 1.5583E-01 dPotEnr 1.7014E+37 6.1087E+58 Summation 1.6806E+00 1.6765E+00 L=0.0000E+00
epoch 168 atom_rmsd_nm 1.5549E-01 1.5502E-01 dPotEnr 7.3716E+38 5.4648E+37 Summation 1.6728E+00 1.6686E+00 L=0.0000E+00
epoch 169 atom_rmsd_nm 1.5473E-01 1.5429E-01 dPotEnr 1.0018E+36 1.5939E+29 Summation 1.6655E+00 1.6614E+00 L=0.0000E+00
epoch 170 atom_rmsd_nm 1.5396E-01 1.5349E-01 dPotEnr 6.4416E+44 4.1241E+37 Summation 1.6580E+00 1.6538E+00 L=0.0000E+00
epoch 171 atom_rmsd_nm 1.5321E-01 1.5275E-01 dPotEnr 2.4932E+39 1.7717E+41 Summation 1.6508E+00 1.6467E+00 L=0.0000E+00
epoch 172 atom_rmsd_nm 1.5240E-01 1.5193E-01 dPotEnr 5.7894E+34 1.1862E+32 Summation 1.6430E+00 1.6387E+00 L=0.0000E+00
epoch 173 atom_rmsd_nm 1.5176E-01 1.5131E-01 dPotEnr 4.7025E+32 2.3165E+37 Summation 1.6367E+00 1.6324E+00 L=0.0000E+00
epoch 174 atom_rmsd_nm 1.5100E-01 1.5055E-01 dPotEnr 1.3632E+32 1.9407E+33 Summation 1.6295E+00 1.6252E+00 L=0.0000E+00
epoch 175 atom_rmsd_nm 1.5030E-01 1.4984E-01 dPotEnr 2.6113E+36 6.4488E+27 Summation 1.6226E+00 1.6181E+00 L=0.0000E+00
epoch 176 atom_rmsd_nm 1.4959E-01 1.4915E-01 dPotEnr 2.9508E+37 1.1472E+38 Summation 1.6158E+00 1.6116E+00 L=0.0000E+00
epoch 177 atom_rmsd_nm 1.4889E-01 1.4843E-01 dPotEnr 9.4456E+34 2.4434E+32 Summation 1.6090E+00 1.6044E+00 L=0.0000E+00
epoch 178 atom_rmsd_nm 1.4819E-01 1.4773E-01 dPotEnr 1.7115E+34 3.6404E+30 Summation 1.6021E+00 1.5976E+00 L=0.0000E+00
epoch 179 atom_rmsd_nm 1.4751E-01 1.4705E-01 dPotEnr 2.5494E+36 2.5611E+31 Summation 1.5956E+00 1.5910E+00 L=0.0000E+00
epoch 180 atom_rmsd_nm 1.4677E-01 1.4631E-01 dPotEnr 1.1945E+37 4.8247E+26 Summation 1.5885E+00 1.5838E+00 L=0.0000E+00
epoch 181 atom_rmsd_nm 1.4614E-01 1.4566E-01 dPotEnr 1.1606E+33 2.9140E+31 Summation 1.5823E+00 1.5774E+00 L=0.0000E+00
epoch 182 atom_rmsd_nm 1.4543E-01 1.4495E-01 dPotEnr 1.5481E+39 2.5140E+38 Summation 1.5756E+00 1.5705E+00 L=0.0000E+00
epoch 183 atom_rmsd_nm 1.4478E-01 1.4432E-01 dPotEnr 1.0993E+37 1.2189E+34 Summation 1.5693E+00 1.5645E+00 L=0.0000E+00
epoch 184 atom_rmsd_nm 1.4409E-01 1.4362E-01 dPotEnr 1.8168E+33 6.1334E+28 Summation 1.5626E+00 1.5577E+00 L=0.0000E+00
epoch 185 atom_rmsd_nm 1.4345E-01 1.4299E-01 dPotEnr 1.1530E+41 5.1954E+28 Summation 1.5564E+00 1.5514E+00 L=0.0000E+00
epoch 186 atom_rmsd_nm 1.4283E-01 1.4236E-01 dPotEnr 9.4235E+31 4.8547E+28 Summation 1.5504E+00 1.5453E+00 L=0.0000E+00
epoch 187 atom_rmsd_nm 1.4217E-01 1.4170E-01 dPotEnr 1.1113E+37 7.8109E+30 Summation 1.5441E+00 1.5390E+00 L=0.0000E+00
epoch 188 atom_rmsd_nm 1.4157E-01 1.4109E-01 dPotEnr 1.4742E+35 1.1872E+29 Summation 1.5382E+00 1.5328E+00 L=0.0000E+00
epoch 189 atom_rmsd_nm 1.4099E-01 1.4050E-01 dPotEnr 2.5672E+41 1.7197E+32 Summation 1.5325E+00 1.5271E+00 L=0.0000E+00
epoch 190 atom_rmsd_nm 1.4038E-01 1.3991E-01 dPotEnr 6.7768E+42 2.9286E+31 Summation 1.5266E+00 1.5213E+00 L=0.0000E+00
epoch 191 atom_rmsd_nm 1.3981E-01 1.3934E-01 dPotEnr 2.3350E+38 3.2215E+32 Summation 1.5210E+00 1.5157E+00 L=0.0000E+00
epoch 192 atom_rmsd_nm 1.3921E-01 1.3873E-01 dPotEnr 1.5335E+35 1.0952E+35 Summation 1.5152E+00 1.5097E+00 L=0.0000E+00
epoch 193 atom_rmsd_nm 1.3863E-01 1.3815E-01 dPotEnr 5.5011E+46 2.9824E+34 Summation 1.5095E+00 1.5039E+00 L=0.0000E+00
epoch 194 atom_rmsd_nm 1.3807E-01 1.3758E-01 dPotEnr 8.5295E+33 8.5353E+37 Summation 1.5040E+00 1.4983E+00 L=0.0000E+00
epoch 195 atom_rmsd_nm 1.3750E-01 1.3701E-01 dPotEnr 9.0831E+37 1.4452E+39 Summation 1.4985E+00 1.4928E+00 L=0.0000E+00
epoch 196 atom_rmsd_nm 1.3692E-01 1.3645E-01 dPotEnr 8.4894E+34 4.6905E+34 Summation 1.4928E+00 1.4873E+00 L=0.0000E+00
epoch 197 atom_rmsd_nm 1.3635E-01 1.3583E-01 dPotEnr 1.1682E+51 1.5620E+34 Summation 1.4874E+00 1.4811E+00 L=0.0000E+00
epoch 198 atom_rmsd_nm 1.3578E-01 1.3528E-01 dPotEnr 1.5424E+43 1.3193E+42 Summation 1.4819E+00 1.4758E+00 L=0.0000E+00
epoch 199 atom_rmsd_nm 1.3514E-01 1.3462E-01 dPotEnr 7.2015E+34 3.9146E+37 Summation 1.4758E+00 1.4694E+00 L=0.0000E+00
epoch 200 atom_rmsd_nm 1.3457E-01 1.3407E-01 dPotEnr 1.3536E+34 6.1432E+28 Summation 1.4702E+00 1.4640E+00 L=0.0000E+00
epoch 201 atom_rmsd_nm 1.3403E-01 1.3353E-01 dPotEnr 1.0002E+45 2.5018E+39 Summation 1.4649E+00 1.4587E+00 L=0.0000E+00
epoch 202 atom_rmsd_nm 1.3349E-01 1.3300E-01 dPotEnr 2.3122E+43 9.0788E+31 Summation 1.4597E+00 1.4535E+00 L=0.0000E+00
epoch 203 atom_rmsd_nm 1.3296E-01 1.3242E-01 dPotEnr 1.2903E+38 6.1373E+29 Summation 1.4544E+00 1.4478E+00 L=0.0000E+00
epoch 204 atom_rmsd_nm 1.3245E-01 1.3192E-01 dPotEnr 9.3507E+42 1.1149E+33 Summation 1.4494E+00 1.4429E+00 L=0.0000E+00
epoch 205 atom_rmsd_nm 1.3194E-01 1.3143E-01 dPotEnr 3.8971E+40 4.8492E+37 Summation 1.4444E+00 1.4379E+00 L=0.0000E+00
epoch 206 atom_rmsd_nm 1.3145E-01 1.3093E-01 dPotEnr 8.4834E+45 1.6004E+34 Summation 1.4396E+00 1.4328E+00 L=0.0000E+00
epoch 207 atom_rmsd_nm 1.3097E-01 1.3044E-01 dPotEnr 8.6741E+50 4.0307E+36 Summation 1.4348E+00 1.4281E+00 L=0.0000E+00
epoch 208 atom_rmsd_nm 1.3050E-01 1.2997E-01 dPotEnr 9.8410E+34 6.5196E+35 Summation 1.4301E+00 1.4233E+00 L=0.0000E+00
epoch 209 atom_rmsd_nm 1.3004E-01 1.2950E-01 dPotEnr 6.7513E+34 2.9726E+39 Summation 1.4255E+00 1.4185E+00 L=0.0000E+00
epoch 210 atom_rmsd_nm 1.2957E-01 1.2903E-01 dPotEnr 4.6597E+33 1.5330E+27 Summation 1.4209E+00 1.4138E+00 L=0.0000E+00
epoch 211 atom_rmsd_nm 1.2912E-01 1.2857E-01 dPotEnr 8.6704E+35 4.1470E+32 Summation 1.4164E+00 1.4092E+00 L=0.0000E+00
epoch 212 atom_rmsd_nm 1.2867E-01 1.2813E-01 dPotEnr 6.4334E+32 4.0206E+35 Summation 1.4119E+00 1.4048E+00 L=0.0000E+00
epoch 213 atom_rmsd_nm 1.2825E-01 1.2769E-01 dPotEnr 1.1579E+35 1.2573E+41 Summation 1.4076E+00 1.4004E+00 L=0.0000E+00
epoch 214 atom_rmsd_nm 1.2782E-01 1.2726E-01 dPotEnr 1.0405E+38 1.3506E+34 Summation 1.4033E+00 1.3959E+00 L=0.0000E+00
epoch 215 atom_rmsd_nm 1.2737E-01 1.2681E-01 dPotEnr 1.1209E+38 4.3760E+30 Summation 1.3988E+00 1.3914E+00 L=0.0000E+00
epoch 216 atom_rmsd_nm 1.2697E-01 1.2641E-01 dPotEnr 3.1614E+37 1.2539E+41 Summation 1.3948E+00 1.3873E+00 L=0.0000E+00
epoch 217 atom_rmsd_nm 1.2655E-01 1.2597E-01 dPotEnr 4.8058E+36 8.3547E+29 Summation 1.3905E+00 1.3828E+00 L=0.0000E+00
epoch 218 atom_rmsd_nm 1.2614E-01 1.2557E-01 dPotEnr 1.3808E+34 2.9681E+30 Summation 1.3864E+00 1.3787E+00 L=0.0000E+00
epoch 219 atom_rmsd_nm 1.2575E-01 1.2519E-01 dPotEnr 4.9991E+38 1.2386E+33 Summation 1.3823E+00 1.3748E+00 L=0.0000E+00
epoch 220 atom_rmsd_nm 1.2535E-01 1.2477E-01 dPotEnr 6.0474E+36 2.5606E+31 Summation 1.3783E+00 1.3705E+00 L=0.0000E+00
epoch 221 atom_rmsd_nm 1.2497E-01 1.2438E-01 dPotEnr 1.6412E+37 5.0024E+30 Summation 1.3744E+00 1.3665E+00 L=0.0000E+00
epoch 222 atom_rmsd_nm 1.2457E-01 1.2398E-01 dPotEnr 6.6321E+31 8.0853E+32 Summation 1.3704E+00 1.3624E+00 L=0.0000E+00
epoch 223 atom_rmsd_nm 1.2421E-01 1.2361E-01 dPotEnr 2.6570E+40 1.3629E+27 Summation 1.3667E+00 1.3585E+00 L=0.0000E+00
epoch 224 atom_rmsd_nm 1.2384E-01 1.2323E-01 dPotEnr 4.0413E+41 6.5044E+27 Summation 1.3628E+00 1.3547E+00 L=0.0000E+00
epoch 225 atom_rmsd_nm 1.2348E-01 1.2286E-01 dPotEnr 9.2963E+48 9.9190E+28 Summation 1.3592E+00 1.3508E+00 L=0.0000E+00
epoch 226 atom_rmsd_nm 1.2313E-01 1.2251E-01 dPotEnr 1.4487E+37 1.3642E+27 Summation 1.3555E+00 1.3472E+00 L=0.0000E+00
epoch 227 atom_rmsd_nm 1.2275E-01 1.2213E-01 dPotEnr 1.4978E+34 3.4203E+27 Summation 1.3517E+00 1.3432E+00 L=0.0000E+00
epoch 228 atom_rmsd_nm 1.2240E-01 1.2178E-01 dPotEnr 1.2948E+32 6.5617E+27 Summation 1.3481E+00 1.3396E+00 L=0.0000E+00
epoch 229 atom_rmsd_nm 1.2204E-01 1.2142E-01 dPotEnr 2.0975E+35 2.1094E+27 Summation 1.3443E+00 1.3358E+00 L=0.0000E+00
epoch 230 atom_rmsd_nm 1.2171E-01 1.2108E-01 dPotEnr 9.5718E+31 1.1120E+27 Summation 1.3408E+00 1.3323E+00 L=0.0000E+00
epoch 231 atom_rmsd_nm 1.2137E-01 1.2074E-01 dPotEnr 9.1520E+33 3.3079E+26 Summation 1.3373E+00 1.3287E+00 L=0.0000E+00
epoch 232 atom_rmsd_nm 1.2105E-01 1.2042E-01 dPotEnr 7.1165E+37 1.7354E+25 Summation 1.3339E+00 1.3252E+00 L=0.0000E+00
epoch 233 atom_rmsd_nm 1.2070E-01 1.2006E-01 dPotEnr 3.4942E+30 2.5230E+26 Summation 1.3304E+00 1.3216E+00 L=0.0000E+00
epoch 234 atom_rmsd_nm 1.2040E-01 1.1976E-01 dPotEnr 1.3058E+32 4.4283E+33 Summation 1.3272E+00 1.3183E+00 L=0.0000E+00
epoch 235 atom_rmsd_nm 1.2007E-01 1.1942E-01 dPotEnr 6.3502E+34 6.3397E+29 Summation 1.3238E+00 1.3148E+00 L=0.0000E+00
epoch 236 atom_rmsd_nm 1.1975E-01 1.1910E-01 dPotEnr 2.0477E+36 2.8646E+33 Summation 1.3204E+00 1.3115E+00 L=0.0000E+00
epoch 237 atom_rmsd_nm 1.1945E-01 1.1879E-01 dPotEnr 4.5446E+33 2.3626E+31 Summation 1.3173E+00 1.3082E+00 L=0.0000E+00
epoch 238 atom_rmsd_nm 1.1913E-01 1.1848E-01 dPotEnr 2.1391E+36 4.9381E+34 Summation 1.3140E+00 1.3050E+00 L=0.0000E+00
epoch 239 atom_rmsd_nm 1.1885E-01 1.1819E-01 dPotEnr 2.1118E+45 2.7947E+26 Summation 1.3111E+00 1.3019E+00 L=0.0000E+00
epoch 240 atom_rmsd_nm 1.1856E-01 1.1790E-01 dPotEnr 5.3464E+38 3.2199E+31 Summation 1.3080E+00 1.2988E+00 L=0.0000E+00
epoch 241 atom_rmsd_nm 1.1826E-01 1.1759E-01 dPotEnr 2.2289E+41 7.7456E+36 Summation 1.3049E+00 1.2956E+00 L=0.0000E+00
epoch 242 atom_rmsd_nm 1.1797E-01 1.1730E-01 dPotEnr 4.9792E+35 6.4098E+30 Summation 1.3019E+00 1.2926E+00 L=0.0000E+00
epoch 243 atom_rmsd_nm 1.1769E-01 1.1702E-01 dPotEnr 5.9239E+35 2.3143E+35 Summation 1.2990E+00 1.2896E+00 L=0.0000E+00
epoch 244 atom_rmsd_nm 1.1741E-01 1.1673E-01 dPotEnr 8.0261E+32 1.4538E+34 Summation 1.2960E+00 1.2865E+00 L=0.0000E+00
epoch 245 atom_rmsd_nm 1.1715E-01 1.1646E-01 dPotEnr 6.6775E+43 1.1260E+27 Summation 1.2932E+00 1.2837E+00 L=0.0000E+00
epoch 246 atom_rmsd_nm 1.1687E-01 1.1619E-01 dPotEnr 4.1778E+36 5.2750E+33 Summation 1.2904E+00 1.2809E+00 L=0.0000E+00
epoch 247 atom_rmsd_nm 1.1660E-01 1.1591E-01 dPotEnr 1.0000E+33 2.8358E+28 Summation 1.2876E+00 1.2779E+00 L=0.0000E+00
epoch 248 atom_rmsd_nm 1.1635E-01 1.1566E-01 dPotEnr 3.6983E+39 8.4943E+30 Summation 1.2849E+00 1.2752E+00 L=0.0000E+00
epoch 249 atom_rmsd_nm 1.1604E-01 1.1534E-01 dPotEnr 2.2169E+34 4.9219E+30 Summation 1.2817E+00 1.2720E+00 L=0.0000E+00
epoch 250 atom_rmsd_nm 1.1576E-01 1.1506E-01 dPotEnr 1.3339E+36 5.4865E+36 Summation 1.2789E+00 1.2691E+00 L=0.0000E+00
epoch 251 atom_rmsd_nm 1.1550E-01 1.1479E-01 dPotEnr 2.5546E+36 4.6843E+37 Summation 1.2762E+00 1.2663E+00 L=0.0000E+00
epoch 252 atom_rmsd_nm 1.1524E-01 1.1454E-01 dPotEnr 8.8226E+38 6.8318E+28 Summation 1.2735E+00 1.2636E+00 L=0.0000E+00
epoch 253 atom_rmsd_nm 1.1499E-01 1.1427E-01 dPotEnr 5.4433E+31 7.0078E+28 Summation 1.2708E+00 1.2608E+00 L=0.0000E+00
epoch 254 atom_rmsd_nm 1.1475E-01 1.1403E-01 dPotEnr 3.3308E+35 3.0194E+38 Summation 1.2683E+00 1.2583E+00 L=0.0000E+00
epoch 255 atom_rmsd_nm 1.1452E-01 1.1379E-01 dPotEnr 1.8838E+40 1.1082E+28 Summation 1.2658E+00 1.2557E+00 L=0.0000E+00
epoch 256 atom_rmsd_nm 1.1427E-01 1.1354E-01 dPotEnr 8.7955E+41 4.6912E+31 Summation 1.2633E+00 1.2531E+00 L=0.0000E+00
epoch 257 atom_rmsd_nm 1.1403E-01 1.1329E-01 dPotEnr 1.2360E+42 2.0608E+28 Summation 1.2606E+00 1.2504E+00 L=0.0000E+00
epoch 258 atom_rmsd_nm 1.1379E-01 1.1304E-01 dPotEnr 3.0267E+32 1.7692E+28 Summation 1.2581E+00 1.2477E+00 L=0.0000E+00
epoch 259 atom_rmsd_nm 1.1356E-01 1.1281E-01 dPotEnr 3.7923E+31 1.3406E+33 Summation 1.2557E+00 1.2453E+00 L=0.0000E+00
epoch 260 atom_rmsd_nm 1.1334E-01 1.1259E-01 dPotEnr 8.3564E+34 2.1880E+33 Summation 1.2533E+00 1.2430E+00 L=0.0000E+00
epoch 261 atom_rmsd_nm 1.1311E-01 1.1235E-01 dPotEnr 8.7247E+30 1.9620E+29 Summation 1.2509E+00 1.2405E+00 L=0.0000E+00
epoch 262 atom_rmsd_nm 1.1289E-01 1.1213E-01 dPotEnr 4.1297E+28 2.7278E+27 Summation 1.2486E+00 1.2381E+00 L=0.0000E+00
epoch 263 atom_rmsd_nm 1.1267E-01 1.1192E-01 dPotEnr 1.2853E+36 2.8606E+29 Summation 1.2463E+00 1.2358E+00 L=0.0000E+00
epoch 264 atom_rmsd_nm 1.1246E-01 1.1170E-01 dPotEnr 7.8354E+34 2.5261E+28 Summation 1.2440E+00 1.2334E+00 L=0.0000E+00
epoch 265 atom_rmsd_nm 1.1225E-01 1.1148E-01 dPotEnr 8.2083E+43 5.1547E+29 Summation 1.2418E+00 1.2311E+00 L=0.0000E+00
epoch 266 atom_rmsd_nm 1.1204E-01 1.1128E-01 dPotEnr 3.7046E+34 2.4801E+31 Summation 1.2396E+00 1.2290E+00 L=0.0000E+00
epoch 267 atom_rmsd_nm 1.1184E-01 1.1108E-01 dPotEnr 3.1743E+35 1.8497E+28 Summation 1.2374E+00 1.2268E+00 L=0.0000E+00
epoch 268 atom_rmsd_nm 1.1165E-01 1.1087E-01 dPotEnr 8.4753E+35 3.3087E+31 Summation 1.2353E+00 1.2245E+00 L=0.0000E+00
epoch 269 atom_rmsd_nm 1.1145E-01 1.1068E-01 dPotEnr 2.5312E+30 1.7850E+29 Summation 1.2332E+00 1.2225E+00 L=0.0000E+00
epoch 270 atom_rmsd_nm 1.1126E-01 1.1047E-01 dPotEnr 6.1021E+35 3.2426E+31 Summation 1.2311E+00 1.2203E+00 L=0.0000E+00
epoch 271 atom_rmsd_nm 1.1107E-01 1.1029E-01 dPotEnr 6.9975E+31 5.8456E+30 Summation 1.2291E+00 1.2183E+00 L=0.0000E+00
epoch 272 atom_rmsd_nm 1.1088E-01 1.1011E-01 dPotEnr 2.9012E+51 2.6770E+30 Summation 1.2271E+00 1.2163E+00 L=0.0000E+00
epoch 273 atom_rmsd_nm 1.1070E-01 1.0991E-01 dPotEnr 2.7061E+32 2.7775E+31 Summation 1.2251E+00 1.2142E+00 L=0.0000E+00
epoch 274 atom_rmsd_nm 1.1052E-01 1.0973E-01 dPotEnr 1.4802E+36 6.5415E+32 Summation 1.2232E+00 1.2123E+00 L=0.0000E+00
epoch 275 atom_rmsd_nm 1.1035E-01 1.0956E-01 dPotEnr 6.3885E+36 1.1681E+31 Summation 1.2212E+00 1.2103E+00 L=0.0000E+00
epoch 276 atom_rmsd_nm 1.1017E-01 1.0937E-01 dPotEnr 2.2075E+37 2.7047E+29 Summation 1.2193E+00 1.2083E+00 L=0.0000E+00
epoch 277 atom_rmsd_nm 1.1000E-01 1.0920E-01 dPotEnr 4.1558E+36 1.3383E+30 Summation 1.2175E+00 1.2064E+00 L=0.0000E+00
epoch 278 atom_rmsd_nm 1.0984E-01 1.0904E-01 dPotEnr 1.7207E+40 1.1297E+32 Summation 1.2157E+00 1.2046E+00 L=0.0000E+00
epoch 279 atom_rmsd_nm 1.0967E-01 1.0887E-01 dPotEnr 4.2567E+30 5.2425E+29 Summation 1.2139E+00 1.2028E+00 L=0.0000E+00
epoch 280 atom_rmsd_nm 1.0951E-01 1.0870E-01 dPotEnr 1.7268E+32 1.1163E+28 Summation 1.2121E+00 1.2009E+00 L=0.0000E+00
epoch 281 atom_rmsd_nm 1.0935E-01 1.0855E-01 dPotEnr 1.5622E+39 1.1586E+29 Summation 1.2104E+00 1.1993E+00 L=0.0000E+00
epoch 282 atom_rmsd_nm 1.0920E-01 1.0839E-01 dPotEnr 4.6928E+40 2.0636E+32 Summation 1.2086E+00 1.1975E+00 L=0.0000E+00
epoch 283 atom_rmsd_nm 1.0905E-01 1.0824E-01 dPotEnr 5.5299E+40 7.2625E+32 Summation 1.2070E+00 1.1959E+00 L=0.0000E+00
epoch 284 atom_rmsd_nm 1.0890E-01 1.0808E-01 dPotEnr 1.0549E+31 1.2240E+29 Summation 1.2054E+00 1.1941E+00 L=0.0000E+00
epoch 285 atom_rmsd_nm 1.0875E-01 1.0794E-01 dPotEnr 6.8733E+37 1.0080E+38 Summation 1.2038E+00 1.1925E+00 L=0.0000E+00
epoch 286 atom_rmsd_nm 1.0861E-01 1.0779E-01 dPotEnr 1.1771E+42 6.8985E+46 Summation 1.2022E+00 1.1909E+00 L=0.0000E+00
epoch 287 atom_rmsd_nm 1.0847E-01 1.0765E-01 dPotEnr 1.0682E+29 3.3956E+41 Summation 1.2006E+00 1.1894E+00 L=0.0000E+00
epoch 288 atom_rmsd_nm 1.0833E-01 1.0751E-01 dPotEnr 4.7184E+33 1.1068E+44 Summation 1.1991E+00 1.1878E+00 L=0.0000E+00
epoch 289 atom_rmsd_nm 1.0819E-01 1.0737E-01 dPotEnr 2.1271E+33 5.4553E+28 Summation 1.1975E+00 1.1863E+00 L=0.0000E+00
epoch 290 atom_rmsd_nm 1.0806E-01 1.0724E-01 dPotEnr 3.6400E+29 1.2839E+37 Summation 1.1960E+00 1.1848E+00 L=0.0000E+00
epoch 291 atom_rmsd_nm 1.0793E-01 1.0710E-01 dPotEnr 4.7684E+29 1.1299E+29 Summation 1.1946E+00 1.1833E+00 L=0.0000E+00
epoch 292 atom_rmsd_nm 1.0780E-01 1.0698E-01 dPotEnr 1.6971E+36 1.4303E+30 Summation 1.1931E+00 1.1818E+00 L=0.0000E+00
epoch 293 atom_rmsd_nm 1.0768E-01 1.0685E-01 dPotEnr 1.0851E+39 2.4400E+27 Summation 1.1917E+00 1.1804E+00 L=0.0000E+00
epoch 294 atom_rmsd_nm 1.0755E-01 1.0673E-01 dPotEnr 2.7865E+37 4.8068E+36 Summation 1.1903E+00 1.1790E+00 L=0.0000E+00
epoch 295 atom_rmsd_nm 1.0743E-01 1.0660E-01 dPotEnr 1.3297E+32 2.8766E+27 Summation 1.1889E+00 1.1776E+00 L=0.0000E+00
epoch 296 atom_rmsd_nm 1.0732E-01 1.0648E-01 dPotEnr 1.1597E+34 5.0944E+27 Summation 1.1876E+00 1.1763E+00 L=0.0000E+00
epoch 297 atom_rmsd_nm 1.0719E-01 1.0637E-01 dPotEnr 4.3253E+33 6.3883E+25 Summation 1.1862E+00 1.1749E+00 L=0.0000E+00
epoch 298 atom_rmsd_nm 1.0708E-01 1.0624E-01 dPotEnr 1.4155E+37 1.2413E+29 Summation 1.1849E+00 1.1735E+00 L=0.0000E+00
epoch 299 atom_rmsd_nm 1.0696E-01 1.0613E-01 dPotEnr 2.9625E+29 1.1613E+26 Summation 1.1836E+00 1.1722E+00 L=0.0000E+00
epoch 300 atom_rmsd_nm 1.0685E-01 1.0602E-01 dPotEnr 1.3176E+40 7.0841E+26 Summation 1.1823E+00 1.1710E+00 L=0.0000E+00
epoch 301 atom_rmsd_nm 1.0674E-01 1.0590E-01 dPotEnr 7.2006E+31 5.8989E+24 Summation 1.1810E+00 1.1695E+00 L=0.0000E+00
epoch 302 atom_rmsd_nm 1.0663E-01 1.0579E-01 dPotEnr 6.1979E+32 2.2940E+25 Summation 1.1797E+00 1.1683E+00 L=0.0000E+00
epoch 303 atom_rmsd_nm 1.0652E-01 1.0569E-01 dPotEnr 8.1724E+28 5.0197E+26 Summation 1.1784E+00 1.1671E+00 L=0.0000E+00
epoch 304 atom_rmsd_nm 1.0642E-01 1.0558E-01 dPotEnr 1.6157E+29 6.9730E+27 Summation 1.1772E+00 1.1658E+00 L=0.0000E+00
epoch 305 atom_rmsd_nm 1.0631E-01 1.0547E-01 dPotEnr 6.3207E+28 3.0498E+27 Summation 1.1759E+00 1.1646E+00 L=0.0000E+00
epoch 306 atom_rmsd_nm 1.0620E-01 1.0536E-01 dPotEnr 4.0244E+31 2.6663E+28 Summation 1.1747E+00 1.1633E+00 L=0.0000E+00
epoch 307 atom_rmsd_nm 1.0611E-01 1.0527E-01 dPotEnr 1.7736E+26 4.4502E+25 Summation 1.1736E+00 1.1622E+00 L=0.0000E+00
epoch 308 atom_rmsd_nm 1.0600E-01 1.0516E-01 dPotEnr 2.8128E+25 4.6464E+26 Summation 1.1723E+00 1.1610E+00 L=0.0000E+00
epoch 309 atom_rmsd_nm 1.0591E-01 1.0506E-01 dPotEnr 2.4020E+26 6.8704E+37 Summation 1.1711E+00 1.1597E+00 L=0.0000E+00
epoch 310 atom_rmsd_nm 1.0580E-01 1.0496E-01 dPotEnr 4.0155E+26 4.9420E+30 Summation 1.1699E+00 1.1586E+00 L=0.0000E+00
epoch 311 atom_rmsd_nm 1.0570E-01 1.0486E-01 dPotEnr 9.4481E+27 7.4191E+28 Summation 1.1687E+00 1.1574E+00 L=0.0000E+00
epoch 312 atom_rmsd_nm 1.0560E-01 1.0476E-01 dPotEnr 6.2465E+24 6.3651E+29 Summation 1.1676E+00 1.1562E+00 L=0.0000E+00
epoch 313 atom_rmsd_nm 1.0551E-01 1.0467E-01 dPotEnr 5.6079E+25 5.0132E+33 Summation 1.1665E+00 1.1551E+00 L=0.0000E+00
epoch 314 atom_rmsd_nm 1.0541E-01 1.0457E-01 dPotEnr 2.4037E+30 1.0158E+36 Summation 1.1653E+00 1.1540E+00 L=0.0000E+00
epoch 315 atom_rmsd_nm 1.0532E-01 1.0448E-01 dPotEnr 2.6065E+28 1.2173E+29 Summation 1.1642E+00 1.1528E+00 L=0.0000E+00
epoch 316 atom_rmsd_nm 1.0523E-01 1.0438E-01 dPotEnr 3.9478E+33 3.0763E+26 Summation 1.1631E+00 1.1517E+00 L=0.0000E+00
epoch 317 atom_rmsd_nm 1.0514E-01 1.0429E-01 dPotEnr 1.4432E+27 1.6456E+27 Summation 1.1620E+00 1.1506E+00 L=0.0000E+00
epoch 318 atom_rmsd_nm 1.0505E-01 1.0421E-01 dPotEnr 1.2750E+28 1.3662E+32 Summation 1.1609E+00 1.1495E+00 L=0.0000E+00
epoch 319 atom_rmsd_nm 1.0496E-01 1.0412E-01 dPotEnr 5.7172E+27 2.1944E+29 Summation 1.1598E+00 1.1485E+00 L=0.0000E+00
epoch 320 atom_rmsd_nm 1.0487E-01 1.0403E-01 dPotEnr 7.3167E+29 1.0589E+35 Summation 1.1587E+00 1.1474E+00 L=0.0000E+00
epoch 321 atom_rmsd_nm 1.0479E-01 1.0394E-01 dPotEnr 1.5644E+28 2.8432E+29 Summation 1.1577E+00 1.1463E+00 L=0.0000E+00
epoch 322 atom_rmsd_nm 1.0470E-01 1.0386E-01 dPotEnr 3.6200E+26 3.1559E+30 Summation 1.1566E+00 1.1453E+00 L=0.0000E+00
epoch 323 atom_rmsd_nm 1.0462E-01 1.0378E-01 dPotEnr 7.5189E+27 2.8335E+29 Summation 1.1556E+00 1.1442E+00 L=0.0000E+00
epoch 324 atom_rmsd_nm 1.0454E-01 1.0369E-01 dPotEnr 6.7822E+29 7.5268E+35 Summation 1.1546E+00 1.1432E+00 L=0.0000E+00
epoch 325 atom_rmsd_nm 1.0446E-01 1.0361E-01 dPotEnr 5.1587E+28 1.2487E+30 Summation 1.1536E+00 1.1422E+00 L=0.0000E+00
epoch 326 atom_rmsd_nm 1.0438E-01 1.0353E-01 dPotEnr 4.1837E+25 2.3460E+29 Summation 1.1525E+00 1.1412E+00 L=0.0000E+00
epoch 327 atom_rmsd_nm 1.0430E-01 1.0345E-01 dPotEnr 6.9732E+25 3.4910E+32 Summation 1.1515E+00 1.1402E+00 L=0.0000E+00
epoch 328 atom_rmsd_nm 1.0422E-01 1.0338E-01 dPotEnr 6.7537E+24 6.1564E+30 Summation 1.1505E+00 1.1392E+00 L=0.0000E+00
epoch 329 atom_rmsd_nm 1.0414E-01 1.0330E-01 dPotEnr 1.4820E+27 1.6828E+34 Summation 1.1495E+00 1.1382E+00 L=0.0000E+00
epoch 330 atom_rmsd_nm 1.0406E-01 1.0322E-01 dPotEnr 1.2127E+29 9.7762E+27 Summation 1.1485E+00 1.1372E+00 L=0.0000E+00
epoch 331 atom_rmsd_nm 1.0399E-01 1.0314E-01 dPotEnr 6.8642E+24 4.8983E+28 Summation 1.1475E+00 1.1362E+00 L=0.0000E+00
epoch 332 atom_rmsd_nm 1.0391E-01 1.0306E-01 dPotEnr 1.0480E+26 3.9581E+29 Summation 1.1466E+00 1.1352E+00 L=0.0000E+00
epoch 333 atom_rmsd_nm 1.0383E-01 1.0299E-01 dPotEnr 6.5619E+26 3.5719E+31 Summation 1.1456E+00 1.1343E+00 L=0.0000E+00
epoch 334 atom_rmsd_nm 1.0376E-01 1.0292E-01 dPotEnr 7.6534E+25 9.0702E+31 Summation 1.1446E+00 1.1333E+00 L=0.0000E+00
epoch 335 atom_rmsd_nm 1.0368E-01 1.0284E-01 dPotEnr 3.7906E+26 3.3578E+33 Summation 1.1437E+00 1.1324E+00 L=0.0000E+00
epoch 336 atom_rmsd_nm 1.0361E-01 1.0276E-01 dPotEnr 8.7234E+25 3.8703E+31 Summation 1.1427E+00 1.1314E+00 L=0.0000E+00
epoch 337 atom_rmsd_nm 1.0354E-01 1.0269E-01 dPotEnr 4.7825E+26 2.4672E+45 Summation 1.1418E+00 1.1305E+00 L=0.0000E+00
epoch 338 atom_rmsd_nm 1.0346E-01 1.0262E-01 dPotEnr 1.2066E+33 9.0799E+29 Summation 1.1408E+00 1.1296E+00 L=0.0000E+00
epoch 339 atom_rmsd_nm 1.0339E-01 1.0255E-01 dPotEnr 1.3079E+28 6.6285E+30 Summation 1.1399E+00 1.1286E+00 L=0.0000E+00
epoch 340 atom_rmsd_nm 1.0332E-01 1.0248E-01 dPotEnr 1.5447E+28 8.6894E+33 Summation 1.1390E+00 1.1277E+00 L=0.0000E+00
epoch 341 atom_rmsd_nm 1.0325E-01 1.0240E-01 dPotEnr 1.1049E+34 1.4143E+30 Summation 1.1380E+00 1.1267E+00 L=0.0000E+00
epoch 342 atom_rmsd_nm 1.0317E-01 1.0233E-01 dPotEnr 2.2141E+29 9.4197E+51 Summation 1.1371E+00 1.1258E+00 L=0.0000E+00
epoch 343 atom_rmsd_nm 1.0310E-01 1.0226E-01 dPotEnr 5.6659E+28 2.0517E+29 Summation 1.1362E+00 1.1249E+00 L=0.0000E+00
epoch 344 atom_rmsd_nm 1.0303E-01 1.0219E-01 dPotEnr 9.3615E+28 1.4792E+27 Summation 1.1352E+00 1.1240E+00 L=0.0000E+00
epoch 345 atom_rmsd_nm 1.0296E-01 1.0212E-01 dPotEnr 9.9766E+27 3.1620E+32 Summation 1.1343E+00 1.1231E+00 L=0.0000E+00
epoch 346 atom_rmsd_nm 1.0289E-01 1.0205E-01 dPotEnr 7.1093E+28 3.1123E+29 Summation 1.1334E+00 1.1222E+00 L=0.0000E+00
epoch 347 atom_rmsd_nm 1.0282E-01 1.0198E-01 dPotEnr 1.4601E+28 8.6342E+28 Summation 1.1325E+00 1.1213E+00 L=0.0000E+00
epoch 348 atom_rmsd_nm 1.0275E-01 1.0191E-01 dPotEnr 9.8152E+26 1.8055E+27 Summation 1.1315E+00 1.1203E+00 L=0.0000E+00
epoch 349 atom_rmsd_nm 1.0268E-01 1.0184E-01 dPotEnr 1.9197E+27 2.1845E+26 Summation 1.1306E+00 1.1194E+00 L=0.0000E+00
epoch 350 atom_rmsd_nm 1.0261E-01 1.0177E-01 dPotEnr 6.5168E+26 5.8417E+33 Summation 1.1297E+00 1.1185E+00 L=0.0000E+00
epoch 351 atom_rmsd_nm 1.0254E-01 1.0170E-01 dPotEnr 3.2036E+27 4.3547E+33 Summation 1.1288E+00 1.1176E+00 L=0.0000E+00
epoch 352 atom_rmsd_nm 1.0247E-01 1.0163E-01 dPotEnr 3.5607E+25 1.6480E+35 Summation 1.1279E+00 1.1167E+00 L=0.0000E+00
epoch 353 atom_rmsd_nm 1.0240E-01 1.0157E-01 dPotEnr 1.4035E+28 4.2770E+35 Summation 1.1270E+00 1.1158E+00 L=0.0000E+00
epoch 354 atom_rmsd_nm 1.0233E-01 1.0150E-01 dPotEnr 7.8707E+29 2.4256E+31 Summation 1.1261E+00 1.1149E+00 L=0.0000E+00
epoch 355 atom_rmsd_nm 1.0226E-01 1.0143E-01 dPotEnr 7.2359E+27 4.2721E+33 Summation 1.1252E+00 1.1140E+00 L=0.0000E+00
epoch 356 atom_rmsd_nm 1.0220E-01 1.0137E-01 dPotEnr 4.5101E+28 4.6450E+28 Summation 1.1243E+00 1.1132E+00 L=0.0000E+00
epoch 357 atom_rmsd_nm 1.0213E-01 1.0130E-01 dPotEnr 1.7103E+28 1.2019E+31 Summation 1.1234E+00 1.1123E+00 L=0.0000E+00
epoch 358 atom_rmsd_nm 1.0206E-01 1.0123E-01 dPotEnr 1.5135E+29 4.3790E+28 Summation 1.1225E+00 1.1114E+00 L=0.0000E+00
epoch 359 atom_rmsd_nm 1.0200E-01 1.0116E-01 dPotEnr 1.5219E+29 9.7044E+40 Summation 1.1217E+00 1.1105E+00 L=0.0000E+00
epoch 360 atom_rmsd_nm 1.0193E-01 1.0110E-01 dPotEnr 3.2388E+27 7.6928E+46 Summation 1.1208E+00 1.1097E+00 L=0.0000E+00
epoch 361 atom_rmsd_nm 1.0187E-01 1.0104E-01 dPotEnr 5.4331E+29 2.5144E+30 Summation 1.1199E+00 1.1088E+00 L=0.0000E+00
epoch 362 atom_rmsd_nm 1.0180E-01 1.0097E-01 dPotEnr 4.9697E+29 2.1355E+32 Summation 1.1190E+00 1.1080E+00 L=0.0000E+00
epoch 363 atom_rmsd_nm 1.0174E-01 1.0091E-01 dPotEnr 3.2832E+27 5.9607E+28 Summation 1.1182E+00 1.1071E+00 L=0.0000E+00
epoch 364 atom_rmsd_nm 1.0167E-01 1.0084E-01 dPotEnr 4.7057E+26 1.1527E+34 Summation 1.1173E+00 1.1063E+00 L=0.0000E+00
epoch 365 atom_rmsd_nm 1.0161E-01 1.0078E-01 dPotEnr 1.0668E+28 8.1014E+37 Summation 1.1165E+00 1.1054E+00 L=0.0000E+00
epoch 366 atom_rmsd_nm 1.0154E-01 1.0071E-01 dPotEnr 1.8029E+28 6.8469E+43 Summation 1.1156E+00 1.1045E+00 L=0.0000E+00
epoch 367 atom_rmsd_nm 1.0148E-01 1.0065E-01 dPotEnr 2.6083E+28 6.9914E+38 Summation 1.1147E+00 1.1037E+00 L=0.0000E+00
epoch 368 atom_rmsd_nm 1.0141E-01 1.0059E-01 dPotEnr 3.0302E+28 2.3244E+42 Summation 1.1138E+00 1.1029E+00 L=0.0000E+00
epoch 369 atom_rmsd_nm 1.0135E-01 1.0052E-01 dPotEnr 1.7437E+27 6.8992E+36 Summation 1.1130E+00 1.1019E+00 L=0.0000E+00
epoch 370 atom_rmsd_nm 1.0128E-01 1.0045E-01 dPotEnr 2.7515E+27 6.7833E+37 Summation 1.1121E+00 1.1011E+00 L=0.0000E+00
epoch 371 atom_rmsd_nm 1.0122E-01 1.0039E-01 dPotEnr 3.9115E+28 3.8938E+43 Summation 1.1113E+00 1.1003E+00 L=0.0000E+00
epoch 372 atom_rmsd_nm 1.0115E-01 1.0032E-01 dPotEnr 7.6597E+27 6.4216E+39 Summation 1.1104E+00 1.0994E+00 L=0.0000E+00
epoch 373 atom_rmsd_nm 1.0109E-01 1.0027E-01 dPotEnr 9.5439E+29 3.0575E+37 Summation 1.1095E+00 1.0986E+00 L=0.0000E+00
epoch 374 atom_rmsd_nm 1.0103E-01 1.0020E-01 dPotEnr 1.4003E+31 5.8368E+31 Summation 1.1087E+00 1.0977E+00 L=0.0000E+00
epoch 375 atom_rmsd_nm 1.0096E-01 1.0014E-01 dPotEnr 3.3624E+30 1.2155E+31 Summation 1.1078E+00 1.0969E+00 L=0.0000E+00
epoch 376 atom_rmsd_nm 1.0090E-01 1.0008E-01 dPotEnr 9.7561E+28 2.9335E+31 Summation 1.1070E+00 1.0961E+00 L=0.0000E+00
epoch 377 atom_rmsd_nm 1.0083E-01 1.0001E-01 dPotEnr 6.5129E+31 2.5933E+34 Summation 1.1061E+00 1.0952E+00 L=0.0000E+00
epoch 378 atom_rmsd_nm 1.0077E-01 9.9948E-02 dPotEnr 1.2599E+37 5.0759E+31 Summation 1.1053E+00 1.0944E+00 L=0.0000E+00
epoch 379 atom_rmsd_nm 1.0071E-01 9.9882E-02 dPotEnr 2.0533E+34 8.6746E+32 Summation 1.1044E+00 1.0935E+00 L=0.0000E+00
epoch 380 atom_rmsd_nm 1.0064E-01 9.9824E-02 dPotEnr 1.2590E+46 5.9751E+37 Summation 1.1036E+00 1.0927E+00 L=0.0000E+00
epoch 381 atom_rmsd_nm 1.0058E-01 9.9760E-02 dPotEnr 2.9567E+32 3.0246E+30 Summation 1.1027E+00 1.0919E+00 L=0.0000E+00
epoch 382 atom_rmsd_nm 1.0051E-01 9.9692E-02 dPotEnr 5.8762E+31 1.1978E+30 Summation 1.1019E+00 1.0910E+00 L=0.0000E+00
epoch 383 atom_rmsd_nm 1.0045E-01 9.9631E-02 dPotEnr 1.1137E+28 1.1966E+35 Summation 1.1011E+00 1.0902E+00 L=0.0000E+00
epoch 384 atom_rmsd_nm 1.0039E-01 9.9571E-02 dPotEnr 2.5503E+28 1.7062E+26 Summation 1.1002E+00 1.0894E+00 L=0.0000E+00
epoch 385 atom_rmsd_nm 1.0032E-01 9.9506E-02 dPotEnr 2.0731E+30 1.1495E+28 Summation 1.0994E+00 1.0885E+00 L=0.0000E+00
epoch 386 atom_rmsd_nm 1.0026E-01 9.9445E-02 dPotEnr 5.3695E+30 8.5228E+26 Summation 1.0985E+00 1.0877E+00 L=0.0000E+00
epoch 387 atom_rmsd_nm 1.0020E-01 9.9381E-02 dPotEnr 9.9177E+30 7.1509E+24 Summation 1.0977E+00 1.0869E+00 L=0.0000E+00
epoch 388 atom_rmsd_nm 1.0013E-01 9.9321E-02 dPotEnr 1.2797E+29 1.5232E+26 Summation 1.0969E+00 1.0861E+00 L=0.0000E+00
epoch 389 atom_rmsd_nm 1.0007E-01 9.9259E-02 dPotEnr 7.3638E+27 9.1259E+26 Summation 1.0960E+00 1.0853E+00 L=0.0000E+00
epoch 390 atom_rmsd_nm 1.0001E-01 9.9196E-02 dPotEnr 1.7665E+28 7.6421E+24 Summation 1.0952E+00 1.0845E+00 L=0.0000E+00
epoch 391 atom_rmsd_nm 9.9944E-02 9.9133E-02 dPotEnr 1.0325E+27 3.5387E+28 Summation 1.0944E+00 1.0836E+00 L=0.0000E+00
epoch 392 atom_rmsd_nm 9.9880E-02 9.9074E-02 dPotEnr 2.2274E+27 2.5401E+25 Summation 1.0935E+00 1.0828E+00 L=0.0000E+00
epoch 393 atom_rmsd_nm 9.9818E-02 9.9011E-02 dPotEnr 1.4518E+30 9.7572E+24 Summation 1.0927E+00 1.0820E+00 L=0.0000E+00
epoch 394 atom_rmsd_nm 9.9757E-02 9.8951E-02 dPotEnr 1.5580E+27 6.9426E+23 Summation 1.0919E+00 1.0812E+00 L=0.0000E+00
epoch 395 atom_rmsd_nm 9.9695E-02 9.8887E-02 dPotEnr 1.5324E+27 1.1391E+26 Summation 1.0910E+00 1.0804E+00 L=0.0000E+00
epoch 396 atom_rmsd_nm 9.9631E-02 9.8830E-02 dPotEnr 5.9919E+27 6.6315E+24 Summation 1.0902E+00 1.0796E+00 L=0.0000E+00
epoch 397 atom_rmsd_nm 9.9570E-02 9.8767E-02 dPotEnr 1.2356E+26 7.9160E+23 Summation 1.0894E+00 1.0788E+00 L=0.0000E+00
epoch 398 atom_rmsd_nm 9.9508E-02 9.8706E-02 dPotEnr 3.3921E+26 5.7382E+25 Summation 1.0886E+00 1.0780E+00 L=0.0000E+00
epoch 399 atom_rmsd_nm 9.9445E-02 9.8645E-02 dPotEnr 1.6903E+27 2.4113E+25 Summation 1.0877E+00 1.0772E+00 L=0.0000E+00
epoch 400 atom_rmsd_nm 9.9382E-02 9.8584E-02 dPotEnr 1.1105E+26 2.4860E+24 Summation 1.0869E+00 1.0764E+00 L=0.0000E+00
epoch 401 atom_rmsd_nm 9.9320E-02 9.8519E-02 dPotEnr 3.3937E+26 2.5127E+25 Summation 1.0861E+00 1.0755E+00 L=0.0000E+00
epoch 402 atom_rmsd_nm 9.9259E-02 9.8463E-02 dPotEnr 5.9099E+27 2.1803E+25 Summation 1.0853E+00 1.0748E+00 L=0.0000E+00
epoch 403 atom_rmsd_nm 9.9197E-02 9.8399E-02 dPotEnr 9.6343E+27 6.6157E+24 Summation 1.0845E+00 1.0740E+00 L=0.0000E+00
epoch 404 atom_rmsd_nm 9.9136E-02 9.8340E-02 dPotEnr 1.2592E+32 4.8161E+24 Summation 1.0837E+00 1.0732E+00 L=0.0000E+00
epoch 405 atom_rmsd_nm 9.9073E-02 9.8279E-02 dPotEnr 8.3132E+31 3.4711E+24 Summation 1.0828E+00 1.0724E+00 L=0.0000E+00
epoch 406 atom_rmsd_nm 9.9012E-02 9.8219E-02 dPotEnr 5.0639E+27 4.7698E+24 Summation 1.0820E+00 1.0716E+00 L=0.0000E+00
epoch 407 atom_rmsd_nm 9.8950E-02 9.8158E-02 dPotEnr 3.1668E+30 1.3498E+24 Summation 1.0812E+00 1.0708E+00 L=0.0000E+00
epoch 408 atom_rmsd_nm 9.8888E-02 9.8098E-02 dPotEnr 6.4504E+31 5.5824E+24 Summation 1.0804E+00 1.0700E+00 L=0.0000E+00
epoch 409 atom_rmsd_nm 9.8827E-02 9.8036E-02 dPotEnr 1.0630E+28 1.9297E+24 Summation 1.0796E+00 1.0692E+00 L=0.0000E+00
epoch 410 atom_rmsd_nm 9.8765E-02 9.7976E-02 dPotEnr 6.3444E+28 2.4429E+25 Summation 1.0788E+00 1.0684E+00 L=0.0000E+00
epoch 411 atom_rmsd_nm 9.8704E-02 9.7916E-02 dPotEnr 1.1222E+29 1.8567E+23 Summation 1.0780E+00 1.0677E+00 L=0.0000E+00
epoch 412 atom_rmsd_nm 9.8641E-02 9.7857E-02 dPotEnr 7.1755E+27 8.0735E+23 Summation 1.0772E+00 1.0669E+00 L=0.0000E+00
epoch 413 atom_rmsd_nm 9.8580E-02 9.7795E-02 dPotEnr 3.5437E+28 1.7030E+23 Summation 1.0764E+00 1.0661E+00 L=0.0000E+00
epoch 414 atom_rmsd_nm 9.8519E-02 9.7736E-02 dPotEnr 4.3722E+31 6.7579E+23 Summation 1.0756E+00 1.0653E+00 L=0.0000E+00
epoch 415 atom_rmsd_nm 9.8457E-02 9.7676E-02 dPotEnr 1.2837E+31 5.2566E+23 Summation 1.0748E+00 1.0645E+00 L=0.0000E+00
epoch 416 atom_rmsd_nm 9.8398E-02 9.7617E-02 dPotEnr 3.2024E+37 5.6172E+23 Summation 1.0740E+00 1.0638E+00 L=0.0000E+00
epoch 417 atom_rmsd_nm 9.8336E-02 9.7556E-02 dPotEnr 4.1144E+36 1.2527E+24 Summation 1.0732E+00 1.0630E+00 L=0.0000E+00
epoch 418 atom_rmsd_nm 9.8276E-02 9.7496E-02 dPotEnr 2.5478E+33 7.0264E+23 Summation 1.0725E+00 1.0622E+00 L=0.0000E+00
epoch 419 atom_rmsd_nm 9.8215E-02 9.7437E-02 dPotEnr 4.3640E+32 2.1332E+23 Summation 1.0717E+00 1.0614E+00 L=0.0000E+00
epoch 420 atom_rmsd_nm 9.8156E-02 9.7381E-02 dPotEnr 1.0845E+31 1.5157E+23 Summation 1.0709E+00 1.0607E+00 L=0.0000E+00
epoch 421 atom_rmsd_nm 9.8096E-02 9.7322E-02 dPotEnr 1.2976E+32 2.4665E+23 Summation 1.0701E+00 1.0599E+00 L=0.0000E+00
epoch 422 atom_rmsd_nm 9.8036E-02 9.7261E-02 dPotEnr 2.6540E+34 2.0240E+23 Summation 1.0693E+00 1.0592E+00 L=0.0000E+00
epoch 423 atom_rmsd_nm 9.7976E-02 9.7201E-02 dPotEnr 3.5585E+35 9.6457E+22 Summation 1.0685E+00 1.0584E+00 L=0.0000E+00
epoch 424 atom_rmsd_nm 9.7916E-02 9.7145E-02 dPotEnr 8.6179E+30 1.1883E+23 Summation 1.0678E+00 1.0576E+00 L=0.0000E+00
epoch 425 atom_rmsd_nm 9.7857E-02 9.7084E-02 dPotEnr 1.8548E+33 2.2457E+23 Summation 1.0670E+00 1.0569E+00 L=0.0000E+00
epoch 426 atom_rmsd_nm 9.7798E-02 9.7029E-02 dPotEnr 9.5432E+32 4.0374E+23 Summation 1.0662E+00 1.0561E+00 L=0.0000E+00
epoch 427 atom_rmsd_nm 9.7739E-02 9.6970E-02 dPotEnr 2.6918E+32 7.5258E+23 Summation 1.0655E+00 1.0554E+00 L=0.0000E+00
epoch 428 atom_rmsd_nm 9.7679E-02 9.6912E-02 dPotEnr 8.5591E+32 1.4710E+24 Summation 1.0647E+00 1.0546E+00 L=0.0000E+00
START SCALING POTENTIAL
epoch 429 atom_rmsd_nm 9.7620E-02 9.6855E-02 dPotEnr 4.5795E+35 2.4138E+23 Summation 1.0639E+00 1.0539E+00 L=0.0000E+00
epoch 430 atom_rmsd_nm 9.7570E-02 9.6804E-02 dPotEnr 1.2804E+34 1.7749E+25 Summation 1.0659E+00 1.0532E+00 L=2.1317E-37
epoch 431 atom_rmsd_nm 1.0181E-01 1.0108E-01 dPotEnr 5.9224E+24 1.2100E+23 Summation 1.0990E+00 1.0893E+00 L=2.1317E-37
epoch 432 atom_rmsd_nm 1.0056E-01 9.9823E-02 dPotEnr 8.2156E+30 6.1063E+48 Summation 1.0885E+00 1.3017E+12 L=2.1317E-37
epoch 433 atom_rmsd_nm 1.0026E-01 9.9514E-02 dPotEnr 9.1210E+30 3.7714E+22 Summation 1.0858E+00 1.0759E+00 L=2.1317E-37
epoch 434 atom_rmsd_nm 1.0005E-01 9.9298E-02 dPotEnr 5.6392E+29 2.7536E+22 Summation 1.0839E+00 1.0740E+00 L=2.1317E-37
epoch 435 atom_rmsd_nm 9.9875E-02 9.9124E-02 dPotEnr 4.1793E+28 5.0965E+25 Summation 1.0823E+00 1.0724E+00 L=2.1317E-37
epoch 436 atom_rmsd_nm 9.9727E-02 9.8977E-02 dPotEnr 4.2734E+26 2.2507E+26 Summation 1.0810E+00 1.0711E+00 L=2.1317E-37
epoch 437 atom_rmsd_nm 9.9590E-02 9.8839E-02 dPotEnr 3.1452E+28 1.6844E+29 Summation 1.0797E+00 1.0698E+00 L=2.1317E-37
epoch 438 atom_rmsd_nm 9.9467E-02 9.8717E-02 dPotEnr 4.6649E+27 2.9723E+27 Summation 1.0786E+00 1.0687E+00 L=2.1317E-37
epoch 439 atom_rmsd_nm 9.9351E-02 9.8602E-02 dPotEnr 7.8546E+27 1.4451E+29 Summation 1.0775E+00 1.0676E+00 L=2.1317E-37
epoch 440 atom_rmsd_nm 9.9238E-02 9.8488E-02 dPotEnr 5.9431E+25 3.5745E+21 Summation 1.0772E+00 1.0665E+00 L=1.2649E-29
epoch 441 atom_rmsd_nm 9.9191E-02 9.8444E-02 dPotEnr 9.6936E+23 2.1607E+24 Summation 1.0759E+00 1.0661E+00 L=1.2649E-29
epoch 442 atom_rmsd_nm 9.9121E-02 9.8373E-02 dPotEnr 2.9299E+22 2.7683E+21 Summation 1.0752E+00 1.0653E+00 L=1.2649E-29
epoch 443 atom_rmsd_nm 9.9059E-02 9.8313E-02 dPotEnr 2.4537E+23 1.0583E+21 Summation 1.0745E+00 1.0647E+00 L=1.2649E-29
epoch 444 atom_rmsd_nm 9.8998E-02 9.8252E-02 dPotEnr 6.7576E+23 1.1264E+21 Summation 1.0739E+00 1.0641E+00 L=1.2649E-29
epoch 445 atom_rmsd_nm 9.8943E-02 9.8199E-02 dPotEnr 9.9499E+22 1.3479E+21 Summation 1.0733E+00 1.0635E+00 L=1.2649E-29
epoch 446 atom_rmsd_nm 9.8889E-02 9.8146E-02 dPotEnr 7.7313E+23 3.6296E+22 Summation 1.0727E+00 1.0629E+00 L=1.2649E-29
epoch 447 atom_rmsd_nm 9.8841E-02 9.8095E-02 dPotEnr 3.1433E+23 5.8816E+22 Summation 1.0722E+00 1.0624E+00 L=1.2649E-29
epoch 448 atom_rmsd_nm 9.8789E-02 9.8045E-02 dPotEnr 1.2861E+23 1.0341E+23 Summation 1.0716E+00 1.0618E+00 L=1.2649E-29
epoch 449 atom_rmsd_nm 9.8737E-02 9.7992E-02 dPotEnr 3.2075E+23 6.4614E+22 Summation 1.0711E+00 1.0613E+00 L=1.2649E-29
epoch 450 atom_rmsd_nm 1.0184E-01 1.0112E-01 dPotEnr 3.8519E+24 3.7328E+25 Summation 2.2825E+00 1.2578E+01 L=3.0783E-25
epoch 451 atom_rmsd_nm 1.0133E-01 1.0060E-01 dPotEnr 4.2777E+25 4.4853E+25 Summation 1.4261E+01 1.4890E+01 L=3.0783E-25
epoch 452 atom_rmsd_nm 1.0113E-01 1.0040E-01 dPotEnr 7.0918E+22 1.0087E+27 Summation 1.1126E+00 3.1159E+02 L=3.0783E-25
epoch 453 atom_rmsd_nm 1.0098E-01 1.0025E-01 dPotEnr 1.7627E+23 1.2841E+26 Summation 1.1438E+00 4.0607E+01 L=3.0783E-25
epoch 454 atom_rmsd_nm 1.0090E-01 1.0017E-01 dPotEnr 9.8425E+21 5.5105E+25 Summation 1.0918E+00 1.8042E+01 L=3.0783E-25
epoch 455 atom_rmsd_nm 1.0082E-01 1.0008E-01 dPotEnr 2.3589E+22 3.4415E+25 Summation 1.0954E+00 1.1672E+01 L=3.0783E-25
epoch 456 atom_rmsd_nm 1.0074E-01 1.0001E-01 dPotEnr 2.7617E+22 1.6196E+25 Summation 1.0959E+00 6.0633E+00 L=3.0783E-25
epoch 457 atom_rmsd_nm 1.0069E-01 9.9950E-02 dPotEnr 5.8182E+22 7.2656E+25 Summation 1.1048E+00 2.3443E+01 L=3.0783E-25
epoch 458 atom_rmsd_nm 1.0063E-01 9.9892E-02 dPotEnr 2.7142E+22 5.6794E+25 Summation 1.0947E+00 1.8560E+01 L=3.0783E-25
epoch 459 atom_rmsd_nm 1.0057E-01 9.9836E-02 dPotEnr 1.5149E+22 3.1980E+26 Summation 1.0904E+00 9.9521E+01 L=3.0783E-25
epoch 460 atom_rmsd_nm 1.0053E-01 9.9794E-02 dPotEnr 1.8143E+21 1.2215E+25 Summation 1.0974E+00 8.2175E+01 L=6.6391E-24
epoch 461 atom_rmsd_nm 1.0050E-01 9.9754E-02 dPotEnr 1.2077E+21 2.0830E+25 Summation 1.0930E+00 1.3937E+02 L=6.6391E-24
epoch 462 atom_rmsd_nm 1.0045E-01 9.9706E-02 dPotEnr 1.1603E+21 1.5078E+25 Summation 1.0922E+00 1.0118E+02 L=6.6391E-24
epoch 463 atom_rmsd_nm 1.0040E-01 9.9661E-02 dPotEnr 1.2128E+21 7.8012E+25 Summation 1.0921E+00 5.1900E+02 L=6.6391E-24
epoch 464 atom_rmsd_nm 1.0036E-01 9.9615E-02 dPotEnr 2.8738E+21 9.2868E+25 Summation 1.1026E+00 6.1763E+02 L=6.6391E-24
epoch 465 atom_rmsd_nm 1.0031E-01 9.9572E-02 dPotEnr 1.8734E+21 2.7172E+25 Summation 1.0956E+00 1.8147E+02 L=6.6391E-24
epoch 466 atom_rmsd_nm 1.0027E-01 9.9530E-02 dPotEnr 1.1450E+21 9.5184E+25 Summation 1.0903E+00 6.3301E+02 L=6.6391E-24
epoch 467 atom_rmsd_nm 1.0022E-01 9.9483E-02 dPotEnr 1.7212E+21 2.7099E+26 Summation 1.0937E+00 1.8002E+03 L=6.6391E-24
epoch 468 atom_rmsd_nm 1.0019E-01 9.9453E-02 dPotEnr 1.5515E+21 3.9442E+25 Summation 1.0922E+00 2.6293E+02 L=6.6391E-24
epoch 469 atom_rmsd_nm 1.0015E-01 9.9408E-02 dPotEnr 1.4537E+21 6.6493E+25 Summation 1.0911E+00 4.4253E+02 L=6.6391E-24
epoch 470 atom_rmsd_nm 1.0012E-01 9.9377E-02 dPotEnr 2.1293E+21 9.7460E+25 Summation 1.2278E+00 6.7153E+03 L=6.8892E-23
epoch 471 atom_rmsd_nm 1.0008E-01 9.9343E-02 dPotEnr 4.5933E+20 1.1265E+27 Summation 1.1124E+00 7.7607E+04 L=6.8892E-23
epoch 472 atom_rmsd_nm 1.0005E-01 9.9306E-02 dPotEnr 7.3109E+20 3.4189E+26 Summation 1.1308E+00 2.3555E+04 L=6.8892E-23
epoch 473 atom_rmsd_nm 9.9998E-02 9.9259E-02 dPotEnr 4.6563E+20 3.9442E+27 Summation 1.1120E+00 2.7172E+05 L=6.8892E-23
epoch 474 atom_rmsd_nm 9.9961E-02 9.9218E-02 dPotEnr 5.0728E+20 1.8368E+27 Summation 1.1145E+00 1.2654E+05 L=6.8892E-23
epoch 475 atom_rmsd_nm 9.9938E-02 9.9196E-02 dPotEnr 1.0757E+21 1.5549E+27 Summation 1.1534E+00 1.0712E+05 L=6.8892E-23
epoch 476 atom_rmsd_nm 9.9899E-02 9.9156E-02 dPotEnr 3.3040E+20 1.9085E+26 Summation 1.1017E+00 1.3149E+04 L=6.8892E-23
epoch 477 atom_rmsd_nm 9.9853E-02 9.9111E-02 dPotEnr 4.8194E+20 2.3964E+26 Summation 1.1116E+00 1.6510E+04 L=6.8892E-23
epoch 478 atom_rmsd_nm 9.9814E-02 9.9073E-02 dPotEnr 4.7729E+20 2.0943E+26 Summation 1.1109E+00 1.4429E+04 L=6.8892E-23
epoch 479 atom_rmsd_nm 9.9783E-02 9.9043E-02 dPotEnr 4.6171E+21 2.9169E+26 Summation 1.3958E+00 2.0096E+04 L=6.8892E-23
epoch 480 atom_rmsd_nm 9.9756E-02 9.9016E-02 dPotEnr 3.6083E+21 1.4446E+26 Summation 1.3260E+00 9.9532E+03 L=6.8892E-23
epoch 481 atom_rmsd_nm 9.9714E-02 9.8973E-02 dPotEnr 1.6684E+20 3.4129E+27 Summation 1.0885E+00 2.3512E+05 L=6.8892E-23
epoch 482 atom_rmsd_nm 9.9673E-02 9.8934E-02 dPotEnr 3.9452E+20 1.9405E+27 Summation 1.1038E+00 1.3369E+05 L=6.8892E-23
epoch 483 atom_rmsd_nm 9.9632E-02 9.8893E-02 dPotEnr 2.4906E+20 1.2902E+28 Summation 1.0933E+00 8.8885E+05 L=6.8892E-23
epoch 484 atom_rmsd_nm 9.9601E-02 9.8861E-02 dPotEnr 1.3525E+20 2.5600E+28 Summation 1.0852E+00 1.7637E+06 L=6.8892E-23
epoch 485 atom_rmsd_nm 9.9562E-02 9.8821E-02 dPotEnr 1.7469E+20 9.7247E+27 Summation 1.0875E+00 6.6995E+05 L=6.8892E-23
epoch 486 atom_rmsd_nm 9.9523E-02 9.8782E-02 dPotEnr 1.9563E+20 4.9828E+26 Summation 1.0885E+00 3.4329E+04 L=6.8892E-23
epoch 487 atom_rmsd_nm 9.9494E-02 9.8752E-02 dPotEnr 3.6125E+20 4.7439E+27 Summation 1.0996E+00 3.2682E+05 L=6.8892E-23
epoch 488 atom_rmsd_nm 9.9459E-02 9.8719E-02 dPotEnr 8.1084E+19 9.5966E+27 Summation 1.0800E+00 6.6113E+05 L=6.8892E-23
epoch 489 atom_rmsd_nm 9.9423E-02 9.8686E-02 dPotEnr 1.9921E+20 5.2053E+27 Summation 1.0877E+00 3.5860E+05 L=6.8892E-23
epoch 490 atom_rmsd_nm 9.9408E-02 9.8672E-02 dPotEnr 1.4829E+20 1.3903E+28 Summation 1.1478E+00 6.9389E+06 L=4.9909E-22
epoch 491 atom_rmsd_nm 9.9383E-02 9.8646E-02 dPotEnr 7.8862E+20 8.6322E+26 Summation 1.4671E+00 4.3083E+05 L=4.9909E-22
epoch 492 atom_rmsd_nm 9.9352E-02 9.8615E-02 dPotEnr 4.9504E+19 6.5063E+27 Summation 1.0979E+00 3.2472E+06 L=4.9909E-22
epoch 493 atom_rmsd_nm 9.9307E-02 9.8570E-02 dPotEnr 3.9366E+19 1.0219E+29 Summation 1.0924E+00 5.1001E+07 L=4.9909E-22
epoch 494 atom_rmsd_nm 9.9280E-02 9.8546E-02 dPotEnr 6.4896E+19 8.9868E+28 Summation 1.1049E+00 4.4852E+07 L=4.9909E-22
epoch 495 atom_rmsd_nm 9.9257E-02 9.8522E-02 dPotEnr 4.6420E+19 2.7250E+27 Summation 1.0954E+00 1.3600E+06 L=4.9909E-22
epoch 496 atom_rmsd_nm 9.9216E-02 9.8482E-02 dPotEnr 9.1517E+19 7.9348E+26 Summation 1.1175E+00 3.9602E+05 L=4.9909E-22
epoch 497 atom_rmsd_nm 9.9178E-02 9.8441E-02 dPotEnr 7.2547E+19 5.0838E+26 Summation 1.1077E+00 2.5373E+05 L=4.9909E-22
epoch 498 atom_rmsd_nm 9.9145E-02 9.8409E-02 dPotEnr 5.0887E+19 8.2809E+26 Summation 1.0965E+00 4.1329E+05 L=4.9909E-22
epoch 499 atom_rmsd_nm 9.9121E-02 9.8386E-02 dPotEnr 1.4491E+20 3.9180E+26 Summation 1.1432E+00 1.9555E+05 L=4.9909E-22
epoch 500 atom_rmsd_nm 9.9105E-02 9.8373E-02 dPotEnr 3.1209E+19 5.6488E+26 Summation 1.0920E+00 3.8640E+05 L=6.8404E-22
epoch 501 atom_rmsd_nm 9.9071E-02 9.8338E-02 dPotEnr 2.1786E+19 9.2726E+26 Summation 1.0852E+00 6.3428E+05 L=6.8404E-22
epoch 502 atom_rmsd_nm 9.9038E-02 9.8306E-02 dPotEnr 2.4187E+19 3.4703E+27 Summation 1.0865E+00 2.3738E+06 L=6.8404E-22
epoch 503 atom_rmsd_nm 9.9011E-02 9.8279E-02 dPotEnr 1.7124E+19 2.6826E+27 Summation 1.0814E+00 1.8350E+06 L=6.8404E-22
epoch 504 atom_rmsd_nm 9.8976E-02 9.8243E-02 dPotEnr 3.2708E+19 3.7109E+27 Summation 1.0917E+00 2.5384E+06 L=6.8404E-22
epoch 505 atom_rmsd_nm 9.8947E-02 9.8217E-02 dPotEnr 3.5137E+19 3.0429E+26 Summation 1.0930E+00 2.0815E+05 L=6.8404E-22
epoch 506 atom_rmsd_nm 9.8917E-02 9.8188E-02 dPotEnr 1.7222E+19 3.7750E+26 Summation 1.0805E+00 2.5823E+05 L=6.8404E-22
epoch 507 atom_rmsd_nm 9.8893E-02 9.8164E-02 dPotEnr 3.5423E+19 4.1033E+26 Summation 1.0927E+00 2.8068E+05 L=6.8404E-22
epoch 508 atom_rmsd_nm 9.8859E-02 9.8131E-02 dPotEnr 2.4874E+19 1.5534E+26 Summation 1.0851E+00 1.0626E+05 L=6.8404E-22
epoch 509 atom_rmsd_nm 9.8827E-02 9.8095E-02 dPotEnr 5.0797E+19 1.7111E+26 Summation 1.1025E+00 1.1705E+05 L=6.8404E-22
epoch 510 atom_rmsd_nm 9.8810E-02 9.8084E-02 dPotEnr 1.2451E+19 1.2482E+26 Summation 1.0918E+00 2.4284E+05 L=1.9455E-21
epoch 511 atom_rmsd_nm 9.8781E-02 9.8052E-02 dPotEnr 1.2986E+19 7.8338E+25 Summation 1.0925E+00 1.5241E+05 L=1.9455E-21
epoch 512 atom_rmsd_nm 9.8768E-02 9.8039E-02 dPotEnr 2.2063E+19 7.1073E+24 Summation 1.1100E+00 1.3829E+04 L=1.9455E-21
epoch 513 atom_rmsd_nm 9.8744E-02 9.8017E-02 dPotEnr 9.3696E+18 3.6005E+25 Summation 1.0851E+00 7.0049E+04 L=1.9455E-21
epoch 514 atom_rmsd_nm 9.8712E-02 9.7986E-02 dPotEnr 1.7197E+19 1.8142E+26 Summation 1.1000E+00 3.5296E+05 L=1.9455E-21
epoch 515 atom_rmsd_nm 9.8684E-02 9.7960E-02 dPotEnr 8.1996E+18 1.2652E+26 Summation 1.0822E+00 2.4616E+05 L=1.9455E-21
epoch 516 atom_rmsd_nm 9.8652E-02 9.7927E-02 dPotEnr 9.8560E+21 3.4048E+25 Summation 2.0241E+01 6.6243E+04 L=1.9455E-21
epoch 517 atom_rmsd_nm 9.8641E-02 9.7917E-02 dPotEnr 2.0215E+20 7.4845E+24 Summation 1.4590E+00 1.4562E+04 L=1.9455E-21
epoch 518 atom_rmsd_nm 9.8622E-02 9.7901E-02 dPotEnr 2.4414E+18 1.5098E+25 Summation 1.0703E+00 2.9375E+04 L=1.9455E-21
epoch 519 atom_rmsd_nm 9.8595E-02 9.7872E-02 dPotEnr 2.6058E+18 3.7894E+25 Summation 1.0703E+00 7.3726E+04 L=1.9455E-21
epoch 520 atom_rmsd_nm 9.8666E-02 9.7949E-02 dPotEnr 1.4262E+18 4.5906E+22 Summation 1.1198E+00 1.7380E+03 L=3.7836E-20
epoch 521 atom_rmsd_nm 9.8653E-02 9.7933E-02 dPotEnr 5.9631E+17 5.9773E+22 Summation 1.0883E+00 2.2626E+03 L=3.7836E-20
epoch 522 atom_rmsd_nm 9.8620E-02 9.7901E-02 dPotEnr 7.9164E+17 2.5523E+22 Summation 1.0954E+00 9.6676E+02 L=3.7836E-20
epoch 523 atom_rmsd_nm 9.8591E-02 9.7872E-02 dPotEnr 1.1147E+18 3.3106E+22 Summation 1.1073E+00 1.2537E+03 L=3.7836E-20
epoch 524 atom_rmsd_nm 9.8567E-02 9.7849E-02 dPotEnr 7.6136E+17 3.2253E+22 Summation 1.0937E+00 1.2214E+03 L=3.7836E-20
epoch 525 atom_rmsd_nm 9.8534E-02 9.7814E-02 dPotEnr 7.4718E+17 7.1969E+22 Summation 1.0928E+00 2.7241E+03 L=3.7836E-20
epoch 526 atom_rmsd_nm 9.8512E-02 9.7795E-02 dPotEnr 4.8022E+17 1.1786E+23 Summation 1.0825E+00 4.4605E+03 L=3.7836E-20
epoch 527 atom_rmsd_nm 9.8486E-02 9.7772E-02 dPotEnr 3.7357E+17 3.8059E+22 Summation 1.0782E+00 1.4411E+03 L=3.7836E-20
epoch 528 atom_rmsd_nm 9.8462E-02 9.7745E-02 dPotEnr 5.9202E+17 6.3264E+21 Summation 1.0862E+00 2.4042E+02 L=3.7836E-20
epoch 529 atom_rmsd_nm 9.8445E-02 9.7729E-02 dPotEnr 6.1081E+17 1.2238E+22 Summation 1.0867E+00 4.6408E+02 L=3.7836E-20
epoch 530 atom_rmsd_nm 9.8443E-02 9.7732E-02 dPotEnr 4.4318E+17 6.0343E+21 Summation 1.1350E+00 9.7362E+02 L=1.6117E-19
epoch 531 atom_rmsd_nm 9.8440E-02 9.7729E-02 dPotEnr 3.4940E+17 1.0729E+22 Summation 1.1198E+00 1.7303E+03 L=1.6117E-19
epoch 532 atom_rmsd_nm 9.8427E-02 9.7713E-02 dPotEnr 3.8996E+17 2.2483E+22 Summation 1.1262E+00 3.6247E+03 L=1.6117E-19
epoch 533 atom_rmsd_nm 9.8429E-02 9.7717E-02 dPotEnr 2.7748E+17 5.8072E+20 Summation 1.1080E+00 9.4650E+01 L=1.6117E-19
epoch 534 atom_rmsd_nm 9.8392E-02 9.7682E-02 dPotEnr 7.1272E+17 1.2257E+21 Summation 1.1778E+00 1.9860E+02 L=1.6117E-19
epoch 535 atom_rmsd_nm 9.8362E-02 9.7652E-02 dPotEnr 2.0561E+17 1.2034E+21 Summation 1.0958E+00 1.9501E+02 L=1.6117E-19
epoch 536 atom_rmsd_nm 9.8339E-02 9.7626E-02 dPotEnr 3.7796E+17 1.3937E+21 Summation 1.1233E+00 2.2568E+02 L=1.6117E-19
epoch 537 atom_rmsd_nm 9.8320E-02 9.7609E-02 dPotEnr 3.0213E+17 1.8055E+21 Summation 1.1109E+00 2.9205E+02 L=1.6117E-19
epoch 538 atom_rmsd_nm 9.8293E-02 9.7583E-02 dPotEnr 2.0680E+17 1.2866E+21 Summation 1.0953E+00 2.0841E+02 L=1.6117E-19
epoch 539 atom_rmsd_nm 9.8279E-02 9.7568E-02 dPotEnr 4.3051E+17 6.2775E+20 Summation 1.1312E+00 1.0223E+02 L=1.6117E-19
epoch 540 atom_rmsd_nm 9.8271E-02 9.7562E-02 dPotEnr 2.6449E+17 3.2401E+20 Summation 1.1220E+00 7.5018E+01 L=2.2829E-19
epoch 541 atom_rmsd_nm 9.8252E-02 9.7543E-02 dPotEnr 4.7133E+17 4.3147E+20 Summation 1.1690E+00 9.9551E+01 L=2.2829E-19
epoch 542 atom_rmsd_nm 9.8239E-02 9.7528E-02 dPotEnr 1.8754E+17 8.5017E+20 Summation 1.1041E+00 1.9513E+02 L=2.2829E-19
epoch 543 atom_rmsd_nm 9.8223E-02 9.7515E-02 dPotEnr 1.9814E+17 2.3080E+20 Summation 1.1064E+00 5.3739E+01 L=2.2829E-19
epoch 544 atom_rmsd_nm 9.8201E-02 9.7494E-02 dPotEnr 2.1008E+17 2.5427E+20 Summation 1.1088E+00 5.9097E+01 L=2.2829E-19
epoch 545 atom_rmsd_nm 9.8194E-02 9.7487E-02 dPotEnr 2.5306E+17 2.4510E+20 Summation 1.1185E+00 5.7005E+01 L=2.2829E-19
epoch 546 atom_rmsd_nm 9.8174E-02 9.7468E-02 dPotEnr 2.2441E+17 3.7854E+20 Summation 1.1118E+00 8.7466E+01 L=2.2829E-19
epoch 547 atom_rmsd_nm 9.8154E-02 9.7447E-02 dPotEnr 1.7541E+17 7.7468E+20 Summation 1.1004E+00 1.7790E+02 L=2.2829E-19
epoch 548 atom_rmsd_nm 9.8132E-02 9.7424E-02 dPotEnr 1.4955E+17 1.3119E+20 Summation 1.0942E+00 3.0999E+01 L=2.2829E-19
epoch 549 atom_rmsd_nm 9.8113E-02 9.7408E-02 dPotEnr 1.3179E+17 3.9057E+20 Summation 1.0900E+00 9.0213E+01 L=2.2829E-19
epoch 550 atom_rmsd_nm 9.8133E-02 9.7425E-02 dPotEnr 1.0910E+17 2.7615E+19 Summation 1.1413E+00 2.1610E+01 L=7.4448E-19
epoch 551 atom_rmsd_nm 9.8117E-02 9.7413E-02 dPotEnr 1.2130E+17 3.5873E+19 Summation 1.1502E+00 2.7757E+01 L=7.4448E-19
epoch 552 atom_rmsd_nm 9.8111E-02 9.7407E-02 dPotEnr 1.1987E+17 2.3480E+19 Summation 1.1491E+00 1.8531E+01 L=7.4448E-19
epoch 553 atom_rmsd_nm 9.8089E-02 9.7387E-02 dPotEnr 9.7640E+16 1.0666E+19 Summation 1.1323E+00 8.9907E+00 L=7.4448E-19
epoch 554 atom_rmsd_nm 9.8070E-02 9.7369E-02 dPotEnr 9.2499E+16 8.6377E+18 Summation 1.1282E+00 7.4808E+00 L=7.4448E-19
epoch 555 atom_rmsd_nm 9.8050E-02 9.7348E-02 dPotEnr 9.8149E+16 6.1725E+19 Summation 1.1322E+00 4.7003E+01 L=7.4448E-19
epoch 556 atom_rmsd_nm 9.8040E-02 9.7337E-02 dPotEnr 7.3533E+16 1.0221E+19 Summation 1.1138E+00 8.6594E+00 L=7.4448E-19
epoch 557 atom_rmsd_nm 9.8015E-02 9.7313E-02 dPotEnr 6.6186E+16 2.3563E+19 Summation 1.1080E+00 1.8592E+01 L=7.4448E-19
epoch 558 atom_rmsd_nm 9.8003E-02 9.7300E-02 dPotEnr 9.1090E+16 5.4868E+19 Summation 1.1264E+00 4.1897E+01 L=7.4448E-19
epoch 559 atom_rmsd_nm 9.7978E-02 9.7276E-02 dPotEnr 5.7448E+16 2.4764E+19 Summation 1.1011E+00 1.9485E+01 L=7.4448E-19
epoch 560 atom_rmsd_nm 9.8007E-02 9.7305E-02 dPotEnr 9.5092E+16 9.0510E+18 Summation 1.2208E+00 1.6486E+01 L=1.7055E-18
epoch 561 atom_rmsd_nm 9.7997E-02 9.7296E-02 dPotEnr 7.4112E+16 4.9082E+18 Summation 1.1849E+00 9.4204E+00 L=1.7055E-18
epoch 562 atom_rmsd_nm 9.7985E-02 9.7283E-02 dPotEnr 4.3841E+16 9.0244E+18 Summation 1.1331E+00 1.6441E+01 L=1.7055E-18
epoch 563 atom_rmsd_nm 9.7976E-02 9.7277E-02 dPotEnr 3.8251E+16 1.9306E+19 Summation 1.1235E+00 3.3975E+01 L=1.7055E-18
epoch 564 atom_rmsd_nm 9.7953E-02 9.7253E-02 dPotEnr 4.4607E+16 9.8300E+18 Summation 1.1340E+00 1.7814E+01 L=1.7055E-18
epoch 565 atom_rmsd_nm 9.7944E-02 9.7243E-02 dPotEnr 4.6790E+16 3.7558E+18 Summation 1.1377E+00 7.4544E+00 L=1.7055E-18
epoch 566 atom_rmsd_nm 9.7914E-02 9.7214E-02 dPotEnr 6.3565E+16 1.0900E+19 Summation 1.1660E+00 1.9638E+01 L=1.7055E-18
epoch 567 atom_rmsd_nm 9.7903E-02 9.7202E-02 dPotEnr 6.5759E+16 6.4927E+18 Summation 1.1696E+00 1.2122E+01 L=1.7055E-18
epoch 568 atom_rmsd_nm 9.7885E-02 9.7187E-02 dPotEnr 5.0763E+16 2.1318E+18 Summation 1.1438E+00 4.6840E+00 L=1.7055E-18
epoch 569 atom_rmsd_nm 9.7862E-02 9.7161E-02 dPotEnr 3.7573E+16 1.0205E+18 Summation 1.1211E+00 2.7883E+00 L=1.7055E-18
epoch 570 atom_rmsd_nm 9.7861E-02 9.7161E-02 dPotEnr 4.1562E+16 9.3875E+17 Summation 1.1652E+00 3.4929E+00 L=2.6046E-18
epoch 571 atom_rmsd_nm 9.7842E-02 9.7141E-02 dPotEnr 3.1769E+16 2.8221E+18 Summation 1.1395E+00 8.3980E+00 L=2.6046E-18
epoch 572 atom_rmsd_nm 9.7846E-02 9.7145E-02 dPotEnr 5.1127E+16 1.6569E+18 Summation 1.1899E+00 5.3632E+00 L=2.6046E-18
epoch 573 atom_rmsd_nm 9.7838E-02 9.7141E-02 dPotEnr 4.5173E+16 1.2098E+18 Summation 1.1743E+00 4.1985E+00 L=2.6046E-18
epoch 574 atom_rmsd_nm 9.7816E-02 9.7119E-02 dPotEnr 3.5582E+16 9.4671E+18 Summation 1.1491E+00 2.5705E+01 L=2.6046E-18
epoch 575 atom_rmsd_nm 9.7796E-02 9.7097E-02 dPotEnr 2.8892E+16 6.5186E+18 Summation 1.1315E+00 1.8025E+01 L=2.6046E-18
epoch 576 atom_rmsd_nm 9.7787E-02 9.7088E-02 dPotEnr 2.3995E+16 1.8945E+18 Summation 1.1186E+00 5.9815E+00 L=2.6046E-18
epoch 577 atom_rmsd_nm 9.7766E-02 9.7067E-02 dPotEnr 2.6762E+16 1.3990E+18 Summation 1.1256E+00 4.6905E+00 L=2.6046E-18
epoch 578 atom_rmsd_nm 9.7740E-02 9.7042E-02 dPotEnr 1.7574E+16 7.6389E+17 Summation 1.1014E+00 3.0362E+00 L=2.6046E-18
epoch 579 atom_rmsd_nm 9.7724E-02 9.7029E-02 dPotEnr 2.3325E+16 1.2020E+19 Summation 1.1162E+00 3.2352E+01 L=2.6046E-18
epoch 580 atom_rmsd_nm 9.7725E-02 9.7030E-02 dPotEnr 1.4570E+16 4.0451E+17 Summation 1.1165E+00 2.7412E+00 L=4.1897E-18
epoch 581 atom_rmsd_nm 9.7723E-02 9.7026E-02 dPotEnr 1.2382E+16 9.5226E+17 Summation 1.1073E+00 5.0360E+00 L=4.1897E-18
epoch 582 atom_rmsd_nm 9.7715E-02 9.7021E-02 dPotEnr 1.3831E+16 6.8754E+18 Summation 1.1132E+00 2.9852E+01 L=4.1897E-18
epoch 583 atom_rmsd_nm 9.7699E-02 9.7009E-02 dPotEnr 1.3289E+16 4.0148E+18 Summation 1.1108E+00 1.7867E+01 L=4.1897E-18
epoch 584 atom_rmsd_nm 9.7680E-02 9.6987E-02 dPotEnr 1.6282E+16 6.3638E+18 Summation 1.1231E+00 2.7708E+01 L=4.1897E-18
epoch 585 atom_rmsd_nm 9.7658E-02 9.6964E-02 dPotEnr 2.1387E+16 2.1202E+18 Summation 1.1443E+00 9.9289E+00 L=4.1897E-18
epoch 586 atom_rmsd_nm 9.7647E-02 9.6955E-02 dPotEnr 1.3568E+16 4.0906E+18 Summation 1.1114E+00 1.8184E+01 L=4.1897E-18
epoch 587 atom_rmsd_nm 9.7635E-02 9.6942E-02 dPotEnr 1.1014E+16 5.7891E+18 Summation 1.1005E+00 2.5300E+01 L=4.1897E-18
epoch 588 atom_rmsd_nm 9.7610E-02 9.6918E-02 dPotEnr 1.5001E+16 4.2746E+18 Summation 1.1170E+00 1.8955E+01 L=4.1897E-18
epoch 589 atom_rmsd_nm 9.7584E-02 9.6889E-02 dPotEnr 1.2592E+16 2.6028E+18 Summation 1.1066E+00 1.1950E+01 L=4.1897E-18
epoch 590 atom_rmsd_nm 9.7586E-02 9.6894E-02 dPotEnr 1.3575E+16 6.6186E+17 Summation 1.1591E+00 6.1741E+00 L=7.7496E-18
epoch 591 atom_rmsd_nm 9.7574E-02 9.6881E-02 dPotEnr 9.6040E+15 1.5286E+18 Summation 1.1281E+00 1.2891E+01 L=7.7496E-18
epoch 592 atom_rmsd_nm 9.7546E-02 9.6857E-02 dPotEnr 2.1028E+16 3.1288E+17 Summation 1.2164E+00 3.4692E+00 L=7.7496E-18
epoch 593 atom_rmsd_nm 9.7527E-02 9.6834E-02 dPotEnr 4.1873E+15 2.3178E+18 Summation 1.0857E+00 1.9006E+01 L=7.7496E-18
epoch 594 atom_rmsd_nm 9.7500E-02 9.6807E-02 dPotEnr 6.0347E+15 2.4582E+18 Summation 1.0997E+00 2.0094E+01 L=7.7496E-18
epoch 595 atom_rmsd_nm 9.7484E-02 9.6791E-02 dPotEnr 7.4080E+15 5.6537E+17 Summation 1.1102E+00 5.4253E+00 L=7.7496E-18
epoch 596 atom_rmsd_nm 9.7469E-02 9.6778E-02 dPotEnr 4.1073E+15 6.8889E+17 Summation 1.0845E+00 6.3823E+00 L=7.7496E-18
epoch 597 atom_rmsd_nm 9.7446E-02 9.6752E-02 dPotEnr 5.1622E+15 6.6529E+18 Summation 1.0924E+00 5.2601E+01 L=7.7496E-18
epoch 598 atom_rmsd_nm 9.7434E-02 9.6743E-02 dPotEnr 4.9685E+15 8.3243E+17 Summation 1.0908E+00 7.4943E+00 L=7.7496E-18
epoch 599 atom_rmsd_nm 9.7413E-02 9.6723E-02 dPotEnr 4.1737E+15 1.4396E+18 Summation 1.0844E+00 1.2199E+01 L=7.7496E-18
epoch 600 atom_rmsd_nm 9.7448E-02 9.6758E-02 dPotEnr 4.4293E+16 5.9648E+17 Summation 2.0861E+00 1.4965E+01 L=2.3340E-17
epoch 601 atom_rmsd_nm 9.7545E-02 9.6855E-02 dPotEnr 1.9418E+19 1.2097E+23 Summation 4.5426E+02 2.8234E+06 L=2.3340E-17
epoch 602 atom_rmsd_nm 1.0011E-01 9.9443E-02 dPotEnr 1.0418E+30 8.3413E+26 Summation 2.4315E+13 1.9469E+10 L=2.3340E-17
epoch 603 atom_rmsd_nm 1.0288E-01 1.0222E-01 dPotEnr 9.4102E+38 4.4236E+25 Summation 2.1963E+22 1.0325E+09 L=2.3340E-17
epoch 604 atom_rmsd_nm 1.0297E-01 1.0232E-01 dPotEnr 2.8339E+45 1.0059E+25 Summation 6.6142E+28 2.3477E+08 L=2.3340E-17
epoch 605 atom_rmsd_nm 1.0292E-01 1.0227E-01 dPotEnr 8.3151E+36 3.5850E+23 Summation 1.9407E+20 8.3674E+06 L=2.3340E-17
epoch 606 atom_rmsd_nm 1.0290E-01 1.0225E-01 dPotEnr 2.0718E+36 5.0348E+23 Summation 4.8356E+19 1.1751E+07 L=2.3340E-17
epoch 607 atom_rmsd_nm 1.0305E-01 1.0240E-01 dPotEnr 1.0264E+43 2.7346E+23 Summation 2.3957E+26 6.3827E+06 L=2.3340E-17
epoch 608 atom_rmsd_nm 1.0366E-01 1.0302E-01 dPotEnr 1.1507E+46 3.5525E+27 Summation 2.6857E+29 8.2916E+10 L=2.3340E-17
epoch 609 atom_rmsd_nm 1.0364E-01 1.0300E-01 dPotEnr 7.7735E+37 1.7851E+26 Summation 1.8143E+21 4.1664E+09 L=2.3340E-17
epoch 610 atom_rmsd_nm 1.0362E-01 1.0298E-01 dPotEnr 7.5328E+40 4.7937E+26 Summation 1.7582E+24 1.1188E+10 L=2.3340E-17
epoch 611 atom_rmsd_nm 1.0359E-01 1.0295E-01 dPotEnr 1.2649E+41 3.5290E+24 Summation 2.9522E+24 8.2367E+07 L=2.3340E-17
epoch 612 atom_rmsd_nm 1.0430E-01 1.0367E-01 dPotEnr 7.3773E+46 6.7689E+27 Summation 1.7219E+30 1.5799E+11 L=2.3340E-17
epoch 613 atom_rmsd_nm 1.0424E-01 1.0361E-01 dPotEnr 1.9704E+38 1.7250E+25 Summation 4.5989E+21 4.0260E+08 L=2.3340E-17
epoch 614 atom_rmsd_nm 1.0428E-01 1.0364E-01 dPotEnr 1.4510E+45 2.1096E+26 Summation 3.3867E+28 4.9238E+09 L=2.3340E-17
epoch 615 atom_rmsd_nm 1.0425E-01 1.0361E-01 dPotEnr 5.2050E+39 1.9233E+24 Summation 1.2148E+23 4.4890E+07 L=2.3340E-17
epoch 616 atom_rmsd_nm 1.0423E-01 1.0360E-01 dPotEnr 1.0317E+38 4.7396E+22 Summation 2.4080E+21 1.1062E+06 L=2.3340E-17
epoch 617 atom_rmsd_nm 1.0422E-01 1.0358E-01 dPotEnr 1.2258E+43 2.2233E+26 Summation 2.8611E+26 5.1892E+09 L=2.3340E-17
epoch 618 atom_rmsd_nm 1.0418E-01 1.0355E-01 dPotEnr 2.0099E+37 1.4984E+24 Summation 4.6911E+20 3.4972E+07 L=2.3340E-17
epoch 619 atom_rmsd_nm 1.0418E-01 1.0354E-01 dPotEnr 2.3960E+37 6.8809E+25 Summation 5.5923E+20 1.6060E+09 L=2.3340E-17
epoch 620 atom_rmsd_nm 1.0415E-01 1.0352E-01 dPotEnr 1.0369E+38 1.7142E+25 Summation 2.4202E+21 4.0009E+08 L=2.3340E-17
epoch 621 atom_rmsd_nm 1.0412E-01 1.0348E-01 dPotEnr 1.3347E+35 1.9809E+27 Summation 3.1153E+18 4.6235E+10 L=2.3340E-17
epoch 622 atom_rmsd_nm 1.0410E-01 1.0347E-01 dPotEnr 9.4173E+38 6.7382E+25 Summation 2.1980E+22 1.5727E+09 L=2.3340E-17
epoch 623 atom_rmsd_nm 1.0410E-01 1.0346E-01 dPotEnr 2.9254E+39 2.2020E+24 Summation 6.8280E+22 5.1395E+07 L=2.3340E-17
epoch 624 atom_rmsd_nm 1.0407E-01 1.0343E-01 dPotEnr 1.1683E+37 1.4991E+27 Summation 2.7268E+20 3.4988E+10 L=2.3340E-17
epoch 625 atom_rmsd_nm 1.0405E-01 1.0341E-01 dPotEnr 4.8718E+42 3.6627E+25 Summation 1.1371E+26 8.5487E+08 L=2.3340E-17
epoch 626 atom_rmsd_nm 1.0403E-01 1.0340E-01 dPotEnr 3.1138E+35 4.4814E+23 Summation 7.2675E+18 1.0460E+07 L=2.3340E-17
epoch 627 atom_rmsd_nm NAN NAN dPotEnr NAN NAN Summation NAN NAN L=2.3340E-17
epoch 628 atom_rmsd_nm NAN NAN dPotEnr NAN NAN Summation NAN NAN L=2.3340E-17
epoch 629 atom_rmsd_nm NAN NAN dPotEnr NAN NAN Summation NAN NAN L=2.3340E-17
epoch 630 atom_rmsd_nm NAN NAN dPotEnr NAN NAN Summation NAN NAN L=NAN
epoch 631 atom_rmsd_nm NAN NAN dPotEnr NAN NAN Summation NAN NAN L=NAN
epoch 632 atom_rmsd_nm NAN NAN dPotEnr NAN NAN Summation NAN NAN L=NAN
epoch 633 atom_rmsd_nm NAN NAN dPotEnr NAN NAN Summation NAN NAN L=NAN
epoch 634 atom_rmsd_nm NAN NAN dPotEnr NAN NAN Summation NAN NAN L=NAN
epoch 635 atom_rmsd_nm NAN NAN dPotEnr NAN NAN Summation NAN NAN L=NAN
epoch 636 atom_rmsd_nm NAN NAN dPotEnr NAN NAN Summation NAN NAN L=NAN
epoch 637 atom_rmsd_nm NAN NAN dPotEnr NAN NAN Summation NAN NAN L=NAN
epoch 638 atom_rmsd_nm NAN NAN dPotEnr NAN NAN Summation NAN NAN L=NAN
epoch 639 atom_rmsd_nm NAN NAN dPotEnr NAN NAN Summation NAN NAN L=NAN
epoch 640 atom_rmsd_nm NAN NAN dPotEnr NAN NAN Summation NAN NAN L=NAN
epoch 641 atom_rmsd_nm NAN NAN dPotEnr NAN NAN Summation NAN NAN L=NAN
epoch 642 atom_rmsd_nm NAN NAN dPotEnr NAN NAN Summation NAN NAN L=NAN
epoch 643 atom_rmsd_nm NAN NAN dPotEnr NAN NAN Summation NAN NAN L=NAN
epoch 644 atom_rmsd_nm NAN NAN dPotEnr NAN NAN Summation NAN NAN L=NAN
epoch 645 atom_rmsd_nm NAN NAN dPotEnr NAN NAN Summation NAN NAN L=NAN
epoch 646 atom_rmsd_nm NAN NAN dPotEnr NAN NAN Summation NAN NAN L=NAN
epoch 647 atom_rmsd_nm NAN NAN dPotEnr NAN NAN Summation NAN NAN L=NAN
epoch 648 atom_rmsd_nm NAN NAN dPotEnr NAN NAN Summation NAN NAN L=NAN
epoch 649 atom_rmsd_nm NAN NAN dPotEnr NAN NAN Summation NAN NAN L=NAN
epoch 650 atom_rmsd_nm NAN NAN dPotEnr NAN NAN Summation NAN NAN L=NAN
