#"Step"     "Time (ps)"     "Potential Energy (kJ/mole)"     "Temperature (K)"     "Time Remaining"
500     1.0000000000000007     -26.851781764005256     187.9200383533337     --
1000     2.0000000000000013     -24.64135302839982     256.6618064136693     14:37
1500     2.999999999999891     -29.23162143495914     266.75693216518994     14:46
2000     3.999999999999781     -29.530546270267713     215.19745252208273     14:49
2500     4.999999999999671     -15.928864446348719     235.8452166495428     14:55
3000     5.999999999999561     -34.58020327137891     266.84999696966395     15:08
3500     6.999999999999451     -35.76417790907554     242.83559153132663     15:23
4000     7.999999999999341     -23.429459305667823     200.52736086537624     15:41
4500     8.999999999999675     -38.082140950242994     230.88334829406764     15:46
5000     10.000000000000009     -23.998937387666263     183.44312810952292     15:58
5500     11.000000000000343     -22.477481919689232     328.8335371546115     16:08
6000     12.000000000000677     -40.02806201523525     308.089742921823     16:19
6500     13.00000000000101     -14.92832329110481     242.42193741776376     16:37
7000     14.000000000001345     -12.7892856766319     285.97250413526234     16:57
7500     15.000000000001679     -38.332384727771625     240.15074446200546     17:26
8000     16.00000000000201     -20.574780165603844     270.4675358331391     18:01
8500     17.000000000001457     -25.64515864181507     255.89115302857246     18:33
9000     18.000000000000902     -31.908447064365287     203.41904316023098     19:03
9500     19.000000000000348     -6.404717107440579     307.0536415816648     19:22
10000     19.999999999999794     -9.917678543940362     222.43202377786318     19:41
10500     20.99999999999924     -31.414037896129834     285.95677324290733     19:59
11000     21.999999999998685     -21.645853500371267     336.8974146408255     20:17
11500     22.99999999999813     -5.087803233424185     324.5404141015839     20:40
12000     23.999999999997577     10.919696754393435     254.0381414036468     21:10
12500     24.999999999997023     -18.8114139097269     395.37734920780025     21:36
13000     25.99999999999647     -11.067327573068482     420.34755102846026     22:11
13500     26.999999999995914     -30.994887033430196     297.7469666947361     22:21
14000     27.99999999999536     -5.341904153459021     260.64967723884496     22:35
14500     28.999999999994806     -6.731050163270751     276.6904519577313     22:46
15000     29.99999999999425     -33.49178893371179     321.6219638665786     22:51
15500     30.999999999993697     -18.329410779557357     260.98162482299233     22:55
16000     31.999999999993143     -20.919151557225575     201.59780773903015     22:59
16500     32.999999999994365     -25.81989437176863     255.89112739664776     23:09
17000     33.99999999999559     -20.282276982684433     219.04272702363158     23:21
17500     34.99999999999681     -20.62321474547129     228.04948791767157     23:26
18000     35.99999999999803     -16.508421628828298     402.0759955598569     23:20
18500     36.999999999999254     -14.43651277229725     242.5423965483691     23:12
19000     38.000000000000476     -22.454160810236594     190.90995904818638     23:07
19500     39.0000000000017     -13.598396949742678     287.0968488202716     22:59
20000     40.00000000000292     2.8237303909810105     341.371575390372     22:53
20500     41.00000000000414     -1.9964325020323308     384.87386449936463     22:53
21000     42.000000000005365     -17.3252553365168     343.93000158317966     22:56
21500     43.00000000000659     -22.550536552480423     216.1083119774433     23:00
22000     44.00000000000781     -27.29024700616997     220.3169593353725     22:59
22500     45.00000000000903     -26.583503845313615     260.9149667260605     23:00
23000     46.00000000001025     -37.281668135058375     287.5729084570457     23:02
23500     47.000000000011475     -14.855943132443844     242.79100751459734     23:08
24000     48.0000000000127     -26.872157926205226     290.65882095168126     23:12
24500     49.00000000001392     -24.06710175626726     328.3944236939824     23:15
25000     50.00000000001514     -9.035104151439352     202.39205306349075     23:19
25500     51.000000000016364     -14.891718455640419     276.61056878186844     23:23
26000     52.000000000017586     -31.603921869823296     392.1657729242765     23:28
26500     53.00000000001881     -10.892335846015182     299.77473335529027     23:33
27000     54.00000000002003     -12.815982688831141     204.05785537663525     23:37
27500     55.00000000002125     -16.906719946041783     233.96191601537168     23:44
28000     56.000000000022474     -26.64964595050628     251.73664294129654     23:49
28500     57.0000000000237     -8.455709012676278     328.580645422657     23:53
29000     58.00000000002492     -29.140699933124615     236.53079292877638     23:58
29500     59.00000000002614     -13.19106627505139     347.2385873151593     24:03
30000     60.00000000002736     -11.090047927059224     413.3894972779817     24:08
30500     61.000000000028585     -26.45314650248722     280.75866739918945     24:12
31000     62.00000000002981     -31.011048335308356     157.27263481666887     24:15
31500     63.00000000003103     -23.980282009433527     193.11794329101994     24:21
32000     64.00000000003224     -28.744688970795362     337.8035654243921     24:23
32500     65.00000000002991     -20.790856737520716     278.58866094836213     24:23
33000     66.00000000002758     -16.915801744810366     299.21818253024304     24:24
33500     67.00000000002525     -21.88367374383492     276.8866617156393     24:23
34000     68.00000000002292     0.3592437545495146     303.14529253189176     24:19
34500     69.00000000002059     -1.462922330774182     325.83075888311544     24:15
35000     70.00000000001826     -24.855688245083552     335.1072892927663     24:11
35500     71.00000000001593     -6.132400966522615     309.45329631075845     24:08
36000     72.0000000000136     -8.85879727794491     392.37781008934434     24:02
36500     73.00000000001127     -7.61399955149358     229.34709262275928     23:56
37000     74.00000000000894     -13.638161505241612     184.29568746587415     23:51
37500     75.00000000000661     -3.0739038763420927     328.1119747631235     23:46
38000     76.00000000000428     5.811419894666297     370.5375138802283     23:42
38500     77.00000000000195     -18.49165192759498     473.254587974883     23:36
39000     77.99999999999962     -25.196447660965724     215.27082432288023     23:30
39500     78.99999999999729     -12.434624415118128     389.65277482418526     23:24
40000     79.99999999999496     -19.73734675691339     398.37736461101565     23:19
40500     80.99999999999262     -10.547492991889502     320.81897708770816     23:16
41000     81.9999999999903     -8.321876800776055     351.83219040858967     23:12
41500     82.99999999998796     -15.616311500462242     279.65146289986984     23:09
42000     83.99999999998563     -19.69660193416058     211.0334929576549     23:09
42500     84.9999999999833     -33.93300770140198     336.9977275865588     23:07
43000     85.99999999998097     -12.190683063317646     258.9559320577027     23:04
43500     86.99999999997864     -2.922835311653442     257.5818557680082     23:01
44000     87.99999999997631     -23.0855598633249     424.4464863894164     22:59
44500     88.99999999997398     10.747193357911222     209.32398147100767     22:56
45000     89.99999999997165     -14.177500801878233     236.93236255829356     22:56
45500     90.99999999996932     0.5927520797244377     208.52238649932133     22:56
46000     91.99999999996699     -29.343221396612236     293.42099983335464     22:57
46500     92.99999999996466     -27.531762861342195     295.7346514617181     22:57
47000     93.99999999996233     -19.59862024720158     237.90640014980644     22:56
47500     94.99999999996     -17.762947880524294     385.4553007492736     22:56
48000     95.99999999995767     -26.72196288696671     406.99900417442325     22:54
48500     96.99999999995534     -13.445817481692403     322.19447736584004     22:54
49000     97.999999999953     -3.187320594774288     233.58263846114193     22:54
49500     98.99999999995067     -7.730410854971298     442.0577942143233     22:54
50000     99.99999999994834     2.4383363326227583     253.02577715284065     22:55
50500     100.99999999994601     -19.904805213683254     261.66201492886165     22:56
51000     101.99999999994368     -19.54554639401272     216.858370669927     22:57
51500     102.99999999994135     -28.77536695234579     275.80740518421237     22:57
52000     103.99999999993902     -29.815058935614804     230.7006205194422     22:57
52500     104.99999999993669     -15.011244407206823     147.8617793753919     22:58
53000     105.99999999993436     -9.43637525265613     246.62991189343046     22:58
53500     106.99999999993203     -8.085843152361795     265.57119379892026     22:58
54000     107.9999999999297     -26.244441828628442     269.56146480176614     22:57
54500     108.99999999992737     -23.828765856451938     227.7634202197193     22:57
55000     109.99999999992504     -27.02233957330262     188.7456309797333     22:57
55500     110.99999999992271     -20.454861072651966     223.45767311282867     22:56
56000     111.99999999992038     -19.026738549316054     372.99521944654396     22:55
56500     112.99999999991805     -1.3599053841293465     226.2522136156028     22:54
57000     113.99999999991572     -27.480897656155197     230.57165438302184     22:53
57500     114.99999999991338     -18.977108729970645     209.24208865465152     22:52
58000     115.99999999991105     -32.027946649531614     281.8846818981566     22:51
58500     116.99999999990872     -31.009944885724508     258.1636962530975     22:49
59000     117.9999999999064     -14.355832023716927     217.19942204361155     22:45
59500     118.99999999990406     -8.261650334720496     243.24972147084466     22:44
60000     119.99999999990173     -15.96438349386253     404.70659435470156     22:43
60500     120.9999999998994     32.98635228033754     291.7462165970686     22:43
61000     121.99999999989707     -23.388271762748985     411.8982639257691     22:44
61500     122.99999999989474     -37.757731009871605     403.60804022718713     22:44
62000     123.99999999989241     -23.654067737607395     329.6141965938901     22:45
62500     124.99999999989008     -5.854698868446658     397.4583579102007     22:45
63000     125.99999999988775     -31.26027422409814     331.0310503016768     22:46
63500     126.99999999988542     -12.100965146015014     253.80261690297172     22:45
64000     127.99999999988309     -30.19940236622231     284.38781143083247     22:44
64500     128.99999999988785     -8.61666935831566     176.22436493203847     22:43
65000     129.99999999989262     -26.07348263153578     286.22818499124264     22:43
65500     130.9999999998974     -19.713282515652853     310.5314048376258     22:42
66000     131.99999999990217     -17.52744559089753     267.635789246474     22:42
66500     132.99999999990695     -19.401685740883256     256.9827170024101     22:41
67000     133.99999999991172     -20.00859222280559     218.9875727477448     22:40
67500     134.9999999999165     -30.800959419422483     300.4616746005542     22:39
68000     135.99999999992127     -7.073073630800376     329.17976752502386     22:37
68500     136.99999999992605     -18.907403216385596     291.522294885409     22:36
69000     137.99999999993082     -22.736569528669783     363.70718227678805     22:34
69500     138.9999999999356     -22.740301686011975     260.03431899498304     22:32
70000     139.99999999994037     -31.669063535718823     390.6041121271226     22:33
70500     140.99999999994515     -29.3558654827916     331.0604023887796     22:33
71000     141.99999999994992     -25.988302575015425     329.0599882982647     22:33
71500     142.9999999999547     -17.63708120011467     322.4573226858799     22:33
72000     143.99999999995947     -30.058876138689982     323.1797995686166     22:32
72500     144.99999999996425     -24.52844139817319     259.5106730856421     22:32
73000     145.99999999996902     -32.61641792400012     324.3817195870474     22:32
73500     146.9999999999738     -13.590030485890749     274.7459590703033     22:32
74000     147.99999999997857     -33.04163362398775     262.27476695743707     22:32
74500     148.99999999998334     -5.445225141034708     354.01539745214706     22:33
75000     149.99999999998812     -6.062117746298593     236.23034761878682     22:34
75500     150.9999999999929     -26.042264807190456     327.0795115721059     22:35
76000     151.99999999999767     -0.996121150050497     374.49385853469727     22:37
76500     153.00000000000244     -31.24435658183865     449.96217220583407     22:37
77000     154.00000000000722     -10.74190519734843     266.27046054431014     22:38
77500     155.000000000012     -37.15318592683093     340.5491653151358     22:38
78000     156.00000000001677     -27.798416260840657     287.97688068955614     22:39
78500     157.00000000002154     -27.702853158085283     207.93101222415373     22:40
79000     158.00000000002632     -26.670032879708142     244.26329891108531     22:40
79500     159.0000000000311     -23.50275764356659     424.9846245319089     22:41
80000     160.00000000003587     -20.727724590502284     278.4769817792889     22:41
80500     161.00000000004064     -34.77621854280448     455.8333175233383     22:40
81000     162.00000000004542     -2.447939983436011     247.85724896385864     22:39
81500     163.0000000000502     -22.572353480442448     300.11693171092764     22:37
82000     164.00000000005497     -27.93714780262527     299.07077024170894     22:34
82500     165.00000000005974     -21.73463326750207     246.90855453290905     22:30
83000     166.00000000006452     -23.742439947460532     252.31139846006067     22:27
83500     167.0000000000693     -30.79927416930882     363.0866774169978     22:25
84000     168.00000000007407     -29.19437693882674     360.33462529655475     22:23
84500     169.00000000007884     -19.726232646937614     308.083046209493     22:23
85000     170.00000000008362     -22.259714584072498     335.91586086370813     22:22
85500     171.0000000000884     -23.857237251054347     271.97124587688825     22:21
86000     172.00000000009317     -30.329685872984182     225.44116382558374     22:19
86500     173.00000000009794     -17.57424913637581     247.62233143902574     22:16
87000     174.00000000010272     -12.751935164813247     401.8466903523942     22:13
87500     175.0000000001075     -13.634142854752959     284.15041086439777     22:12
88000     176.00000000011227     -20.999901467111624     327.71856521506794     22:10
88500     177.00000000011704     -25.74949855070237     244.2073765468032     22:09
89000     178.00000000012182     -9.091671477689692     252.2999770382644     22:09
89500     179.0000000001266     -23.868740020107097     387.6499203233788     22:09
90000     180.00000000013137     -29.31213571429749     202.36807653870852     22:09
90500     181.00000000013614     -41.686813175223676     252.7621467124101     22:08
91000     182.00000000014091     -7.217496818680864     291.2380403082545     22:07
91500     183.0000000001457     -13.111920955669095     312.7606599196694     22:07
92000     184.00000000015046     -6.851042818462567     362.1329254199412     22:05
92500     185.00000000015524     -23.14047540951776     446.2581797880792     22:03
93000     186.00000000016001     -10.637789136748088     351.6446045012865     22:02
93500     187.0000000001648     -32.06723217190106     346.9285409434271     22:01
94000     188.00000000016956     -1.7153739952953608     301.9233521648927     22:00
94500     189.00000000017434     -22.294836993852353     427.8504673095104     21:58
95000     190.0000000001791     -3.6623136940354764     343.0416025998082     21:57
95500     191.0000000001839     -18.57064399844104     323.08636223799056     21:57
96000     192.00000000018866     -22.94304026323921     235.5921045091715     21:56
96500     193.00000000019344     -15.533471942351177     336.4841863077005     21:53
97000     194.0000000001982     22.7365537350448     374.8892629672206     21:52
97500     195.000000000203     -5.243448708878452     419.29983967317713     21:50
98000     196.00000000020776     -8.468510646976082     488.43673940501924     21:48
98500     197.00000000021254     3.076233641767039     353.340719197858     21:47
99000     198.0000000002173     -17.944583005785134     322.97176824979283     21:46
99500     199.0000000002221     -9.988442776395381     263.5451287324258     21:45
100000     200.00000000022686     -1.061792420384259     283.27474159183794     21:43
100500     201.00000000023164     -10.976181136859456     260.4907743225766     21:43
101000     202.0000000002364     -5.645982470844105     260.1100374488007     21:43
101500     203.0000000002412     -10.593502296689183     243.81632927405474     21:43
102000     204.00000000024596     -21.57216280789724     240.38094844207436     21:43
102500     205.00000000025074     -29.687470316788524     314.1080927558619     21:43
103000     206.0000000002555     -21.364090751869625     287.7486468079993     21:41
103500     207.0000000002603     -32.55281905435238     320.27850802875383     21:40
104000     208.00000000026506     -33.280190468270085     320.2112835716762     21:39
104500     209.00000000026984     -23.347356725475667     336.6202507457876     21:39
105000     210.0000000002746     -20.865226341891155     354.7408747418072     21:39
105500     211.00000000027939     -33.67260612364378     322.78510524761     21:37
106000     212.00000000028416     -27.917272075189057     287.6609772925711     21:36
106500     213.00000000028894     -18.159875333319732     396.5230846186678     21:35
107000     214.0000000002937     -15.340719135494307     346.27442757399484     21:33
107500     215.00000000029848     -2.0795980922173767     330.0074330162464     21:31
108000     216.00000000030326     1.921829638296476     382.3939682244842     21:30
108500     217.00000000030803     -19.215078972891366     362.74539985401583     21:28
109000     218.0000000003128     -24.440773829840026     352.5590541426208     21:26
109500     219.00000000031758     -19.801151029055852     347.95893178906397     21:26
110000     220.00000000032236     -24.22261670281096     296.634252530278     21:25
110500     221.00000000032713     -28.726141563594688     325.84444771892765     21:25
111000     222.0000000003319     -8.417627569829923     285.57264660223734     21:25
111500     223.00000000033668     -16.540834891258424     350.79867782531755     21:24
112000     224.00000000034146     -32.96188734049535     416.241957522442     21:23
112500     225.00000000034623     -42.583332845064824     358.0759769455002     21:22
113000     226.000000000351     -10.733527303953604     405.3932742678484     21:20
113500     227.00000000035578     -19.735612926171548     377.75805500699647     21:19
114000     228.00000000036056     -6.2603124497688984     252.9484906604733     21:18
114500     229.00000000036533     -10.485321033084784     308.3291656739893     21:17
115000     230.0000000003701     -34.94347438882659     467.55378648184967     21:16
115500     231.00000000037488     -11.092040841794127     374.6444253771868     21:15
116000     232.00000000037966     7.652489615380822     229.764404672225     21:14
116500     233.00000000038443     -23.00103506797252     297.9381270574576     21:12
117000     234.0000000003892     -19.690623481662005     264.07800017023675     21:11
117500     235.00000000039398     -26.30029374367736     298.55728392212626     21:08
118000     236.00000000039876     -9.006627570545698     277.0150590067223     21:06
118500     237.00000000040353     -26.737146091105757     389.792118711554     21:04
119000     238.0000000004083     -20.674085002263688     380.8187168258914     21:02
119500     239.00000000041308     -13.478279482949175     334.5598133506155     21:01
120000     240.00000000041786     2.055150498209926     196.5692795542807     20:59
120500     241.00000000042263     -20.57816334945953     251.59001400700953     20:58
121000     242.0000000004274     -23.105155944551683     247.46844552427885     20:56
121500     243.00000000043218     -22.1023025213683     301.251537328896     20:55
122000     244.00000000043696     -21.56477964450924     352.1442167647755     20:55
122500     245.00000000044173     -24.507265792581393     258.3033137301827     20:54
123000     246.0000000004465     -23.430520174008826     268.23214333365536     20:52
123500     247.00000000045128     -5.877978247086936     274.58284137023446     20:51
124000     248.00000000045605     -1.677335684334376     247.62589331424405     20:50
124500     249.00000000046083     -9.36486464395161     328.7839750270181     20:48
125000     250.0000000004656     -13.92302796769216     329.07716409522976     20:47
125500     251.00000000047038     -18.250942323348685     317.91671711339546     20:46
126000     252.00000000047515     -18.998794768630386     231.99589385417977     20:46
126500     253.00000000047993     -8.564916975971714     292.77906491532855     20:44
127000     254.0000000004847     -26.782323786786712     238.2839597758254     20:42
127500     255.00000000048948     -20.912410596772965     356.6146271342598     20:40
128000     256.00000000049425     -6.2121832984811345     328.2828016959933     20:37
128500     257.000000000499     -22.132343434115608     397.3847971321863     20:35
129000     258.0000000005038     -22.693740367009994     267.91395955704587     20:33
129500     259.0000000005086     -29.03263468287399     329.7560535746472     20:31
130000     260.00000000051335     -25.821515886343803     259.5248131523966     20:28
130500     261.0000000005181     -18.980885817337626     296.72411257582985     20:25
131000     262.0000000005229     -9.563685832751634     358.80888272348204     20:22
131500     263.0000000005277     -20.185891543432312     203.58307504567858     20:20
132000     264.00000000053245     -17.223644867311293     263.32259929505705     20:18
132500     265.0000000005372     -12.921727878410087     228.83797251152606     20:16
133000     266.000000000542     -14.86845414454409     327.1562963227835     20:14
133500     267.0000000005468     -10.2566516122951     249.37393835802064     20:13
134000     268.00000000055155     -16.51530771520944     357.9197338691416     20:11
134500     269.0000000005563     -23.363537639088822     230.27288570716902     20:09
135000     270.0000000005611     -26.996740002157978     231.36499782087793     20:08
135500     271.0000000005659     -18.586959847334438     333.06382922804465     20:07
136000     272.00000000057065     -13.394450131253901     296.33586079358366     20:06
136500     273.0000000005754     -21.658427422388964     174.54784553729363     20:04
137000     274.0000000005802     -27.26352063170118     436.8243526204171     20:03
137500     275.000000000585     -21.81504496131722     295.0139700262854     20:02
138000     276.00000000058975     -21.433656025176077     352.3700300114249     20:02
138500     277.0000000005945     -15.31700640304634     250.038243313923     20:02
139000     278.0000000005993     -19.803015145751193     291.02075719656403     20:01
139500     279.0000000006041     -13.03501663186284     278.91661141809095     20:01
140000     280.00000000060885     -33.85680025780524     204.0019173434837     20:00
140500     281.0000000006136     -34.85636985022249     239.14692212049604     19:58
141000     282.0000000006184     -33.24875666127743     288.1683782683131     19:57
141500     283.0000000006232     -2.6090288836580022     320.32424523441216     19:56
142000     284.00000000062795     -27.168313859228245     305.75695620917224     19:55
142500     285.0000000006327     -29.994233667330384     224.69444684433236     19:55
143000     286.0000000006375     -7.987825899879898     211.9427327437505     19:55
143500     287.0000000006423     0.7211021367264825     228.12158708890382     19:55
144000     288.00000000064705     -9.027153213160599     272.3093497241961     19:54
144500     289.0000000006518     -20.925886044625358     555.7415250120144     19:54
145000     290.0000000006566     -2.726128622813607     406.66673711371567     19:52
145500     291.0000000006614     -32.20681213700176     409.97686518971125     19:52
146000     292.00000000066615     -1.6839299842062125     248.5534408887791     19:52
146500     293.0000000006709     -6.519991134914632     289.0237953608776     19:51
147000     294.0000000006757     -15.220776289969399     275.8982834518601     19:50
147500     295.0000000006805     -12.881563608449095     408.14238342663145     19:50
148000     296.00000000068525     -9.720111913999226     339.07815251300264     19:48
148500     297.00000000069     -12.823944416208537     223.70839965029992     19:47
149000     298.0000000006948     -34.172608596956316     292.34578848827255     19:45
149500     299.0000000006996     -14.63333779155145     304.2289423124786     19:44
150000     300.00000000070435     -14.841070804922255     233.7628784430363     19:41
150500     301.0000000007091     -30.179140066097744     330.8601692724774     19:39
151000     302.0000000007139     -36.066722710705484     243.59665978266517     19:36
151500     303.00000000071867     -12.844366554860311     298.93819799041654     19:33
152000     304.00000000072345     -14.86752706169465     264.0909880634438     19:31
152500     305.0000000007282     -25.125465952007808     362.4845526254148     19:29
153000     306.000000000733     9.79928444089726     351.84647055788093     19:27
153500     307.00000000073777     -17.318139379566126     313.0723610823502     19:25
154000     308.00000000074255     -11.603250638716903     348.1785714254756     19:23
154500     309.0000000007473     -13.28919090721139     326.3033816526352     19:21
155000     310.0000000007521     -7.620010108709263     332.6533367377641     19:20
155500     311.00000000075687     -18.12767582204267     335.78101709631795     19:18
156000     312.00000000076164     -20.353189121150308     378.049158911029     19:16
156500     313.0000000007664     -25.722803658735415     293.7232952369031     19:15
157000     314.0000000007712     -21.252697637315745     303.1730457374681     19:14
157500     315.00000000077597     -16.074019423326874     296.63533918184413     19:12
158000     316.00000000078074     -2.357305268977216     176.86725848962627     19:11
158500     317.0000000007855     -18.403832802254342     256.18508257481153     19:09
159000     318.0000000007903     -18.893285555345404     394.8516343551318     19:07
159500     319.00000000079507     -19.451421519810076     316.0716471537359     19:05
160000     320.00000000079984     -6.983815438370664     281.0153161692659     19:04
160500     321.0000000008046     -8.661440392833349     299.96958291609167     19:02
161000     322.0000000008094     -20.014827810969493     342.2377404281433     19:00
161500     323.00000000081417     -28.065873994530428     337.86629337346005     18:58
162000     324.00000000081894     -34.994643184988824     286.0430534599118     18:57
162500     325.0000000008237     -4.009306752977894     254.02545322762904     18:55
163000     326.0000000008285     -17.542263587558487     315.7828636564654     18:54
163500     327.00000000083327     -14.995851947478034     247.91293585207836     18:52
164000     328.00000000083804     -2.1359221624561098     247.00001807614936     18:51
164500     329.0000000008428     -26.638771866775574     422.7989317072623     18:49
165000     330.0000000008476     -11.593579970454085     363.1516555198411     18:48
165500     331.00000000085237     -27.548508188653162     263.25916243826583     18:46
166000     332.00000000085714     -33.81560708367785     294.5464360988415     18:45
166500     333.0000000008619     -32.83628727804872     372.07724625649024     18:43
167000     334.0000000008667     -18.837977364259377     262.7194084625638     18:41
167500     335.00000000087147     -9.928495082381048     328.6811680941218     18:40
168000     336.00000000087624     -9.987417562411718     402.84142535668406     18:39
168500     337.000000000881     -5.337226116084019     195.46189538931372     18:38
169000     338.0000000008858     -11.225833437188577     350.04220286236813     18:37
169500     339.00000000089057     -24.45372189447559     321.88855631471245     18:36
170000     340.00000000089534     -21.248704944531955     302.29865627676895     18:34
170500     341.0000000009001     -19.73868848680084     368.15810583926617     18:33
171000     342.0000000009049     -22.67286498867764     391.02418797333667     18:31
171500     343.00000000090967     -19.028351975368466     367.26827953485713     18:30
172000     344.00000000091444     -21.43551971566813     396.08948011247287     18:28
172500     345.0000000009192     -31.24845361795242     319.36432070019833     18:27
173000     346.000000000924     -10.500608661054878     196.2986192188135     18:26
173500     347.00000000092876     -34.70914835637473     323.7469477621502     18:25
174000     348.00000000093354     -33.81781290456652     295.56505829926425     18:23
174500     349.0000000009383     -20.35661034962022     270.1779695762383     18:21
175000     350.0000000009431     -13.530731924005842     324.25474951037484     18:19
175500     351.00000000094786     14.942807084039831     315.90974302363804     18:18
176000     352.00000000095264     -5.089603934969391     416.1867417143312     18:16
176500     353.0000000009574     15.57016692705362     298.96766893871535     18:14
177000     354.0000000009622     -2.7778953528401678     297.786491860826     18:12
177500     355.00000000096696     -0.5355486122303521     250.25488067986205     18:11
178000     356.00000000097174     -17.112530026508164     301.53618361756577     18:09
178500     357.0000000009765     -23.43235867061632     248.29658272071902     18:07
179000     358.0000000009813     -18.160801326195077     271.90814965768095     18:05
179500     359.00000000098606     -15.580277526801957     240.33545527631404     18:03
180000     360.00000000099084     -31.419313652939586     246.87540930725703     18:01
180500     361.0000000009956     -27.045731908770733     296.88761782858234     17:59
181000     362.0000000010004     -30.33294420628616     251.07152573371616     17:57
181500     363.00000000100516     -27.582606287145047     361.8192915924806     17:56
182000     364.00000000100994     -16.810965660574915     384.5989680212529     17:54
182500     365.0000000010147     -29.837682428852926     337.1752012910812     17:53
183000     366.0000000010195     -4.336598839705055     309.1544061776933     17:51
183500     367.00000000102426     -18.584705958305758     249.28609930799513     17:50
184000     368.00000000102904     -37.23068847620587     390.2173077669242     17:48
184500     369.0000000010338     -18.641508076283962     389.57212686110734     17:46
185000     370.0000000010386     -3.2599254152656107     305.23709103296136     17:45
185500     371.00000000104336     -14.740987918496815     353.4039601169477     17:44
186000     372.00000000104814     -9.057139904072088     242.77292422232716     17:42
186500     373.0000000010529     -25.94561146014628     324.62327567329964     17:41
187000     374.0000000010577     -40.351363834349776     334.4222049292927     17:40
187500     375.00000000106246     -2.5196590395722414     283.40264462951984     17:40
188000     376.00000000106724     -14.519681728255243     231.7625312989473     17:39
188500     377.000000001072     -11.76968413893149     260.4752831256438     17:38
189000     378.0000000010768     -20.052510575927922     356.2361548989818     17:36
189500     379.00000000108156     -25.98148755554861     256.70667094948254     17:35
190000     380.00000000108633     -15.21655620669035     234.79739764393292     17:33
190500     381.0000000010911     -30.335826860122825     200.90772677060627     17:31
191000     382.0000000010959     -30.170729953352208     346.86951957701365     17:30
191500     383.00000000110066     -20.847189150670232     217.949415098351     17:29
192000     384.00000000110543     -23.889106280053635     277.5134383748945     17:28
192500     385.0000000011102     -26.21599626797196     410.1467801404862     17:26
193000     386.000000001115     -39.11166289805562     260.56994064258316     17:25
193500     387.00000000111976     -38.59873000553924     307.89906867722596     17:24
194000     388.00000000112453     -17.181607916335263     294.4923236235778     17:22
194500     389.0000000011293     -10.895545435402479     441.36981526681535     17:21
195000     390.0000000011341     -7.77449174307816     340.1406507057977     17:20
195500     391.00000000113886     -19.6563365092519     253.18252541738178     17:19
196000     392.00000000114363     -31.352780917091753     320.4215787521711     17:18
196500     393.0000000011484     -20.03233104955597     294.7050262942605     17:17
197000     394.0000000011532     -33.64643334523943     245.90285531991253     17:15
197500     395.00000000115796     -22.837317393638934     292.0131401968726     17:13
198000     396.00000000116273     -38.77559653580639     332.713213206948     17:11
198500     397.0000000011675     -17.420635164291625     209.76349825632803     17:10
199000     398.0000000011723     -4.881457671184118     376.2170207343934     17:08
199500     399.00000000117706     -14.572092640055144     350.70671247090525     17:06
200000     400.00000000118183     -4.438218489203543     257.6006622822082     17:04
200500     401.0000000011866     -31.540058797907488     338.76757604301844     17:02
201000     402.0000000011914     -11.469330138075152     220.32277444703533     17:01
201500     403.00000000119616     -16.5594729980221     141.63637387275915     16:59
202000     404.00000000120093     -35.069047182858256     356.89919512176016     16:57
202500     405.0000000012057     -12.072298152105834     284.61854439379675     16:55
203000     406.0000000012105     -20.427243014239487     311.30039089120896     16:52
203500     407.00000000121526     -13.840087515001626     415.3677812724721     16:50
204000     408.00000000122003     -18.462545633630373     278.60522830048495     16:48
204500     409.0000000012248     -22.640470453868502     273.0337918091722     16:46
205000     410.0000000012296     -5.215172814552592     287.54679275331284     16:44
205500     411.00000000123435     -18.331655199238405     311.89555161426125     16:42
206000     412.00000000123913     -14.438069456109975     340.25712204326436     16:40
206500     413.0000000012439     -22.729361246969766     337.6879371110057     16:38
207000     414.0000000012487     -28.05000536257834     411.8868337942791     16:36
207500     415.00000000125345     9.668076708260577     263.40250483102295     16:34
208000     416.00000000125823     -16.540352082309397     358.9513165213833     16:31
208500     417.000000001263     -26.144084481440473     505.6581318785959     16:29
209000     418.0000000012678     26.036081513504516     466.30608354262563     16:28
209500     419.00000000127255     -6.8237895631714505     352.8374358929002     16:26
210000     420.00000000127733     -25.93537800728586     351.86135841545547     16:24
210500     421.0000000012821     -17.947424161317677     227.23625371860393     16:22
211000     422.0000000012869     -25.895461870619098     237.23529130172057     16:20
211500     423.00000000129165     -37.86214388998838     274.51876858954375     16:18
212000     424.0000000012964     -29.65514750452758     312.77730025835825     16:16
212500     425.0000000013012     -36.421437544357296     263.4817883798804     16:14
213000     426.000000001306     -15.564141411035134     140.89641916909824     16:12
213500     427.00000000131075     -31.00305054874442     236.66823898493138     16:11
214000     428.0000000013155     -22.171679606698525     264.25157331241644     16:09
214500     429.0000000013203     -12.235953137891679     248.8022396720698     16:08
215000     430.0000000013251     -28.568706347603836     221.31581714318293     16:06
215500     431.00000000132985     -1.9071984312279753     219.5232961774204     16:05
216000     432.0000000013346     -37.221721179850306     338.41618865612975     16:03
216500     433.0000000013394     -13.82050634678437     280.0792988299919     16:02
217000     434.0000000013442     -11.88280017959758     298.02193854820945     16:00
217500     435.00000000134895     -24.46695556930122     216.28733594464072     15:59
218000     436.0000000013537     -19.511991987728734     254.62752294836278     15:58
218500     437.0000000013585     -3.9571275318429553     286.63123913430513     15:57
219000     438.0000000013633     -9.81467305881208     268.0784645743247     15:56
219500     439.00000000136805     -3.758372202733728     352.190436533359     15:55
220000     440.0000000013728     -17.202306222604204     267.99550932486335     15:53
220500     441.0000000013776     -0.9562775400967336     228.67172523737466     15:52
221000     442.0000000013824     -16.697394105237414     257.2379290559321     15:50
221500     443.00000000138715     -4.242261517116899     307.61325335026595     15:48
222000     444.0000000013919     -8.111327246963537     379.2801551955059     15:47
222500     445.0000000013967     -7.560518183726889     330.77299191806816     15:45
223000     446.0000000014015     -3.7755324554475393     373.3003605519506     15:43
223500     447.00000000140625     9.041854694790985     197.17655978602932     15:42
224000     448.000000001411     -23.430451614596684     275.7144028613877     15:40
224500     449.0000000014158     -7.5257538286516965     285.09934510404014     15:38
225000     450.0000000014206     -17.687148300808975     410.98726662759873     15:37
225500     451.00000000142535     -7.806899928425424     213.527755047057     15:35
226000     452.0000000014301     -8.463145252466745     339.2480515235569     15:34
226500     453.0000000014349     -18.82152469452225     300.32962735616496     15:32
227000     454.0000000014397     -6.008480930375516     157.54986553112545     15:30
227500     455.00000000144445     -19.300808507683485     226.00007217603667     15:29
228000     456.0000000014492     -25.541881828814176     283.18500585091977     15:27
228500     457.000000001454     -20.690799700509125     284.2798658599301     15:25
229000     458.0000000014588     -11.442439103150347     299.5497095503807     15:24
229500     459.00000000146355     -32.884088631801276     436.7289791192522     15:22
230000     460.0000000014683     -15.267769706133125     329.49691005806125     15:21
230500     461.0000000014731     -32.28820057559313     262.9830232697627     15:19
231000     462.0000000014779     -17.72338434261621     267.8948896123157     15:17
231500     463.00000000148265     -33.35743801540811     323.9702624741067     15:16
232000     464.0000000014874     -20.72713249425973     214.27186989513174     15:14
232500     465.0000000014922     -27.613283451309538     203.02940016933547     15:12
233000     466.00000000149697     -22.169296967339044     344.39850559493095     15:10
233500     467.00000000150175     -5.178035367387421     336.44771034670777     15:08
234000     468.0000000015065     7.06931503014617     233.33298498316591     15:06
234500     469.0000000015113     -16.211062773772355     194.9817264963143     15:04
235000     470.00000000151607     -37.37033130116295     182.78124686790153     15:02
235500     471.00000000152085     -44.0573036068743     279.0935641570498     15:00
236000     472.0000000015256     -28.41676305353151     298.8534165881134     14:58
236500     473.0000000015304     -24.949146276467225     355.7182534884377     14:56
237000     474.00000000153517     -11.386533918207205     231.70577126439832     14:55
237500     475.00000000153995     -33.0232767932675     316.4334981359052     14:53
238000     476.0000000015447     -5.084994319365248     167.75538819351988     14:51
238500     477.0000000015495     -8.949976372663414     226.01095791225424     14:50
239000     478.00000000155427     -11.989419046276897     329.67130183578894     14:48
239500     479.00000000155904     -23.13602837937609     372.4248257097325     14:47
240000     480.0000000015638     -15.371773627887642     349.12103431481114     14:45
240500     481.0000000015686     -9.684380866468205     311.9932995492406     14:44
241000     482.00000000157337     -28.837319171893693     318.6961885179035     14:43
241500     483.00000000157814     -10.817550505726366     297.9589639397803     14:41
242000     484.0000000015829     -24.269454780244562     272.21835120601475     14:40
242500     485.0000000015877     -19.95403912361337     353.9177660150761     14:39
243000     486.00000000159247     -38.99788275345353     301.3584699831463     14:37
243500     487.00000000159724     -21.570225696169782     367.59357766964     14:36
244000     488.000000001602     7.96938883368125     179.32600198812983     14:35
244500     489.0000000016068     -19.317662886203827     244.02716660184524     14:33
245000     490.00000000161157     -3.951131378285873     273.3322251179478     14:32
245500     491.00000000161634     -16.869614304562     278.81202183665596     14:30
246000     492.0000000016211     -17.73151867221696     308.73884385668504     14:29
246500     493.0000000016259     -31.909548706528184     248.89379004464027     14:27
247000     494.00000000163067     -18.588672346905867     250.05848393486357     14:26
247500     495.00000000163544     -34.486150529292146     380.66092844944393     14:24
248000     496.0000000016402     -23.010472738406794     324.5773555849102     14:23
248500     497.000000001645     -18.70404285150301     193.3776600426993     14:21
249000     498.00000000164977     -34.37820036977799     392.20464921696794     14:20
249500     499.00000000165454     -18.69352151024556     255.263336739376     14:18
250000     500.0000000016593     -23.942361803384923     341.54311160936356     14:17
250500     501.0000000016641     -8.712840897388954     290.45673731668387     14:15
251000     502.00000000166887     -6.834111619084656     351.3213417619701     14:14
251500     503.00000000167364     6.956465337513087     312.0005457855696     14:12
252000     504.0000000016784     -22.693481580931035     364.01054570790654     14:11
252500     505.0000000016832     -23.596325105460913     316.53644386072017     14:09
253000     506.00000000168797     -32.25051383401266     274.0800144192632     14:08
253500     507.00000000169274     -16.087261970957496     295.988979305907     14:06
254000     508.0000000016975     -16.038099230364587     363.11596157075354     14:05
254500     509.0000000017023     -31.362351296582386     214.06335321090896     14:04
255000     510.00000000170706     -30.0601491696138     318.9518641329758     14:02
255500     511.00000000171184     -21.873042969370136     138.0815050941721     14:01
256000     512.0000000017166     -0.030896603116984167     259.9280671843277     14:00
256500     513.0000000016929     -22.476634661344523     333.3891269179683     13:58
257000     514.0000000016693     -17.642040000868903     244.16302180768866     13:57
257500     515.0000000016456     -14.488885015938495     318.24147546027865     13:55
258000     516.000000001622     -28.822126796778605     331.97814835037775     13:53
258500     517.0000000015983     -35.200633540235174     215.69795629328493     13:51
259000     518.0000000015747     -21.339133753845594     181.45565020692118     13:49
259500     519.000000001551     -16.817286863183636     203.97415985305975     13:48
260000     520.0000000015274     -19.70596604037005     186.35778213688792     13:46
260500     521.0000000015037     -30.987806059501384     288.00017789516244     13:44
261000     522.0000000014801     -26.453013139758724     283.9526381934329     13:42
261500     523.0000000014564     -5.770231379358183     271.9533117575562     13:40
262000     524.0000000014328     -9.709000130008059     295.6939519506873     13:39
262500     525.0000000014091     -19.960212335877667     272.85059115908535     13:37
263000     526.0000000013855     -27.245004818602556     364.3847449956829     13:35
263500     527.0000000013619     -19.11320854440005     266.03538218937     13:33
264000     528.0000000013382     -35.83857920760555     224.8635528546619     13:31
264500     529.0000000013146     -37.132328568765956     321.1840524409144     13:29
265000     530.0000000012909     -22.203062520169652     258.4229223030843     13:28
265500     531.0000000012673     -30.535043044554065     346.5627726500574     13:26
266000     532.0000000012436     -35.46944747363264     275.4937892164956     13:24
266500     533.00000000122     -24.994588935981824     265.9713577640587     13:23
267000     534.0000000011963     -12.80265039312307     275.63217453758637     13:21
267500     535.0000000011727     -14.67686508871467     255.43863689683266     13:19
268000     536.000000001149     -10.794486379027711     270.2210767266522     13:17
268500     537.0000000011254     -12.896678299919635     340.1047736654815     13:16
269000     538.0000000011017     -18.61600195873829     371.4490450396461     13:14
269500     539.0000000010781     -20.362375082617312     416.3356783485481     13:12
270000     540.0000000010544     -23.727685103387294     268.88351343168335     13:11
270500     541.0000000010308     -16.200386139895016     183.82003276639975     13:09
271000     542.0000000010072     -9.384045716980879     297.5458305539718     13:07
271500     543.0000000009835     -9.813087917040066     217.90873675939764     13:06
272000     544.0000000009599     -9.516930415161553     284.96955242499405     13:04
272500     545.0000000009362     -16.013125644764564     265.8792357708078     13:02
273000     546.0000000009126     -16.121549974405298     272.917143859745     13:01
273500     547.0000000008889     -35.718761680824485     286.6067151574519     12:59
274000     548.0000000008653     -15.09286571024241     138.6298608468272     12:57
274500     549.0000000008416     -28.168509971101326     248.27027725453317     12:55
275000     550.000000000818     -28.903475758846223     190.74785461441397     12:54
275500     551.0000000007943     -28.370587041120864     321.2723543192843     12:52
276000     552.0000000007707     -9.172872213733257     243.46802791739333     12:50
276500     553.000000000747     -20.574273373720796     370.63452891571734     12:48
277000     554.0000000007234     -23.462708467941216     268.48913979148944     12:47
277500     555.0000000006997     -33.921200327595216     232.6948826427756     12:45
278000     556.0000000006761     -10.822769360590266     208.91559421913152     12:44
278500     557.0000000006524     -17.48277050887979     253.46949535237678     12:42
279000     558.0000000006288     -1.534757406160565     371.03257029528874     12:40
279500     559.0000000006052     -3.157905043016313     285.5808123470686     12:39
280000     560.0000000005815     -5.796525089770171     288.2828324605139     12:37
280500     561.0000000005579     1.1749488752317365     305.54184853229134     12:35
281000     562.0000000005342     -14.666875613631706     244.50590059675406     12:34
281500     563.0000000005106     -33.05871588839141     287.88211367540134     12:32
282000     564.0000000004869     -7.668054464340487     308.99454554485453     12:30
282500     565.0000000004633     -19.640542876760215     171.2376830967237     12:28
283000     566.0000000004396     -19.995826722981306     298.99666728232216     12:26
283500     567.000000000416     -13.55712541047006     313.83028063666137     12:25
284000     568.0000000003923     -3.55455142593965     227.14328709688013     12:23
284500     569.0000000003687     -16.89541314828447     327.59658849971976     12:22
285000     570.000000000345     -30.094315644989237     238.47029616612082     12:20
285500     571.0000000003214     -27.407958207762885     247.7834807575435     12:18
286000     572.0000000002977     -23.315126928420423     271.6841982632289     12:16
286500     573.0000000002741     -22.876900628817218     218.78219521951735     12:15
287000     574.0000000002505     -36.07469633630275     220.86627739256107     12:13
287500     575.0000000002268     -27.68766327312496     241.5962238076838     12:11
288000     576.0000000002032     -13.535746226411186     211.05216822147395     12:09
288500     577.0000000001795     -32.19997896552435     268.60193936355677     12:08
289000     578.0000000001559     -2.7484714188966852     292.1634179699184     12:06
289500     579.0000000001322     1.4070996757827228     291.6091629284661     12:04
290000     580.0000000001086     -28.944836418856816     436.8524375917758     12:03
290500     581.0000000000849     -25.889888248681203     371.6191291136635     12:01
291000     582.0000000000613     -14.37866335124455     281.67271942727945     11:59
291500     583.0000000000376     -17.657634658784346     333.07881348046124     11:58
292000     584.000000000014     -4.241726950236409     245.10632026467746     11:56
292500     584.9999999999903     -35.605390602749466     344.56475408724583     11:54
293000     585.9999999999667     -28.893137246338572     326.17819266825023     11:52
293500     586.999999999943     -15.420344033316095     255.48048291889125     11:51
294000     587.9999999999194     -15.461310273774137     250.25310562562026     11:49
294500     588.9999999998957     -24.284846582062944     134.82420362344365     11:47
295000     589.9999999998721     -34.06464442236524     297.9532975659665     11:45
295500     590.9999999998485     -17.616451604525324     243.93710252497576     11:43
296000     591.9999999998248     -1.3637668350054364     228.98330009511804     11:41
296500     592.9999999998012     -20.684605939435663     340.1560938024558     11:39
297000     593.9999999997775     -8.361060727212852     326.6678107436254     11:37
297500     594.9999999997539     -26.986544519640443     382.5101732017041     11:36
298000     595.9999999997302     -28.152617306451283     225.39161479086928     11:34
298500     596.9999999997066     -28.72335554178782     344.2736734720766     11:32
299000     597.9999999996829     -27.556787539545955     276.8921266793001     11:30
299500     598.9999999996593     -7.711563947162699     260.1866716795178     11:28
300000     599.9999999996356     -33.386563554162535     277.0798044496657     11:27
300500     600.999999999612     -25.94832746658951     337.13216695283205     11:25
301000     601.9999999995883     -20.631160204132406     196.55187026750335     11:23
301500     602.9999999995647     -15.41264166663647     377.56836840490985     11:21
302000     603.999999999541     -11.802975874008752     212.3244800619512     11:20
302500     604.9999999995174     -14.609409961701214     236.3731898329889     11:18
303000     605.9999999994938     -36.91427576076093     208.48227102134646     11:16
303500     606.9999999994701     -9.089932997043064     274.022309130259     11:14
304000     607.9999999994465     -12.001366818692794     300.35005436515803     11:13
304500     608.9999999994228     -38.26677033695052     302.6883975956233     11:11
305000     609.9999999993992     -14.32218314364527     348.973756368406     11:09
305500     610.9999999993755     -24.54506229777645     291.8133855829515     11:07
306000     611.9999999993519     -7.656673385719401     232.01703271174276     11:06
306500     612.9999999993282     -13.990322882913157     386.2380173944528     11:04
307000     613.9999999993046     -14.823081346089005     359.7646691969651     11:02
307500     614.9999999992809     -7.315305506145879     408.91742045091894     11:01
308000     615.9999999992573     -31.340910573063596     348.6728820147403     10:59
308500     616.9999999992336     -26.764000187126207     433.60242631820887     10:58
309000     617.99999999921     -38.90793261590099     230.31662823698122     10:56
309500     618.9999999991863     -26.72471386989794     404.8843570622563     10:54
310000     619.9999999991627     -17.365507445674687     355.2900910079886     10:53
310500     620.999999999139     -11.84982106426926     288.58395521152664     10:51
311000     621.9999999991154     -21.991475150972636     238.77428678193218     10:50
311500     622.9999999990918     -8.329796522538542     349.0996914542331     10:48
312000     623.9999999990681     -14.756011653265794     312.4723602684435     10:47
312500     624.9999999990445     11.04412539721178     310.779766547141     10:45
313000     625.9999999990208     -23.817720846181984     341.05991698713626     10:44
313500     626.9999999989972     -33.85084013880077     441.3539101725586     10:42
314000     627.9999999989735     -23.968010386257028     221.32474799818482     10:40
314500     628.9999999989499     -2.872365569753128     305.34678962086355     10:39
315000     629.9999999989262     -26.69587620242923     233.20925621941478     10:37
315500     630.9999999989026     -17.33566323526249     297.00591808667724     10:36
316000     631.9999999988789     -25.288213250122144     345.320242702889     10:34
316500     632.9999999988553     -16.320995661053114     269.0670975348402     10:32
317000     633.9999999988316     -18.44233065697873     171.75670398044184     10:31
317500     634.999999998808     -21.025035937655     335.8938101868805     10:29
318000     635.9999999987843     -24.518686282511887     232.73841371405564     10:27
318500     636.9999999987607     -16.57973140802754     262.66943950192314     10:25
319000     637.999999998737     -15.972008292299789     292.9598034509007     10:23
319500     638.9999999987134     -14.903651592099648     378.5797642899589     10:22
320000     639.9999999986898     -19.813110041831532     418.13366827125157     10:20
320500     640.9999999986661     -26.182249677329406     259.9958923479672     10:19
321000     641.9999999986425     -20.020912237131114     340.7484154421137     10:17
321500     642.9999999986188     -19.629886811180555     247.1872942457796     10:15
322000     643.9999999985952     -17.281162137800308     235.2314444434557     10:13
322500     644.9999999985715     -7.7297836793007635     446.66161100532804     10:11
323000     645.9999999985479     7.418998077811197     336.3930213451241     10:10
323500     646.9999999985242     10.836617396319395     352.67145817571094     10:08
324000     647.9999999985006     -26.494890589156483     170.19085945186958     10:07
324500     648.9999999984769     -22.839613157310417     303.7470122852393     10:05
325000     649.9999999984533     -29.454432424880434     237.9368511387693     10:03
325500     650.9999999984296     -17.944688830921358     253.33338695370495     10:02
326000     651.999999998406     -9.944114703592934     273.68761684959105     10:00
326500     652.9999999983823     -15.348896999456525     255.4822595371737     9:58
327000     653.9999999983587     -35.725920278288186     289.1974943993104     9:57
327500     654.999999998335     -6.881027170780145     186.99805326351589     9:55
328000     655.9999999983114     -32.66190913158697     370.398995386368     9:54
328500     656.9999999982878     -9.9671741574579     270.44392074306575     9:52
329000     657.9999999982641     -22.969081438332864     279.03954847902446     9:50
329500     658.9999999982405     -34.09500962555926     332.5101722953149     9:48
330000     659.9999999982168     7.779595008993667     346.49194061733107     9:47
330500     660.9999999981932     -4.516457337190156     274.59114284441574     9:45
331000     661.9999999981695     -16.426616435014324     286.1337680351723     9:43
331500     662.9999999981459     -9.794671381033465     299.9738713334518     9:42
332000     663.9999999981222     -9.22202902425796     313.928449529069     9:40
332500     664.9999999980986     0.8457292289921687     310.0792982011588     9:39
333000     665.9999999980749     -18.461200959249666     330.2257360616944     9:37
333500     666.9999999980513     -24.177933957229595     293.86717743547666     9:35
334000     667.9999999980276     -35.72538911571454     349.3832662417849     9:34
334500     668.999999998004     -28.90633463986231     198.76046341340654     9:32
335000     669.9999999979804     -10.586167304123201     221.95806459926638     9:30
335500     670.9999999979567     -25.852149543950805     284.8520778709567     9:29
336000     671.9999999979331     -17.142223499156984     308.1175044083678     9:27
336500     672.9999999979094     -7.822567018680733     259.90477506245793     9:25
337000     673.9999999978858     -35.6921668959708     210.65726331909656     9:24
337500     674.9999999978621     -20.574356549809554     226.8343036344221     9:22
338000     675.9999999978385     -28.42846996347077     247.45045950179448     9:20
338500     676.9999999978148     -28.757151039379373     253.2732772997962     9:18
339000     677.9999999977912     -6.452298451872379     257.0170758229336     9:17
339500     678.9999999977675     -24.83222989590736     326.895133074949     9:15
340000     679.9999999977439     -8.319969043954185     250.73500201389172     9:14
340500     680.9999999977202     -24.634515835535723     243.90556305972063     9:12
341000     681.9999999976966     -23.994166382504815     313.05944467988917     9:11
341500     682.999999997673     -37.75280687557755     429.8688564916214     9:09
342000     683.9999999976493     -5.479965583588253     334.14279365856066     9:07
342500     684.9999999976257     7.274006587336094     246.71486788205044     9:06
343000     685.999999997602     -29.326751353160777     382.11993869920207     9:04
343500     686.9999999975784     -18.267921002120886     269.12578808985444     9:02
344000     687.9999999975547     -29.021211019431007     379.6778342559944     9:01
344500     688.9999999975311     -18.636542770744686     278.1449323250178     8:59
345000     689.9999999975074     -31.212152304718856     319.24908621299323     8:58
345500     690.9999999974838     -22.961205837564755     242.70403677383288     8:56
346000     691.9999999974601     0.3991811335668407     369.65622740942445     8:54
346500     692.9999999974365     -16.502389810673275     382.352016999776     8:53
347000     693.9999999974128     -6.612279256244819     342.298614790302     8:51
347500     694.9999999973892     4.597101214463647     365.2048511230994     8:49
348000     695.9999999973655     -27.747711242900372     429.8346148406137     8:48
348500     696.9999999973419     0.25463144205394705     258.6721944628531     8:46
349000     697.9999999973182     -16.085531697200366     334.08712508357246     8:44
349500     698.9999999972946     -29.344229417981513     304.8518392492916     8:42
350000     699.999999997271     -9.579317165405895     266.15871917859477     8:40
350500     700.9999999972473     -18.293800105312172     302.8550730974248     8:39
351000     701.9999999972237     -19.51374451858461     182.73377986247263     8:37
351500     702.9999999972     -1.7223441031161606     244.19252717113207     8:35
352000     703.9999999971764     -11.31995791373772     317.51238588446984     8:34
352500     704.9999999971527     -12.413983126679238     275.40342260351156     8:32
353000     705.9999999971291     -24.84782975609616     382.78644333097725     8:30
353500     706.9999999971054     -0.30210128470644193     291.6788613532338     8:28
354000     707.9999999970818     11.253637003733566     303.18079256462136     8:26
354500     708.9999999970581     -23.758728244157496     384.1023411622315     8:24
355000     709.9999999970345     -16.50303303057165     195.57966918875272     8:23
355500     710.9999999970108     -31.9721262158933     313.68652027447416     8:21
356000     711.9999999969872     -21.47176811782539     206.92704557100907     8:19
356500     712.9999999969635     -37.43108597929236     335.57093777635663     8:18
357000     713.9999999969399     -9.319857117038227     222.6355877647948     8:16
357500     714.9999999969162     -27.80284871290104     470.0798899531966     8:14
358000     715.9999999968926     -12.102152707614138     317.93418184635317     8:12
358500     716.999999996869     -5.1546771383935805     226.77214877785838     8:11
359000     717.9999999968453     -35.984221438933744     411.9813110647357     8:09
359500     718.9999999968217     8.878456906632195     420.37867240722517     8:07
360000     719.999999996798     -10.438880178660428     256.542375776739     8:06
360500     720.9999999967744     -15.240891760415568     282.62485191561393     8:04
361000     721.9999999967507     -20.034024853783286     310.3315954252104     8:02
361500     722.9999999967271     -12.040714103832874     221.1139792769058     8:00
362000     723.9999999967034     -44.20626410035791     317.9387013320276     7:59
362500     724.9999999966798     -34.81572075689034     275.2853959535036     7:57
363000     725.9999999966561     -13.526412926357091     240.44662120556063     7:55
363500     726.9999999966325     -25.16730059177588     361.4615618135921     7:53
364000     727.9999999966088     -25.351340747994758     213.63906730177558     7:52
364500     728.9999999965852     -22.197098034588848     382.84103103501246     7:50
365000     729.9999999965615     -24.641992469080954     264.8059668813344     7:48
365500     730.9999999965379     -5.10371995362431     254.5181261359356     7:46
366000     731.9999999965142     -12.958964812005107     384.8604789691468     7:45
366500     732.9999999964906     -19.922489116416838     419.4277308231734     7:43
367000     733.999999996467     -16.634060543685063     343.4113564771207     7:41
367500     734.9999999964433     -16.640300144832008     407.71826503219677     7:39
368000     735.9999999964197     -11.531345800874881     266.0586341359805     7:37
368500     736.999999996396     -12.725144581961674     279.76370620841783     7:36
369000     737.9999999963724     -33.71712516473372     334.89873676017794     7:34
369500     738.9999999963487     -15.084140037101173     304.24383968371217     7:32
370000     739.9999999963251     -29.16118081782639     346.7022338187474     7:31
370500     740.9999999963014     -13.967309520165     320.6073227035671     7:29
371000     741.9999999962778     -23.523510640090066     282.0497729698218     7:27
371500     742.9999999962541     -29.706140569980676     268.5220310089432     7:25
372000     743.9999999962305     -21.88640708110567     315.59492237065257     7:24
372500     744.9999999962068     -14.143883089814887     256.9913832671623     7:22
373000     745.9999999961832     -24.327036017018628     324.39124352792953     7:20
373500     746.9999999961595     -7.208766487627724     323.35977171495813     7:19
374000     747.9999999961359     13.242163973810365     386.74657713534276     7:17
374500     748.9999999961123     -17.050699745380275     367.7286164571553     7:15
375000     749.9999999960886     -20.455902390814906     299.6371770705529     7:14
375500     750.999999996065     -13.525947870549697     196.24984896671873     7:12
376000     751.9999999960413     -14.674246222919114     366.9501110472633     7:10
376500     752.9999999960177     -33.777742364056124     254.20805379611943     7:09
377000     753.999999995994     -32.74258485682107     325.7589445687582     7:07
377500     754.9999999959704     -23.169186113360816     231.36800225863234     7:05
378000     755.9999999959467     -27.121516265675076     255.43523488579373     7:04
378500     756.9999999959231     -32.43222462324973     338.9725596824582     7:02
379000     757.9999999958994     -2.6854090277133267     290.5821933811484     7:01
379500     758.9999999958758     -27.267698739035893     399.3311921296485     6:59
380000     759.9999999958521     5.366992560126212     482.4454863561498     6:57
380500     760.9999999958285     10.474427014412209     364.9360880898298     6:56
381000     761.9999999958048     -10.302632895973884     311.1865342743199     6:54
381500     762.9999999957812     -17.953117877727195     399.62155836041313     6:52
382000     763.9999999957575     3.6642475115088766     294.81007193998266     6:51
382500     764.9999999957339     -6.837636152791602     384.47519921033194     6:49
383000     765.9999999957103     -15.58204886127174     411.9754363475975     6:47
383500     766.9999999956866     -25.568878290891703     412.8852080076039     6:46
384000     767.999999995663     -28.69669167971348     295.4644156707387     6:44
384500     768.9999999956393     2.383226964830336     367.8713220776077     6:42
385000     769.9999999956157     21.93805263001651     438.7678074215507     6:40
385500     770.999999995592     -8.155779006568526     463.2389234633473     6:39
386000     771.9999999955684     -0.11730747093638705     358.0398991146273     6:37
386500     772.9999999955447     -33.62245565676106     361.00064238952524     6:35
387000     773.9999999955211     -35.68522684945472     308.2747456962512     6:34
387500     774.9999999954974     -27.87568936742358     219.25778692116478     6:32
388000     775.9999999954738     -29.81718400263355     375.9371614487251     6:30
388500     776.9999999954501     -15.489896449895356     258.92495357796463     6:28
389000     777.9999999954265     -16.018441806889946     327.5910237161338     6:27
389500     778.9999999954028     -22.00622517382676     328.4641050243991     6:25
390000     779.9999999953792     -25.90522752751892     312.0855642401872     6:23
390500     780.9999999953556     -25.515341480257096     248.78055269631668     6:22
391000     781.9999999953319     -6.4704073419763475     250.05285125758735     6:20
391500     782.9999999953083     -32.06760223145599     318.7986605399209     6:18
392000     783.9999999952846     -24.61260092390645     170.93403831609942     6:16
392500     784.999999995261     -26.308968389663985     257.92061738581856     6:15
393000     785.9999999952373     -9.49044675795328     434.36995357720974     6:13
393500     786.9999999952137     4.915777812655286     250.68680231568098     6:11
394000     787.99999999519     -32.905604464431065     294.95155316746184     6:10
394500     788.9999999951664     -22.68534810492062     329.49269621906984     6:08
395000     789.9999999951427     -19.41646354367466     256.5242088741226     6:06
395500     790.9999999951191     -8.342947631784964     434.2549098497094     6:05
396000     791.9999999950954     -14.554733700163032     220.80292662715664     6:03
396500     792.9999999950718     -19.96601559391237     261.16210462932514     6:01
397000     793.9999999950481     -24.222783687599932     309.16608961329155     6:00
397500     794.9999999950245     -36.98972454469168     205.7991929753736     5:58
398000     795.9999999950008     -14.05949128042865     190.8578221124124     5:56
398500     796.9999999949772     -22.818979522544375     226.72759741689785     5:54
399000     797.9999999949536     -10.775846974258544     228.55356954721617     5:53
399500     798.9999999949299     -33.629474908219315     177.1681975241718     5:51
400000     799.9999999949063     -39.95218526868867     340.82578232297107     5:49
400500     800.9999999948826     -21.349142995212922     277.10744565968383     5:47
401000     801.999999994859     -15.040517446235455     382.5675678293117     5:46
401500     802.9999999948353     -23.296493349374238     279.4385670841441     5:44
402000     803.9999999948117     -2.330776688573708     281.8521747119142     5:42
402500     804.999999994788     -12.156208456387553     507.9109528204955     5:40
403000     805.9999999947644     -19.3541957002898     301.6810148163018     5:39
403500     806.9999999947407     -14.21857052487249     276.1583937006657     5:37
404000     807.9999999947171     -21.013323062778536     249.16292223346994     5:35
404500     808.9999999946934     -18.306090297136993     295.1437901447575     5:33
405000     809.9999999946698     -32.201435766464236     523.9828011491575     5:32
405500     810.9999999946461     -13.35685713421716     447.40052716319616     5:30
406000     811.9999999946225     -15.520519134239354     264.69685629162956     5:28
406500     812.9999999945989     -27.0773632321549     237.21583724278904     5:26
407000     813.9999999945752     -25.43060763565248     269.7737943011085     5:25
407500     814.9999999945516     -25.677067092057804     250.33314202419172     5:23
408000     815.9999999945279     -29.4987468952891     205.91415987524672     5:21
408500     816.9999999945043     -31.380959549734825     384.9693746344036     5:19
409000     817.9999999944806     -31.462159860276472     281.76545036084286     5:18
409500     818.999999994457     -22.87662142297809     267.17934055499563     5:16
410000     819.9999999944333     -16.757439469379598     233.53767833184486     5:14
410500     820.9999999944097     -21.25540809046405     196.23457412167164     5:13
411000     821.999999994386     -8.32139401125259     212.68777758706045     5:11
411500     822.9999999943624     -22.371672526656706     314.96307928815577     5:09
412000     823.9999999943387     -2.2298763382584657     335.879162402465     5:07
412500     824.9999999943151     -34.547736883124266     338.81142535757834     5:06
413000     825.9999999942914     -25.623499906623636     293.40499258732257     5:04
413500     826.9999999942678     -27.225757562467617     339.0385164050674     5:02
414000     827.9999999942441     -19.78659340826539     226.1035920114728     5:00
414500     828.9999999942205     -34.22692432327627     294.7619322264528     4:59
415000     829.9999999941969     -14.092820050234906     456.8393321351325     4:57
415500     830.9999999941732     -14.808912793175322     337.58369500830923     4:55
416000     831.9999999941496     -25.333446687193018     312.07850373808236     4:53
416500     832.9999999941259     -34.09437567814923     305.1297939865947     4:52
417000     833.9999999941023     -26.671952646250705     236.84507195730436     4:50
417500     834.9999999940786     -20.457904754949297     392.8966001953554     4:48
418000     835.999999994055     -11.008600004144657     359.7088076605991     4:46
418500     836.9999999940313     -14.956861240886324     266.60283870783576     4:45
419000     837.9999999940077     -19.264775772976556     193.04288831161188     4:43
419500     838.999999993984     -7.095574314892705     225.12384276442953     4:41
420000     839.9999999939604     -12.649050975538316     321.85141874686775     4:39
420500     840.9999999939367     13.024446963821546     258.48882579759976     4:38
421000     841.9999999939131     -5.150455802883427     197.38830147906916     4:36
421500     842.9999999938894     -0.5776132219087204     231.23392756213616     4:34
422000     843.9999999938658     -0.43728248508042533     253.7283954961101     4:33
422500     844.9999999938422     -18.754649979595968     385.14746519073515     4:31
423000     845.9999999938185     -12.064779092151271     250.5639541961387     4:29
423500     846.9999999937949     -23.28720364714886     405.30092451031373     4:27
424000     847.9999999937712     -12.431702033664598     412.1974778732578     4:25
424500     848.9999999937476     14.726704909364074     329.2137360553865     4:24
425000     849.9999999937239     -3.995441824581352     244.81904117925657     4:22
425500     850.9999999937003     -19.055007033777944     301.56928357415933     4:20
426000     851.9999999936766     -6.9094837149486     333.41090829380204     4:19
426500     852.999999993653     15.638949176064532     357.73165539856154     4:17
427000     853.9999999936293     6.655853565775619     363.2816721980151     4:15
427500     854.9999999936057     5.175380175614777     361.60059321843005     4:13
428000     855.999999993582     -29.062061691702887     217.61922630247818     4:12
428500     856.9999999935584     -7.4079374023875175     324.0057625321374     4:10
429000     857.9999999935347     -20.486053731009616     267.3972140770405     4:08
429500     858.9999999935111     -10.786103027513484     265.5542392267988     4:07
430000     859.9999999934874     -22.03109128747858     449.97542516788616     4:05
430500     860.9999999934638     4.662397528320134     425.1021389834725     4:03
431000     861.9999999934402     6.066501744259735     270.65232396824837     4:01
431500     862.9999999934165     -16.13114436402057     268.8506519323634     4:00
432000     863.9999999933929     -17.995229974614716     197.268373964675     3:58
432500     864.9999999933692     -29.18358931784474     324.38408442990334     3:56
433000     865.9999999933456     -30.14628116051013     380.9531742343829     3:54
433500     866.9999999933219     -7.809272765974002     320.47014011376433     3:53
434000     867.9999999932983     4.664876868494972     214.39546182877083     3:51
434500     868.9999999932746     -22.002111605689045     436.6931985989488     3:49
435000     869.999999993251     -19.644052139893912     350.0216219107176     3:48
435500     870.9999999932273     -14.794183929651297     280.4951011473608     3:46
436000     871.9999999932037     -17.781177042089265     309.3490405617482     3:44
436500     872.99999999318     -10.356116793318078     276.30038055900127     3:42
437000     873.9999999931564     -24.512889458065814     177.23304313266146     3:41
437500     874.9999999931327     0.006307144795052011     158.91544463310794     3:39
438000     875.9999999931091     -29.460399502248475     386.26423296765097     3:37
438500     876.9999999930855     -18.099795754267188     295.8975299555791     3:36
439000     877.9999999930618     -25.291654605008066     244.28700292273675     3:34
439500     878.9999999930382     -17.45211882738078     278.1192890664731     3:32
440000     879.9999999930145     -31.10352634846067     387.616895295687     3:30
440500     880.9999999929909     -29.54710154108701     324.05103741949233     3:29
441000     881.9999999929672     -33.61520451166653     343.9066189785821     3:27
441500     882.9999999929436     -29.968752178768078     278.88491193920413     3:25
442000     883.9999999929199     -21.175394883817034     193.94293213662283     3:23
442500     884.9999999928963     -34.97809946209428     264.22609972312483     3:22
443000     885.9999999928726     -28.828344470974596     347.8579462618193     3:20
443500     886.999999992849     -16.912460602080913     400.35490359529456     3:18
444000     887.9999999928253     -15.758031367892025     266.3069178657857     3:16
444500     888.9999999928017     -14.147014468598357     351.17475419121797     3:15
445000     889.999999992778     -27.325575190667877     207.12230606858185     3:13
445500     890.9999999927544     -27.52523284490274     239.78875180713297     3:11
446000     891.9999999927307     -25.497528004323534     318.82865746052835     3:09
446500     892.9999999927071     -31.869258742719094     304.4849161095438     3:08
447000     893.9999999926835     -18.984236401717624     328.07182205573434     3:06
447500     894.9999999926598     -17.943521927550858     323.4205069918425     3:04
448000     895.9999999926362     -3.3042637161432413     212.40119617856539     3:02
448500     896.9999999926125     -29.196043715491005     312.2140467459082     3:01
449000     897.9999999925889     -33.86865109706474     259.6386027556773     2:59
449500     898.9999999925652     -22.36795473837312     180.03708645528224     2:57
450000     899.9999999925416     -18.68734983550181     339.1474508029003     2:55
450500     900.9999999925179     -28.253904546386956     286.48441952373736     2:53
451000     901.9999999924943     -26.711947916782417     344.8471078699777     2:52
451500     902.9999999924706     -21.19425697875126     284.98730107896324     2:50
452000     903.999999992447     -23.628296126725836     278.207036212682     2:48
452500     904.9999999924233     -3.8147443460229304     328.92862090346637     2:46
453000     905.9999999923997     -28.727388695380622     246.61628757893152     2:45
453500     906.999999992376     -20.028609006690186     238.55139338015533     2:43
454000     907.9999999923524     -20.229390315623405     318.97919597504597     2:41
454500     908.9999999923288     -10.138286225982162     219.38016615300174     2:39
455000     909.9999999923051     -24.178630733703542     345.3827718675579     2:38
455500     910.9999999922815     -5.179821525206668     320.2651580312623     2:36
456000     911.9999999922578     -3.31210252892103     353.50705748235174     2:34
456500     912.9999999922342     -9.43482870808215     415.4931409052019     2:33
457000     913.9999999922105     -21.087539741522146     511.74119305147804     2:31
457500     914.9999999921869     -13.52654993590868     262.9003289175885     2:29
458000     915.9999999921632     -24.416968941295742     305.5217112207637     2:27
458500     916.9999999921396     -31.3231432037632     350.9657915459823     2:26
459000     917.9999999921159     -31.451407147436274     248.5407446091677     2:24
459500     918.9999999920923     -11.376182116259475     206.26077169813715     2:22
460000     919.9999999920686     -19.643153189357655     380.21932574525107     2:20
460500     920.999999992045     -25.076869693854366     486.78641089310423     2:19
461000     921.9999999920213     -2.1110687158251134     226.55568568573207     2:17
461500     922.9999999919977     -21.794143480966078     198.7108213920208     2:15
462000     923.999999991974     -14.71176619443714     400.23006480054806     2:13
462500     924.9999999919504     6.579915591473892     429.9051965905178     2:12
463000     925.9999999919268     -24.90732814803149     380.9564623343519     2:10
463500     926.9999999919031     -19.39435119016742     264.0439464162394     2:08
464000     927.9999999918795     -14.59969926527181     284.9650131971694     2:06
464500     928.9999999918558     -24.70996541754586     352.8894435949006     2:05
465000     929.9999999918322     -20.26818053733985     210.61479265239296     2:03
465500     930.9999999918085     -21.254062126144518     238.36861901266835     2:01
466000     931.9999999917849     -21.788559592295567     323.3808972791625     1:59
466500     932.9999999917612     -18.061473282069965     270.7138856906648     1:58
467000     933.9999999917376     -20.117379635127126     280.9374103807336     1:56
467500     934.9999999917139     -23.01040911732115     267.61412274315654     1:54
468000     935.9999999916903     -27.506184801297035     240.57724648757997     1:52
468500     936.9999999916666     -11.859470670318249     245.42996029330837     1:51
469000     937.999999991643     -18.103362444974962     220.65454011137294     1:49
469500     938.9999999916193     -32.44040043391165     378.87777197376744     1:47
470000     939.9999999915957     -21.994846461635287     358.50163037562885     1:45
470500     940.999999991572     -23.7550678069892     203.84908744420343     1:43
471000     941.9999999915484     2.1955072890298206     255.07347137522862     1:42
471500     942.9999999915248     -11.01992412941447     385.294884185041     1:40
472000     943.9999999915011     -29.1044945594835     215.60956144591762     1:38
472500     944.9999999914775     -28.33698613172759     239.354469754684     1:36
473000     945.9999999914538     -20.44883670321981     319.95522809470003     1:35
473500     946.9999999914302     -26.20035308647684     173.26938924708588     1:33
474000     947.9999999914065     -32.969943285009165     258.6632119678701     1:31
474500     948.9999999913829     -15.97708429592837     161.06104809955016     1:29
475000     949.9999999913592     -20.181714724913096     323.85036157467266     1:28
475500     950.9999999913356     -0.48491409843037037     323.5645240560346     1:26
476000     951.9999999913119     5.435618292486244     471.9105570243535     1:24
476500     952.9999999912883     -14.994294808120715     212.90694189343554     1:22
477000     953.9999999912646     -24.771542762706474     372.21209147434104     1:21
477500     954.999999991241     -18.77218958143219     267.90475887282713     1:19
478000     955.9999999912174     -28.717059199159774     312.51145479269405     1:17
478500     956.9999999911937     -25.362319429673686     233.16862704931788     1:15
479000     957.9999999911701     -35.474469007793104     265.65975907297803     1:14
479500     958.9999999911464     -35.38630280372472     337.32009691754655     1:12
480000     959.9999999911228     -7.85562673323046     340.9526608389861     1:10
480500     960.9999999910991     -18.509789509957848     261.75687999349816     1:08
481000     961.9999999910755     -28.067336300557756     322.46700078277405     1:06
481500     962.9999999910518     -26.17779060286642     332.08616304111615     1:05
482000     963.9999999910282     -12.595489587731173     311.1695460654853     1:03
482500     964.9999999910045     -3.785946701743658     229.82423770429102     1:01
483000     965.9999999909809     -32.47639007649969     354.99138224918585     0:59
483500     966.9999999909572     -23.103755655828028     426.43398048466116     0:58
484000     967.9999999909336     -14.283847156532403     259.5798449339114     0:56
484500     968.9999999909099     -15.134841352833167     268.7649069986776     0:54
485000     969.9999999908863     -19.35675622327543     346.3686316250681     0:52
485500     970.9999999908626     2.3001486905630593     282.32540232740166     0:51
486000     971.999999990839     -29.66706229641449     520.7511142050956     0:49
486500     972.9999999908154     2.5865173068619542     374.70847045067575     0:47
487000     973.9999999907917     -15.018775780008333     404.41706514154083     0:45
487500     974.9999999907681     -22.833585017940383     279.85180628547715     0:43
488000     975.9999999907444     -17.586814474745406     352.1990535954874     0:42
488500     976.9999999907208     1.6243315973553982     299.2983072884709     0:40
489000     977.9999999906971     -0.7090232782596102     252.84272161431025     0:38
489500     978.9999999906735     -22.661418113459842     372.55744266991627     0:36
490000     979.9999999906498     -11.109589948263912     334.7655162789995     0:35
490500     980.9999999906262     -5.585008546601209     329.19109067158024     0:33
491000     981.9999999906025     -12.372611489692385     268.6813054369547     0:31
491500     982.9999999905789     -2.0568592454708337     254.16412456732573     0:29
492000     983.9999999905552     -1.7822166545963158     298.48777564415326     0:28
492500     984.9999999905316     8.971885819158183     199.99563155944233     0:26
493000     985.999999990508     -5.947931084278121     321.4050806397536     0:24
493500     986.9999999904843     -15.816063556498259     381.0854868437007     0:22
494000     987.9999999904607     -2.2938563773399316     308.08810075262284     0:21
494500     988.999999990437     -16.409465560823968     247.50250199588035     0:19
495000     989.9999999904134     -12.781088680199534     261.4947692483856     0:17
495500     990.9999999903897     -4.352950540099726     256.08959724724997     0:15
496000     991.9999999903661     -23.257002012239607     438.52718640630786     0:14
496500     992.9999999903424     -9.277251313453903     115.85972659838205     0:12
497000     993.9999999903188     -28.193678427162013     304.4832204910447     0:10
497500     994.9999999902951     -19.99553227094412     203.07942993980149     0:08
498000     995.9999999902715     -28.052024199832022     292.3772675730714     0:07
498500     996.9999999902478     -23.358749625074502     341.75531970898305     0:05
499000     997.9999999902242     -14.18959522031313     256.8508764878499     0:03
499500     998.9999999902005     -13.117585671495792     329.9607964029511     0:01
500000     999.9999999901769     -11.997124380129662     299.969868293552     0:00
